172.0.0.12 - - [19/June/2018:14:31:55 +0000] http "GET /foo?query=t HTTP/1.0" 200 2133 "-" "KeepAliveClient" "-" 1.005 1.854
172.0.0.12 - - [19/June/2018:14:31:56 +0000] http "GET /foo?query=t HTTP/1.0" 200 2133 "-" "KeepAliveClient" "-" 1.005 1.854
172.0.0.12 - - [19/June/2018:14:31:57 +0000] http "GET /foo?query=t HTTP/1.0" 200 2133 "-" "KeepAliveClient" "-" 1.005 1.854
172.0.0.12 - - [19/June/2018:14:31:59 +0000] http "GET /foo?query=t HTTP/1.0" 200 2133 "-" "KeepAliveClient" "-" 1.005 1.854
172.0.0.12 - - [19/June/2018:14:31:59 +0000] http "GET /foo?query=t HTTP/1.0" 200 2133 "-" "KeepAliveClient" "-" 1.005 1.854
172.0.0.12 - - [19/June/2018:14:32:01 +0000] http "GET /foo?query=t HTTP/1.0" 200 2133 "-" "KeepAliveClient" "-" 1.005 1.854
172.0.0.12 - - [19/June/2018:14:32:01 +0000] http "GET /foo?query=t HTTP/1.0" 200 2133 "-" "KeepAliveClient" "-" 1.005 1.854
172.0.0.12 - - [19/June/2018:14:32:01 +0000] http "GET /foo?query=t HTTP/1.0" 200 2133 "-" "KeepAliveClient" "-" 1.005 1.854
172.0.0.12 - - [19/June/2018:14:32:03 +0000] http "GET /foo?query=t HTTP/1.0" 200 2133 "-" "KeepAliveClient" "-" 1.005 1.854
172.0.0.12 - - [19/June/2018:14:32:03 +0000] http "GET /foo?query=t HTTP/1.0" 200 2133 "-" "KeepAliveClient" "-" 1.005 1.854
172.0.0.12 - - [19/June/2018:14:32:04 +0000] http "GET /foo?query=t HTTP/1.0" 200 2133 "-" "KeepAliveClient" "-" 1.005 1.854
172.0.0.12 - - [19/June/2018:14:32:05 +0000] http "GET /foo?query=t HTTP/1.0" 200 2133 "-" "KeepAliveClient" "-" 1.005 1.854
172.0.0.12 - - [19/June/2018:14:32:05 +0000] http "GET /foo?query=t HTTP/1.0" 200 2133 "-" "KeepAliveClient" "-" 1.005 1.854
172.0.0.12 - - [19/June/2018:14:32:06 +0000] http "GET /foo?query=t HTTP/1.0" 200 2133 "-" "KeepAliveClient" "-" 1.005 1.854
172.0.0.12 - - [19/June/2018:14:32:07 +0000] http "GET /foo?query=t HTTP/1.0" 200 2133 "-" "KeepAliveClient" "-" 1.005 1.854
172.0.0.12 - - [19/June/2018:14:32:08 +0000] http "GET /foo?query=t HTTP/1.0" 200 2133 "-" "KeepAliveClient" "-" 1.005 1.854
172.0.0.12 - - [19/June/2018:14:32:10 +0000] http "GET /foo?query=t HTTP/1.0" 200 2133 "-" "KeepAliveClient" "-" 1.005 1.854
172.0.0.12 - - [19/June/2018:14:32:10 +0000] http "GET /foo?query=t HTTP/1.0" 200 2133 "-" "KeepAliveClient" "-" 1.005 1.854
172.0.0.12 - - [19/June/2018:14:32:12 +0000] http "GET /foo?query=t HTTP/1.0" 200 2133 "-" "KeepAliveClient" "-" 1.005 1.854
172.0.0.12 - - [19/June/2018:14:32:12 +0000] http "GET /foo?query=t HTTP/1.0" 200 2133 "-" "KeepAliveClient" "-" 1.005 1.854
172.0.0.12 - - [19/June/2018:14:32:14 +0000] http "GET /foo?query=t HTTP/1.0" 200 2133 "-" "KeepAliveClient" "-" 1.005 1.854
172.0.0.12 - - [19/June/2018:14:32:14 +0000] http "GET /foo?query=t HTTP/1.0" 200 2133 "-" "KeepAliveClient" "-" 1.005 1.854
172.0.0.12 - - [19/June/2018:14:32:15 +0000] http "GET /foo?query=t HTTP/1.0" 200 2133 "-" "KeepAliveClient" "-" 1.005 1.854
172.0.0.12 - - [19/June/2018:14:32:17 +0000] http "GET /foo?query=t HTTP/1.0" 200 2133 "-" "KeepAliveClient" "-" 1.005 1.854
172.0.0.12 - - [19/June/2018:14:32:18 +0000] http "GET /foo?query=t HTTP/1.0" 200 2133 "-" "KeepAliveClient" "-" 1.005 1.854
172.0.0.12 - - [19/June/2018:14:32:18 +0000] http "GET /foo?query=t HTTP/1.0" 200 2133 "-" "KeepAliveClient" "-" 1.005 1.854
172.0.0.12 - - [19/June/2018:14:32:19 +0000] http "GET /foo?query=t HTTP/1.0" 200 2133 "-" "KeepAliveClient" "-" 1.005 1.854
172.0.0.12 - - [19/June/2018:14:32:20 +0000] http "GET /foo?query=t HTTP/1.0" 200 2133 "-" "KeepAliveClient" "-" 1.005 1.854
172.0.0.12 - - [19/June/2018:14:32:21 +0000] http "GET /foo?query=t HTTP/1.0" 200 2133 "-" "KeepAliveClient" "-" 1.005 1.854
172.0.0.12 - - [19/June/2018:14:32:22 +0000] http "GET /foo?query=t HTTP/1.0" 200 2133 "-" "KeepAliveClient" "-" 1.005 1.854
172.0.0.12 - - [19/June/2018:14:32:23 +0000] http "GET /foo?query=t HTTP/1.0" 200 2133 "-" "KeepAliveClient" "-" 1.005 1.854
172.0.0.12 - - [19/June/2018:14:32:23 +0000] http "GET /foo?query=t HTTP/1.0" 200 2133 "-" "KeepAliveClient" "-" 1.005 1.854
172.0.0.12 - - [19/June/2018:14:32:24 +0000] http "GET /foo?query=t HTTP/1.0" 200 2133 "-" "KeepAliveClient" "-" 1.005 1.854
172.0.0.12 - - [19/June/2018:14:32:25 +0000] http "GET /foo?query=t HTTP/1.0" 200 2133 "-" "KeepAliveClient" "-" 1.005 1.854
172.0.0.12 - - [19/June/2018:14:32:26 +0000] http "GET /foo?query=t HTTP/1.0" 200 2133 "-" "KeepAliveClient" "-" 1.005 1.854
172.0.0.12 - - [19/June/2018:14:32:28 +0000] http "GET /foo?query=t HTTP/1.0" 200 2133 "-" "KeepAliveClient" "-" 1.005 1.854
172.0.0.12 - - [19/June/2018:14:32:29 +0000] http "GET /foo?query=t HTTP/1.0" 200 2133 "-" "KeepAliveClient" "-" 1.005 1.854
172.0.0.12 - - [19/June/2018:14:32:30 +0000] http "GET /foo?query=t HTTP/1.0" 200 2133 "-" "KeepAliveClient" "-" 1.005 1.854
172.0.0.12 - - [19/June/2018:14:32:31 +0000] http "GET /foo?query=t HTTP/1.0" 200 2133 "-" "KeepAliveClient" "-" 1.005 1.854
172.0.0.12 - - [19/June/2018:14:32:32 +0000] http "GET /foo?query=t HTTP/1.0" 200 2133 "-" "KeepAliveClient" "-" 1.005 1.854
172.0.0.12 - - [19/June/2018:14:32:33 +0000] http "GET /foo?query=t HTTP/1.0" 200 2133 "-" "KeepAliveClient" "-" 1.005 1.854
172.0.0.12 - - [19/June/2018:14:32:34 +0000] http "GET /foo?query=t HTTP/1.0" 200 2133 "-" "KeepAliveClient" "-" 1.005 1.854
172.0.0.12 - - [19/June/2018:14:32:35 +0000] http "GET /foo?query=t HTTP/1.0" 200 2133 "-" "KeepAliveClient" "-" 1.005 1.854
172.0.0.12 - - [19/June/2018:14:32:36 +0000] http "GET /foo?query=t HTTP/1.0" 200 2133 "-" "KeepAliveClient" "-" 1.005 1.854
172.0.0.12 - - [19/June/2018:14:32:37 +0000] http "GET /foo?query=t HTTP/1.0" 200 2133 "-" "KeepAliveClient" "-" 1.005 1.854
172.0.0.12 - - [19/June/2018:14:32:38 +0000] http "GET /foo?query=t HTTP/1.0" 200 2133 "-" "KeepAliveClient" "-" 1.005 1.854
172.0.0.12 - - [19/June/2018:14:32:39 +0000] http "GET /foo?query=t HTTP/1.0" 200 2133 "-" "KeepAliveClient" "-" 1.005 1.854
172.0.0.12 - - [19/June/2018:14:32:40 +0000] http "GET /foo?query=t HTTP/1.0" 200 2133 "-" "KeepAliveClient" "-" 1.005 1.854
172.0.0.12 - - [19/June/2018:14:32:42 +0000] http "GET /foo?query=t HTTP/1.0" 200 2133 "-" "KeepAliveClient" "-" 1.005 1.854
172.0.0.12 - - [19/June/2018:14:32:43 +0000] http "GET /foo?query=t HTTP/1.0" 200 2133 "-" "KeepAliveClient" "-" 1.005 1.854
172.0.0.12 - - [19/June/2018:14:32:45 +0000] http "GET /foo?query=t HTTP/1.0" 200 2133 "-" "KeepAliveClient" "-" 1.005 1.854
172.0.0.12 - - [19/June/2018:14:32:45 +0000] http "GET /foo?query=t HTTP/1.0" 200 2133 "-" "KeepAliveClient" "-" 1.005 1.854
172.0.0.12 - - [19/June/2018:14:32:46 +0000] http "GET /foo?query=t HTTP/1.0" 200 2133 "-" "KeepAliveClient" "-" 1.005 1.854
172.0.0.12 - - [19/June/2018:14:32:48 +0000] http "GET /foo?query=t HTTP/1.0" 200 2133 "-" "KeepAliveClient" "-" 1.005 1.854
172.0.0.12 - - [19/June/2018:14:32:48 +0000] http "GET /foo?query=t HTTP/1.0" 200 2133 "-" "KeepAliveClient" "-" 1.005 1.854
172.0.0.12 - - [19/June/2018:14:32:48 +0000] http "GET /foo?query=t HTTP/1.0" 200 2133 "-" "KeepAliveClient" "-" 1.005 1.854
172.0.0.12 - - [19/June/2018:14:32:49 +0000] http "GET /foo?query=t HTTP/1.0" 200 2133 "-" "KeepAliveClient" "-" 1.005 1.854
172.0.0.12 - - [19/June/2018:14:32:51 +0000] http "GET /foo?query=t HTTP/1.0" 200 2133 "-" "KeepAliveClient" "-" 1.005 1.854
172.0.0.12 - - [19/June/2018:14:32:51 +0000] http "GET /foo?query=t HTTP/1.0" 200 2133 "-" "KeepAliveClient" "-" 1.005 1.854
172.0.0.12 - - [19/June/2018:14:32:52 +0000] http "GET /foo?query=t HTTP/1.0" 200 2133 "-" "KeepAliveClient" "-" 1.005 1.854
172.0.0.12 - - [19/June/2018:14:32:54 +0000] http "GET /foo?query=t HTTP/1.0" 200 2133 "-" "KeepAliveClient" "-" 1.005 1.854
172.0.0.12 - - [19/June/2018:14:32:55 +0000] http "GET /foo?query=t HTTP/1.0" 200 2133 "-" "KeepAliveClient" "-" 1.005 1.854
172.0.0.12 - - [19/June/2018:14:32:55 +0000] http "GET /foo?query=t HTTP/1.0" 200 2133 "-" "KeepAliveClient" "-" 1.005 1.854
172.0.0.12 - - [19/June/2018:14:32:57 +0000] http "GET /foo?query=t HTTP/1.0" 200 2133 "-" "KeepAliveClient" "-" 1.005 1.854
172.0.0.12 - - [19/June/2018:14:32:57 +0000] http "GET /foo?query=t HTTP/1.0" 200 2133 "-" "KeepAliveClient" "-" 1.005 1.854
172.0.0.12 - - [19/June/2018:14:32:58 +0000] http "GET /foo?query=t HTTP/1.0" 200 2133 "-" "KeepAliveClient" "-" 1.005 1.854
172.0.0.12 - - [19/June/2018:14:32:58 +0000] http "GET /foo?query=t HTTP/1.0" 200 2133 "-" "KeepAliveClient" "-" 1.005 1.854
172.0.0.12 - - [19/June/2018:14:32:58 +0000] http "GET /foo?query=t HTTP/1.0" 200 2133 "-" "KeepAliveClient" "-" 1.005 1.854
172.0.0.12 - - [19/June/2018:14:32:59 +0000] http "GET /foo?query=t HTTP/1.0" 200 2133 "-" "KeepAliveClient" "-" 1.005 1.854
172.0.0.12 - - [19/June/2018:14:32:59 +0000] http "GET /foo?query=t HTTP/1.0" 200 2133 "-" "KeepAliveClient" "-" 1.005 1.854
172.0.0.12 - - [19/June/2018:14:33:00 +0000] http "GET /foo?query=t HTTP/1.0" 200 2133 "-" "KeepAliveClient" "-" 1.005 1.854
172.0.0.12 - - [19/June/2018:14:33:01 +0000] http "GET /foo?query=t HTTP/1.0" 200 2133 "-" "KeepAliveClient" "-" 1.005 1.854
172.0.0.12 - - [19/June/2018:14:33:01 +0000] http "GET /foo?query=t HTTP/1.0" 200 2133 "-" "KeepAliveClient" "-" 1.005 1.854
172.0.0.12 - - [19/June/2018:14:33:03 +0000] http "GET /foo?query=t HTTP/1.0" 200 2133 "-" "KeepAliveClient" "-" 1.005 1.854
172.0.0.12 - - [19/June/2018:14:33:04 +0000] http "GET /foo?query=t HTTP/1.0" 200 2133 "-" "KeepAliveClient" "-" 1.005 1.854
172.0.0.12 - - [19/June/2018:14:33:05 +0000] http "GET /foo?query=t HTTP/1.0" 200 2133 "-" "KeepAliveClient" "-" 1.005 1.854
172.0.0.12 - - [19/June/2018:14:33:07 +0000] http "GET /foo?query=t HTTP/1.0" 200 2133 "-" "KeepAliveClient" "-" 1.005 1.854
172.0.0.12 - - [19/June/2018:14:33:07 +0000] http "GET /foo?query=t HTTP/1.0" 200 2133 "-" "KeepAliveClient" "-" 1.005 1.854
172.0.0.12 - - [19/June/2018:14:33:09 +0000] http "GET /foo?query=t HTTP/1.0" 200 2133 "-" "KeepAliveClient" "-" 1.005 1.854
172.0.0.12 - - [19/June/2018:14:33:09 +0000] http "GET /foo?query=t HTTP/1.0" 200 2133 "-" "KeepAliveClient" "-" 1.005 1.854
172.0.0.12 - - [19/June/2018:14:33:09 +0000] http "GET /foo?query=t HTTP/1.0" 200 2133 "-" "KeepAliveClient" "-" 1.005 1.854
172.0.0.12 - - [19/June/2018:14:33:10 +0000] http "GET /foo?query=t HTTP/1.0" 200 2133 "-" "KeepAliveClient" "-" 1.005 1.854
172.0.0.12 - - [19/June/2018:14:33:12 +0000] http "GET /foo?query=t HTTP/1.0" 200 2133 "-" "KeepAliveClient" "-" 1.005 1.854
172.0.0.12 - - [19/June/2018:14:33:13 +0000] http "GET /foo?query=t HTTP/1.0" 200 2133 "-" "KeepAliveClient" "-" 1.005 1.854
172.0.0.12 - - [19/June/2018:14:33:14 +0000] http "GET /foo?query=t HTTP/1.0" 200 2133 "-" "KeepAliveClient" "-" 1.005 1.854
172.0.0.12 - - [19/June/2018:14:33:15 +0000] http "GET /foo?query=t HTTP/1.0" 200 2133 "-" "KeepAliveClient" "-" 1.005 1.854
172.0.0.12 - - [19/June/2018:14:33:17 +0000] http "GET /foo?query=t HTTP/1.0" 200 2133 "-" "KeepAliveClient" "-" 1.005 1.854
172.0.0.12 - - [19/June/2018:14:33:17 +0000] http "GET /foo?query=t HTTP/1.0" 200 2133 "-" "KeepAliveClient" "-" 1.005 1.854
172.0.0.12 - - [19/June/2018:14:33:18 +0000] http "GET /foo?query=t HTTP/1.0" 200 2133 "-" "KeepAliveClient" "-" 1.005 1.854
172.0.0.12 - - [19/June/2018:14:33:18 +0000] http "GET /foo?query=t HTTP/1.0" 200 2133 "-" "KeepAliveClient" "-" 1.005 1.854
172.0.0.12 - - [19/June/2018:14:33:20 +0000] http "GET /foo?query=t HTTP/1.0" 200 2133 "-" "KeepAliveClient" "-" 1.005 1.854
172.0.0.12 - - [19/June/2018:14:33:22 +0000] http "GET /foo?query=t HTTP/1.0" 200 2133 "-" "KeepAliveClient" "-" 1.005 1.854
172.0.0.12 - - [19/June/2018:14:33:22 +0000] http "GET /foo?query=t HTTP/1.0" 200 2133 "-" "KeepAliveClient" "-" 1.005 1.854
172.0.0.12 - - [19/June/2018:14:33:23 +0000] http "GET /foo?query=t HTTP/1.0" 200 2133 "-" "KeepAliveClient" "-" 1.005 1.854
172.0.0.12 - - [19/June/2018:14:33:23 +0000] http "GET /foo?query=t HTTP/1.0" 200 2133 "-" "KeepAliveClient" "-" 1.005 1.854
172.0.0.12 - - [19/June/2018:14:33:23 +0000] http "GET /foo?query=t HTTP/1.0" 200 2133 "-" "KeepAliveClient" "-" 1.005 1.854
172.0.0.12 - - [19/June/2018:14:33:25 +0000] http "GET /foo?query=t HTTP/1.0" 200 2133 "-" "KeepAliveClient" "-" 1.005 1.854
172.0.0.12 - - [19/June/2018:14:33:25 +0000] http "GET /foo?query=t HTTP/1.0" 200 2133 "-" "KeepAliveClient" "-" 1.005 1.854
172.0.0.12 - - [19/June/2018:14:33:25 +0000] http "GET /foo?query=t HTTP/1.0" 200 2133 "-" "KeepAliveClient" "-" 1.005 1.854
172.0.0.12 - - [19/June/2018:14:33:27 +0000] http "GET /foo?query=t HTTP/1.0" 200 2133 "-" "KeepAliveClient" "-" 1.005 1.854
172.0.0.12 - - [19/June/2018:14:33:28 +0000] http "GET /foo?query=t HTTP/1.0" 200 2133 "-" "KeepAliveClient" "-" 1.005 1.854
172.0.0.12 - - [19/June/2018:14:33:29 +0000] http "GET /foo?query=t HTTP/1.0" 200 2133 "-" "KeepAliveClient" "-" 1.005 1.854
172.0.0.12 - - [19/June/2018:14:33:30 +0000] http "GET /foo?query=t HTTP/1.0" 200 2133 "-" "KeepAliveClient" "-" 1.005 1.854
172.0.0.12 - - [19/June/2018:14:33:32 +0000] http "GET /foo?query=t HTTP/1.0" 200 2133 "-" "KeepAliveClient" "-" 1.005 1.854
172.0.0.12 - - [19/June/2018:14:33:33 +0000] http "GET /foo?query=t HTTP/1.0" 200 2133 "-" "KeepAliveClient" "-" 1.005 1.854
172.0.0.12 - - [19/June/2018:14:33:34 +0000] http "GET /foo?query=t HTTP/1.0" 200 2133 "-" "KeepAliveClient" "-" 1.005 1.854
172.0.0.12 - - [19/June/2018:14:33:35 +0000] http "GET /foo?query=t HTTP/1.0" 200 2133 "-" "KeepAliveClient" "-" 1.005 1.854
172.0.0.12 - - [19/June/2018:14:33:35 +0000] http "GET /foo?query=t HTTP/1.0" 200 2133 "-" "KeepAliveClient" "-" 1.005 1.854
172.0.0.12 - - [19/June/2018:14:33:36 +0000] http "GET /foo?query=t HTTP/1.0" 200 2133 "-" "KeepAliveClient" "-" 1.005 1.854
172.0.0.12 - - [19/June/2018:14:33:37 +0000] http "GET /foo?query=t HTTP/1.0" 200 2133 "-" "KeepAliveClient" "-" 1.005 1.854
172.0.0.12 - - [19/June/2018:14:33:39 +0000] http "GET /foo?query=t HTTP/1.0" 200 2133 "-" "KeepAliveClient" "-" 1.005 1.854
172.0.0.12 - - [19/June/2018:14:33:40 +0000] http "GET /foo?query=t HTTP/1.0" 200 2133 "-" "KeepAliveClient" "-" 1.005 1.854
172.0.0.12 - - [19/June/2018:14:33:42 +0000] http "GET /foo?query=t HTTP/1.0" 200 2133 "-" "KeepAliveClient" "-" 1.005 1.854
172.0.0.12 - - [19/June/2018:14:33:42 +0000] http "GET /foo?query=t HTTP/1.0" 200 2133 "-" "KeepAliveClient" "-" 1.005 1.854
172.0.0.12 - - [19/June/2018:14:33:42 +0000] http "GET /foo?query=t HTTP/1.0" 200 2133 "-" "KeepAliveClient" "-" 1.005 1.854
172.0.0.12 - - [19/June/2018:14:33:44 +0000] http "GET /foo?query=t HTTP/1.0" 200 2133 "-" "KeepAliveClient" "-" 1.005 1.854
172.0.0.12 - - [19/June/2018:14:33:45 +0000] http "GET /foo?query=t HTTP/1.0" 200 2133 "-" "KeepAliveClient" "-" 1.005 1.854
172.0.0.12 - - [19/June/2018:14:33:46 +0000] http "GET /foo?query=t HTTP/1.0" 200 2133 "-" "KeepAliveClient" "-" 1.005 1.854
172.0.0.12 - - [19/June/2018:14:33:47 +0000] http "GET /foo?query=t HTTP/1.0" 200 2133 "-" "KeepAliveClient" "-" 1.005 1.854
172.0.0.12 - - [19/June/2018:14:33:49 +0000] http "GET /foo?query=t HTTP/1.0" 200 2133 "-" "KeepAliveClient" "-" 1.005 1.854
172.0.0.12 - - [19/June/2018:14:33:49 +0000] http "GET /foo?query=t HTTP/1.0" 200 2133 "-" "KeepAliveClient" "-" 1.005 1.854
172.0.0.12 - - [19/June/2018:14:33:50 +0000] http "GET /foo?query=t HTTP/1.0" 200 2133 "-" "KeepAliveClient" "-" 1.005 1.854
172.0.0.12 - - [19/June/2018:14:33:50 +0000] http "GET /foo?query=t HTTP/1.0" 200 2133 "-" "KeepAliveClient" "-" 1.005 1.854
172.0.0.12 - - [19/June/2018:14:33:52 +0000] http "GET /foo?query=t HTTP/1.0" 200 2133 "-" "KeepAliveClient" "-" 1.005 1.854
172.0.0.12 - - [19/June/2018:14:33:52 +0000] http "GET /foo?query=t HTTP/1.0" 200 2133 "-" "KeepAliveClient" "-" 1.005 1.854
172.0.0.12 - - [19/June/2018:14:33:53 +0000] http "GET /foo?query=t HTTP/1.0" 200 2133 "-" "KeepAliveClient" "-" 1.005 1.854
172.0.0.12 - - [19/June/2018:14:33:54 +0000] http "GET /foo?query=t HTTP/1.0" 200 2133 "-" "KeepAliveClient" "-" 1.005 1.854
172.0.0.12 - - [19/June/2018:14:33:55 +0000] http "GET /foo?query=t HTTP/1.0" 200 2133 "-" "KeepAliveClient" "-" 1.005 1.854
172.0.0.12 - - [19/June/2018:14:33:57 +0000] http "GET /foo?query=t HTTP/1.0" 200 2133 "-" "KeepAliveClient" "-" 1.005 1.854
172.0.0.12 - - [19/June/2018:14:33:57 +0000] http "GET /foo?query=t HTTP/1.0" 200 2133 "-" "KeepAliveClient" "-" 1.005 1.854
172.0.0.12 - - [19/June/2018:14:33:58 +0000] http "GET /foo?query=t HTTP/1.0" 200 2133 "-" "KeepAliveClient" "-" 1.005 1.854
172.0.0.12 - - [19/June/2018:14:34:00 +0000] http "GET /foo?query=t HTTP/1.0" 200 2133 "-" "KeepAliveClient" "-" 1.005 1.854
172.0.0.12 - - [19/June/2018:14:34:00 +0000] http "GET /foo?query=t HTTP/1.0" 200 2133 "-" "KeepAliveClient" "-" 1.005 1.854
172.0.0.12 - - [19/June/2018:14:34:01 +0000] http "GET /foo?query=t HTTP/1.0" 200 2133 "-" "KeepAliveClient" "-" 1.005 1.854
172.0.0.12 - - [19/June/2018:14:34:02 +0000] http "GET /foo?query=t HTTP/1.0" 200 2133 "-" "KeepAliveClient" "-" 1.005 1.854
172.0.0.12 - - [19/June/2018:14:34:03 +0000] http "GET /foo?query=t HTTP/1.0" 200 2133 "-" "KeepAliveClient" "-" 1.005 1.854
172.0.0.12 - - [19/June/2018:14:34:04 +0000] http "GET /foo?query=t HTTP/1.0" 200 2133 "-" "KeepAliveClient" "-" 1.005 1.854
172.0.0.12 - - [19/June/2018:14:34:05 +0000] http "GET /foo?query=t HTTP/1.0" 200 2133 "-" "KeepAliveClient" "-" 1.005 1.854
172.0.0.12 - - [19/June/2018:14:34:06 +0000] http "GET /foo?query=t HTTP/1.0" 200 2133 "-" "KeepAliveClient" "-" 1.005 1.854
172.0.0.12 - - [19/June/2018:14:34:06 +0000] http "GET /foo?query=t HTTP/1.0" 200 2133 "-" "KeepAliveClient" "-" 1.005 1.854
172.0.0.12 - - [19/June/2018:14:34:07 +0000] http "GET /foo?query=t HTTP/1.0" 200 2133 "-" "KeepAliveClient" "-" 1.005 1.854
172.0.0.12 - - [19/June/2018:14:34:07 +0000] http "GET /foo?query=t HTTP/1.0" 200 2133 "-" "KeepAliveClient" "-" 1.005 1.854
172.0.0.12 - - [19/June/2018:14:34:08 +0000] http "GET /foo?query=t HTTP/1.0" 200 2133 "-" "KeepAliveClient" "-" 1.005 1.854
172.0.0.12 - - [19/June/2018:14:34:10 +0000] http "GET /foo?query=t HTTP/1.0" 200 2133 "-" "KeepAliveClient" "-" 1.005 1.854
172.0.0.12 - - [19/June/2018:14:34:11 +0000] http "GET /foo?query=t HTTP/1.0" 200 2133 "-" "KeepAliveClient" "-" 1.005 1.854
172.0.0.12 - - [19/June/2018:14:34:13 +0000] http "GET /foo?query=t HTTP/1.0" 200 2133 "-" "KeepAliveClient" "-" 1.005 1.854
172.0.0.12 - - [19/June/2018:14:34:13 +0000] http "GET /foo?query=t HTTP/1.0" 200 2133 "-" "KeepAliveClient" "-" 1.005 1.854
172.0.0.12 - - [19/June/2018:14:34:14 +0000] http "GET /foo?query=t HTTP/1.0" 200 2133 "-" "KeepAliveClient" "-" 1.005 1.854
172.0.0.12 - - [19/June/2018:14:34:15 +0000] http "GET /foo?query=t HTTP/1.0" 200 2133 "-" "KeepAliveClient" "-" 1.005 1.854
172.0.0.12 - - [19/June/2018:14:34:17 +0000] http "GET /foo?query=t HTTP/1.0" 200 2133 "-" "KeepAliveClient" "-" 1.005 1.854
172.0.0.12 - - [19/June/2018:14:34:17 +0000] http "GET /foo?query=t HTTP/1.0" 200 2133 "-" "KeepAliveClient" "-" 1.005 1.854
172.0.0.12 - - [19/June/2018:14:34:18 +0000] http "GET /foo?query=t HTTP/1.0" 200 2133 "-" "KeepAliveClient" "-" 1.005 1.854
172.0.0.12 - - [19/June/2018:14:34:18 +0000] http "GET /foo?query=t HTTP/1.0" 200 2133 "-" "KeepAliveClient" "-" 1.005 1.854
172.0.0.12 - - [19/June/2018:14:34:18 +0000] http "GET /foo?query=t HTTP/1.0" 200 2133 "-" "KeepAliveClient" "-" 1.005 1.854
172.0.0.12 - - [19/June/2018:14:34:19 +0000] http "GET /foo?query=t HTTP/1.0" 200 2133 "-" "KeepAliveClient" "-" 1.005 1.854
172.0.0.12 - - [19/June/2018:14:34:19 +0000] http "GET /foo?query=t HTTP/1.0" 200 2133 "-" "KeepAliveClient" "-" 1.005 1.854
172.0.0.12 - - [19/June/2018:14:34:19 +0000] http "GET /foo?query=t HTTP/1.0" 200 2133 "-" "KeepAliveClient" "-" 1.005 1.854
172.0.0.12 - - [19/June/2018:14:34:20 +0000] http "GET /foo?query=t HTTP/1.0" 200 2133 "-" "KeepAliveClient" "-" 1.005 1.854
172.0.0.12 - - [19/June/2018:14:34:21 +0000] http "GET /foo?query=t HTTP/1.0" 200 2133 "-" "KeepAliveClient" "-" 1.005 1.854
172.0.0.12 - - [19/June/2018:14:34:22 +0000] http "GET /foo?query=t HTTP/1.0" 200 2133 "-" "KeepAliveClient" "-" 1.005 1.854
172.0.0.12 - - [19/June/2018:14:34:23 +0000] http "GET /foo?query=t HTTP/1.0" 200 2133 "-" "KeepAliveClient" "-" 1.005 1.854
172.0.0.12 - - [19/June/2018:14:34:24 +0000] http "GET /foo?query=t HTTP/1.0" 200 2133 "-" "KeepAliveClient" "-" 1.005 1.854
172.0.0.12 - - [19/June/2018:14:34:26 +0000] http "GET /foo?query=t HTTP/1.0" 200 2133 "-" "KeepAliveClient" "-" 1.005 1.854
172.0.0.12 - - [19/June/2018:14:34:27 +0000] http "GET /foo?query=t HTTP/1.0" 200 2133 "-" "KeepAliveClient" "-" 1.005 1.854
172.0.0.12 - - [19/June/2018:14:34:28 +0000] http "GET /foo?query=t HTTP/1.0" 200 2133 "-" "KeepAliveClient" "-" 1.005 1.854
172.0.0.12 - - [19/June/2018:14:34:28 +0000] http "GET /foo?query=t HTTP/1.0" 200 2133 "-" "KeepAliveClient" "-" 1.005 1.854
172.0.0.12 - - [19/June/2018:14:34:28 +0000] http "GET /foo?query=t HTTP/1.0" 200 2133 "-" "KeepAliveClient" "-" 1.005 1.854
172.0.0.12 - - [19/June/2018:14:34:29 +0000] http "GET /foo?query=t HTTP/1.0" 200 2133 "-" "KeepAliveClient" "-" 1.005 1.854
172.0.0.12 - - [19/June/2018:14:34:29 +0000] http "GET /foo?query=t HTTP/1.0" 200 2133 "-" "KeepAliveClient" "-" 1.005 1.854
172.0.0.12 - - [19/June/2018:14:34:30 +0000] http "GET /foo?query=t HTTP/1.0" 200 2133 "-" "KeepAliveClient" "-" 1.005 1.854
172.0.0.12 - - [19/June/2018:14:34:31 +0000] http "GET /foo?query=t HTTP/1.0" 200 2133 "-" "KeepAliveClient" "-" 1.005 1.854
172.0.0.12 - - [19/June/2018:14:34:32 +0000] http "GET /foo?query=t HTTP/1.0" 200 2133 "-" "KeepAliveClient" "-" 1.005 1.854
172.0.0.12 - - [19/June/2018:14:34:33 +0000] http "GET /foo?query=t HTTP/1.0" 200 2133 "-" "KeepAliveClient" "-" 1.005 1.854
172.0.0.12 - - [19/June/2018:14:34:33 +0000] http "GET /foo?query=t HTTP/1.0" 200 2133 "-" "KeepAliveClient" "-" 1.005 1.854
172.0.0.12 - - [19/June/2018:14:34:33 +0000] http "GET /foo?query=t HTTP/1.0" 200 2133 "-" "KeepAliveClient" "-" 1.005 1.854
172.0.0.12 - - [19/June/2018:14:34:34 +0000] http "GET /foo?query=t HTTP/1.0" 200 2133 "-" "KeepAliveClient" "-" 1.005 1.854
172.0.0.12 - - [19/June/2018:14:34:35 +0000] http "GET /foo?query=t HTTP/1.0" 200 2133 "-" "KeepAliveClient" "-" 1.005 1.854
172.0.0.12 - - [19/June/2018:14:34:37 +0000] http "GET /foo?query=t HTTP/1.0" 200 2133 "-" "KeepAliveClient" "-" 1.005 1.854
172.0.0.12 - - [19/June/2018:14:34:38 +0000] http "GET /foo?query=t HTTP/1.0" 200 2133 "-" "KeepAliveClient" "-" 1.005 1.854
172.0.0.12 - - [19/June/2018:14:34:40 +0000] http "GET /foo?query=t HTTP/1.0" 200 2133 "-" "KeepAliveClient" "-" 1.005 1.854
172.0.0.12 - - [19/June/2018:14:34:41 +0000] http "GET /foo?query=t HTTP/1.0" 200 2133 "-" "KeepAliveClient" "-" 1.005 1.854
172.0.0.12 - - [19/June/2018:14:34:42 +0000] http "GET /foo?query=t HTTP/1.0" 200 2133 "-" "KeepAliveClient" "-" 1.005 1.854
172.0.0.12 - - [19/June/2018:14:34:42 +0000] http "GET /foo?query=t HTTP/1.0" 200 2133 "-" "KeepAliveClient" "-" 1.005 1.854
172.0.0.12 - - [19/June/2018:14:34:44 +0000] http "GET /foo?query=t HTTP/1.0" 200 2133 "-" "KeepAliveClient" "-" 1.005 1.854
172.0.0.12 - - [19/June/2018:14:34:44 +0000] http "GET /foo?query=t HTTP/1.0" 200 2133 "-" "KeepAliveClient" "-" 1.005 1.854
172.0.0.12 - - [19/June/2018:14:34:44 +0000] http "GET /foo?query=t HTTP/1.0" 200 2133 "-" "KeepAliveClient" "-" 1.005 1.854
172.0.0.12 - - [19/June/2018:14:34:45 +0000] http "GET /foo?query=t HTTP/1.0" 200 2133 "-" "KeepAliveClient" "-" 1.005 1.854
172.0.0.12 - - [19/June/2018:14:34:46 +0000] http "GET /foo?query=t HTTP/1.0" 200 2133 "-" "KeepAliveClient" "-" 1.005 1.854
172.0.0.12 - - [19/June/2018:14:34:46 +0000] http "GET /foo?query=t HTTP/1.0" 200 2133 "-" "KeepAliveClient" "-" 1.005 1.854
172.0.0.12 - - [19/June/2018:14:34:47 +0000] http "GET /foo?query=t HTTP/1.0" 200 2133 "-" "KeepAliveClient" "-" 1.005 1.854
172.0.0.12 - - [19/June/2018:14:34:48 +0000] http "GET /foo?query=t HTTP/1.0" 200 2133 "-" "KeepAliveClient" "-" 1.005 1.854
172.0.0.12 - - [19/June/2018:14:34:48 +0000] http "GET /foo?query=t HTTP/1.0" 200 2133 "-" "KeepAliveClient" "-" 1.005 1.854
172.0.0.12 - - [19/June/2018:14:34:49 +0000] http "GET /foo?query=t HTTP/1.0" 200 2133 "-" "KeepAliveClient" "-" 1.005 1.854
172.0.0.12 - - [19/June/2018:14:34:49 +0000] http "GET /foo?query=t HTTP/1.0" 200 2133 "-" "KeepAliveClient" "-" 1.005 1.854
172.0.0.12 - - [19/June/2018:14:34:50 +0000] http "GET /foo?query=t HTTP/1.0" 200 2133 "-" "KeepAliveClient" "-" 1.005 1.854
172.0.0.12 - - [19/June/2018:14:34:51 +0000] http "GET /foo?query=t HTTP/1.0" 200 2133 "-" "KeepAliveClient" "-" 1.005 1.854
172.0.0.12 - - [19/June/2018:14:34:53 +0000] http "GET /foo?query=t HTTP/1.0" 200 2133 "-" "KeepAliveClient" "-" 1.005 1.854
172.0.0.12 - - [19/June/2018:14:34:54 +0000] http "GET /foo?query=t HTTP/1.0" 200 2133 "-" "KeepAliveClient" "-" 1.005 1.854
172.0.0.12 - - [19/June/2018:14:34:54 +0000] http "GET /foo?query=t HTTP/1.0" 200 2133 "-" "KeepAliveClient" "-" 1.005 1.854
172.0.0.12 - - [19/June/2018:14:34:55 +0000] http "GET /foo?query=t HTTP/1.0" 200 2133 "-" "KeepAliveClient" "-" 1.005 1.854
172.0.0.12 - - [19/June/2018:14:34:56 +0000] http "GET /foo?query=t HTTP/1.0" 200 2133 "-" "KeepAliveClient" "-" 1.005 1.854
172.0.0.12 - - [19/June/2018:14:34:57 +0000] http "GET /foo?query=t HTTP/1.0" 200 2133 "-" "KeepAliveClient" "-" 1.005 1.854
172.0.0.12 - - [19/June/2018:14:34:58 +0000] http "GET /foo?query=t HTTP/1.0" 200 2133 "-" "KeepAliveClient" "-" 1.005 1.854
172.0.0.12 - - [19/June/2018:14:35:00 +0000] http "GET /foo?query=t HTTP/1.0" 200 2133 "-" "KeepAliveClient" "-" 1.005 1.854
172.0.0.12 - - [19/June/2018:14:35:01 +0000] http "GET /foo?query=t HTTP/1.0" 200 2133 "-" "KeepAliveClient" "-" 1.005 1.854
172.0.0.12 - - [19/June/2018:14:35:01 +0000] http "GET /foo?query=t HTTP/1.0" 200 2133 "-" "KeepAliveClient" "-" 1.005 1.854
172.0.0.12 - - [19/June/2018:14:35:03 +0000] http "GET /foo?query=t HTTP/1.0" 200 2133 "-" "KeepAliveClient" "-" 1.005 1.854
172.0.0.12 - - [19/June/2018:14:35:03 +0000] http "GET /foo?query=t HTTP/1.0" 200 2133 "-" "KeepAliveClient" "-" 1.005 1.854
172.0.0.12 - - [19/June/2018:14:35:03 +0000] http "GET /foo?query=t HTTP/1.0" 200 2133 "-" "KeepAliveClient" "-" 1.005 1.854
172.0.0.12 - - [19/June/2018:14:35:05 +0000] http "GET /foo?query=t HTTP/1.0" 200 2133 "-" "KeepAliveClient" "-" 1.005 1.854
172.0.0.12 - - [19/June/2018:14:35:05 +0000] http "GET /foo?query=t HTTP/1.0" 200 2133 "-" "KeepAliveClient" "-" 1.005 1.854
172.0.0.12 - - [19/June/2018:14:35:07 +0000] http "GET /foo?query=t HTTP/1.0" 200 2133 "-" "KeepAliveClient" "-" 1.005 1.854
172.0.0.12 - - [19/June/2018:14:35:07 +0000] http "GET /foo?query=t HTTP/1.0" 200 2133 "-" "KeepAliveClient" "-" 1.005 1.854
172.0.0.12 - - [19/June/2018:14:35:08 +0000] http "GET /foo?query=t HTTP/1.0" 200 2133 "-" "KeepAliveClient" "-" 1.005 1.854
172.0.0.12 - - [19/June/2018:14:35:09 +0000] http "GET /foo?query=t HTTP/1.0" 200 2133 "-" "KeepAliveClient" "-" 1.005 1.854
172.0.0.12 - - [19/June/2018:14:35:11 +0000] http "GET /foo?query=t HTTP/1.0" 200 2133 "-" "KeepAliveClient" "-" 1.005 1.854
172.0.0.12 - - [19/June/2018:14:35:13 +0000] http "GET /foo?query=t HTTP/1.0" 200 2133 "-" "KeepAliveClient" "-" 1.005 1.854
172.0.0.12 - - [19/June/2018:14:35:14 +0000] http "GET /foo?query=t HTTP/1.0" 200 2133 "-" "KeepAliveClient" "-" 1.005 1.854
172.0.0.12 - - [19/June/2018:14:35:15 +0000] http "GET /foo?query=t HTTP/1.0" 200 2133 "-" "KeepAliveClient" "-" 1.005 1.854
172.0.0.12 - - [19/June/2018:14:35:17 +0000] http "GET /foo?query=t HTTP/1.0" 200 2133 "-" "KeepAliveClient" "-" 1.005 1.854
172.0.0.12 - - [19/June/2018:14:35:18 +0000] http "GET /foo?query=t HTTP/1.0" 200 2133 "-" "KeepAliveClient" "-" 1.005 1.854
172.0.0.12 - - [19/June/2018:14:35:18 +0000] http "GET /foo?query=t HTTP/1.0" 200 2133 "-" "KeepAliveClient" "-" 1.005 1.854
172.0.0.12 - - [19/June/2018:14:35:19 +0000] http "GET /foo?query=t HTTP/1.0" 200 2133 "-" "KeepAliveClient" "-" 1.005 1.854
172.0.0.12 - - [19/June/2018:14:35:21 +0000] http "GET /foo?query=t HTTP/1.0" 200 2133 "-" "KeepAliveClient" "-" 1.005 1.854
172.0.0.12 - - [19/June/2018:14:35:23 +0000] http "GET /foo?query=t HTTP/1.0" 200 2133 "-" "KeepAliveClient" "-" 1.005 1.854
172.0.0.12 - - [19/June/2018:14:35:24 +0000] http "GET /foo?query=t HTTP/1.0" 200 2133 "-" "KeepAliveClient" "-" 1.005 1.854
172.0.0.12 - - [19/June/2018:14:35:25 +0000] http "GET /foo?query=t HTTP/1.0" 200 2133 "-" "KeepAliveClient" "-" 1.005 1.854
172.0.0.12 - - [19/June/2018:14:35:27 +0000] http "GET /foo?query=t HTTP/1.0" 200 2133 "-" "KeepAliveClient" "-" 1.005 1.854
172.0.0.12 - - [19/June/2018:14:35:27 +0000] http "GET /foo?query=t HTTP/1.0" 200 2133 "-" "KeepAliveClient" "-" 1.005 1.854
172.0.0.12 - - [19/June/2018:14:35:28 +0000] http "GET /foo?query=t HTTP/1.0" 200 2133 "-" "KeepAliveClient" "-" 1.005 1.854
172.0.0.12 - - [19/June/2018:14:35:28 +0000] http "GET /foo?query=t HTTP/1.0" 200 2133 "-" "KeepAliveClient" "-" 1.005 1.854
172.0.0.12 - - [19/June/2018:14:35:28 +0000] http "GET /foo?query=t HTTP/1.0" 200 2133 "-" "KeepAliveClient" "-" 1.005 1.854
172.0.0.12 - - [19/June/2018:14:35:29 +0000] http "GET /foo?query=t HTTP/1.0" 200 2133 "-" "KeepAliveClient" "-" 1.005 1.854
172.0.0.12 - - [19/June/2018:14:35:29 +0000] http "GET /foo?query=t HTTP/1.0" 200 2133 "-" "KeepAliveClient" "-" 1.005 1.854
172.0.0.12 - - [19/June/2018:14:35:30 +0000] http "GET /foo?query=t HTTP/1.0" 200 2133 "-" "KeepAliveClient" "-" 1.005 1.854
172.0.0.12 - - [19/June/2018:14:35:30 +0000] http "GET /foo?query=t HTTP/1.0" 200 2133 "-" "KeepAliveClient" "-" 1.005 1.854
172.0.0.12 - - [19/June/2018:14:35:30 +0000] http "GET /foo?query=t HTTP/1.0" 200 2133 "-" "KeepAliveClient" "-" 1.005 1.854
172.0.0.12 - - [19/June/2018:14:35:31 +0000] http "GET /foo?query=t HTTP/1.0" 200 2133 "-" "KeepAliveClient" "-" 1.005 1.854
172.0.0.12 - - [19/June/2018:14:35:33 +0000] http "GET /foo?query=t HTTP/1.0" 200 2133 "-" "KeepAliveClient" "-" 1.005 1.854
172.0.0.12 - - [19/June/2018:14:35:33 +0000] http "GET /foo?query=t HTTP/1.0" 200 2133 "-" "KeepAliveClient" "-" 1.005 1.854
172.0.0.12 - - [19/June/2018:14:35:33 +0000] http "GET /foo?query=t HTTP/1.0" 200 2133 "-" "KeepAliveClient" "-" 1.005 1.854
172.0.0.12 - - [19/June/2018:14:35:34 +0000] http "GET /foo?query=t HTTP/1.0" 200 2133 "-" "KeepAliveClient" "-" 1.005 1.854
172.0.0.12 - - [19/June/2018:14:35:34 +0000] http "GET /foo?query=t HTTP/1.0" 200 2133 "-" "KeepAliveClient" "-" 1.005 1.854
172.0.0.12 - - [19/June/2018:14:35:36 +0000] http "GET /foo?query=t HTTP/1.0" 200 2133 "-" "KeepAliveClient" "-" 1.005 1.854
172.0.0.12 - - [19/June/2018:14:35:38 +0000] http "GET /foo?query=t HTTP/1.0" 200 2133 "-" "KeepAliveClient" "-" 1.005 1.854
172.0.0.12 - - [19/June/2018:14:35:38 +0000] http "GET /foo?query=t HTTP/1.0" 200 2133 "-" "KeepAliveClient" "-" 1.005 1.854
172.0.0.12 - - [19/June/2018:14:35:40 +0000] http "GET /foo?query=t HTTP/1.0" 200 2133 "-" "KeepAliveClient" "-" 1.005 1.854
172.0.0.12 - - [19/June/2018:14:35:41 +0000] http "GET /foo?query=t HTTP/1.0" 200 2133 "-" "KeepAliveClient" "-" 1.005 1.854
172.0.0.12 - - [19/June/2018:14:35:43 +0000] http "GET /foo?query=t HTTP/1.0" 200 2133 "-" "KeepAliveClient" "-" 1.005 1.854
172.0.0.12 - - [19/June/2018:14:35:43 +0000] http "GET /foo?query=t HTTP/1.0" 200 2133 "-" "KeepAliveClient" "-" 1.005 1.854
172.0.0.12 - - [19/June/2018:14:35:43 +0000] http "GET /foo?query=t HTTP/1.0" 200 2133 "-" "KeepAliveClient" "-" 1.005 1.854
172.0.0.12 - - [19/June/2018:14:35:44 +0000] http "GET /foo?query=t HTTP/1.0" 200 2133 "-" "KeepAliveClient" "-" 1.005 1.854
172.0.0.12 - - [19/June/2018:14:35:45 +0000] http "GET /foo?query=t HTTP/1.0" 200 2133 "-" "KeepAliveClient" "-" 1.005 1.854
172.0.0.12 - - [19/June/2018:14:35:46 +0000] http "GET /foo?query=t HTTP/1.0" 200 2133 "-" "KeepAliveClient" "-" 1.005 1.854
172.0.0.12 - - [19/June/2018:14:35:48 +0000] http "GET /foo?query=t HTTP/1.0" 200 2133 "-" "KeepAliveClient" "-" 1.005 1.854
172.0.0.12 - - [19/June/2018:14:35:49 +0000] http "GET /foo?query=t HTTP/1.0" 200 2133 "-" "KeepAliveClient" "-" 1.005 1.854
172.0.0.12 - - [19/June/2018:14:35:49 +0000] http "GET /foo?query=t HTTP/1.0" 200 2133 "-" "KeepAliveClient" "-" 1.005 1.854
172.0.0.12 - - [19/June/2018:14:35:50 +0000] http "GET /foo?query=t HTTP/1.0" 200 2133 "-" "KeepAliveClient" "-" 1.005 1.854
172.0.0.12 - - [19/June/2018:14:35:50 +0000] http "GET /foo?query=t HTTP/1.0" 200 2133 "-" "KeepAliveClient" "-" 1.005 1.854
172.0.0.12 - - [19/June/2018:14:35:50 +0000] http "GET /foo?query=t HTTP/1.0" 200 2133 "-" "KeepAliveClient" "-" 1.005 1.854
172.0.0.12 - - [19/June/2018:14:35:50 +0000] http "GET /foo?query=t HTTP/1.0" 200 2133 "-" "KeepAliveClient" "-" 1.005 1.854
172.0.0.12 - - [19/June/2018:14:35:51 +0000] http "GET /foo?query=t HTTP/1.0" 200 2133 "-" "KeepAliveClient" "-" 1.005 1.854
172.0.0.12 - - [19/June/2018:14:35:53 +0000] http "GET /foo?query=t HTTP/1.0" 200 2133 "-" "KeepAliveClient" "-" 1.005 1.854
172.0.0.12 - - [19/June/2018:14:35:53 +0000] http "GET /foo?query=t HTTP/1.0" 200 2133 "-" "KeepAliveClient" "-" 1.005 1.854
172.0.0.12 - - [19/June/2018:14:35:53 +0000] http "GET /foo?query=t HTTP/1.0" 200 2133 "-" "KeepAliveClient" "-" 1.005 1.854
172.0.0.12 - - [19/June/2018:14:35:54 +0000] http "GET /foo?query=t HTTP/1.0" 200 2133 "-" "KeepAliveClient" "-" 1.005 1.854
172.0.0.12 - - [19/June/2018:14:35:56 +0000] http "GET /foo?query=t HTTP/1.0" 200 2133 "-" "KeepAliveClient" "-" 1.005 1.854
172.0.0.12 - - [19/June/2018:14:35:56 +0000] http "GET /foo?query=t HTTP/1.0" 200 2133 "-" "KeepAliveClient" "-" 1.005 1.854
172.0.0.12 - - [19/June/2018:14:35:57 +0000] http "GET /foo?query=t HTTP/1.0" 200 2133 "-" "KeepAliveClient" "-" 1.005 1.854
172.0.0.12 - - [19/June/2018:14:35:59 +0000] http "GET /foo?query=t HTTP/1.0" 200 2133 "-" "KeepAliveClient" "-" 1.005 1.854
172.0.0.12 - - [19/June/2018:14:36:01 +0000] http "GET /foo?query=t HTTP/1.0" 200 2133 "-" "KeepAliveClient" "-" 1.005 1.854
172.0.0.12 - - [19/June/2018:14:36:02 +0000] http "GET /foo?query=t HTTP/1.0" 200 2133 "-" "KeepAliveClient" "-" 1.005 1.854
172.0.0.12 - - [19/June/2018:14:36:02 +0000] http "GET /foo?query=t HTTP/1.0" 200 2133 "-" "KeepAliveClient" "-" 1.005 1.854
172.0.0.12 - - [19/June/2018:14:36:04 +0000] http "GET /foo?query=t HTTP/1.0" 200 2133 "-" "KeepAliveClient" "-" 1.005 1.854
172.0.0.12 - - [19/June/2018:14:36:05 +0000] http "GET /foo?query=t HTTP/1.0" 200 2133 "-" "KeepAliveClient" "-" 1.005 1.854
172.0.0.12 - - [19/June/2018:14:36:07 +0000] http "GET /foo?query=t HTTP/1.0" 200 2133 "-" "KeepAliveClient" "-" 1.005 1.854
172.0.0.12 - - [19/June/2018:14:36:07 +0000] http "GET /foo?query=t HTTP/1.0" 200 2133 "-" "KeepAliveClient" "-" 1.005 1.854
172.0.0.12 - - [19/June/2018:14:36:09 +0000] http "GET /foo?query=t HTTP/1.0" 200 2133 "-" "KeepAliveClient" "-" 1.005 1.854
172.0.0.12 - - [19/June/2018:14:36:09 +0000] http "GET /foo?query=t HTTP/1.0" 200 2133 "-" "KeepAliveClient" "-" 1.005 1.854
172.0.0.12 - - [19/June/2018:14:36:10 +0000] http "GET /foo?query=t HTTP/1.0" 200 2133 "-" "KeepAliveClient" "-" 1.005 1.854
172.0.0.12 - - [19/June/2018:14:36:11 +0000] http "GET /foo?query=t HTTP/1.0" 200 2133 "-" "KeepAliveClient" "-" 1.005 1.854
172.0.0.12 - - [19/June/2018:14:36:11 +0000] http "GET /foo?query=t HTTP/1.0" 200 2133 "-" "KeepAliveClient" "-" 1.005 1.854
172.0.0.12 - - [19/June/2018:14:36:12 +0000] http "GET /foo?query=t HTTP/1.0" 200 2133 "-" "KeepAliveClient" "-" 1.005 1.854
172.0.0.12 - - [19/June/2018:14:36:13 +0000] http "GET /foo?query=t HTTP/1.0" 200 2133 "-" "KeepAliveClient" "-" 1.005 1.854
172.0.0.12 - - [19/June/2018:14:36:14 +0000] http "GET /foo?query=t HTTP/1.0" 200 2133 "-" "KeepAliveClient" "-" 1.005 1.854
172.0.0.12 - - [19/June/2018:14:36:15 +0000] http "GET /foo?query=t HTTP/1.0" 200 2133 "-" "KeepAliveClient" "-" 1.005 1.854
172.0.0.12 - - [19/June/2018:14:36:16 +0000] http "GET /foo?query=t HTTP/1.0" 200 2133 "-" "KeepAliveClient" "-" 1.005 1.854
172.0.0.12 - - [19/June/2018:14:36:16 +0000] http "GET /foo?query=t HTTP/1.0" 200 2133 "-" "KeepAliveClient" "-" 1.005 1.854
172.0.0.12 - - [19/June/2018:14:36:18 +0000] http "GET /foo?query=t HTTP/1.0" 200 2133 "-" "KeepAliveClient" "-" 1.005 1.854
172.0.0.12 - - [19/June/2018:14:36:19 +0000] http "GET /foo?query=t HTTP/1.0" 200 2133 "-" "KeepAliveClient" "-" 1.005 1.854
172.0.0.12 - - [19/June/2018:14:36:20 +0000] http "GET /foo?query=t HTTP/1.0" 200 2133 "-" "KeepAliveClient" "-" 1.005 1.854
172.0.0.12 - - [19/June/2018:14:36:21 +0000] http "GET /foo?query=t HTTP/1.0" 200 2133 "-" "KeepAliveClient" "-" 1.005 1.854
172.0.0.12 - - [19/June/2018:14:36:21 +0000] http "GET /foo?query=t HTTP/1.0" 200 2133 "-" "KeepAliveClient" "-" 1.005 1.854
172.0.0.12 - - [19/June/2018:14:36:23 +0000] http "GET /foo?query=t HTTP/1.0" 200 2133 "-" "KeepAliveClient" "-" 1.005 1.854
172.0.0.12 - - [19/June/2018:14:36:24 +0000] http "GET /foo?query=t HTTP/1.0" 200 2133 "-" "KeepAliveClient" "-" 1.005 1.854
172.0.0.12 - - [19/June/2018:14:36:24 +0000] http "GET /foo?query=t HTTP/1.0" 200 2133 "-" "KeepAliveClient" "-" 1.005 1.854
172.0.0.12 - - [19/June/2018:14:36:26 +0000] http "GET /foo?query=t HTTP/1.0" 200 2133 "-" "KeepAliveClient" "-" 1.005 1.854
172.0.0.12 - - [19/June/2018:14:36:26 +0000] http "GET /foo?query=t HTTP/1.0" 200 2133 "-" "KeepAliveClient" "-" 1.005 1.854
172.0.0.12 - - [19/June/2018:14:36:28 +0000] http "GET /foo?query=t HTTP/1.0" 200 2133 "-" "KeepAliveClient" "-" 1.005 1.854
172.0.0.12 - - [19/June/2018:14:36:29 +0000] http "GET /foo?query=t HTTP/1.0" 200 2133 "-" "KeepAliveClient" "-" 1.005 1.854
172.0.0.12 - - [19/June/2018:14:36:30 +0000] http "GET /foo?query=t HTTP/1.0" 200 2133 "-" "KeepAliveClient" "-" 1.005 1.854
172.0.0.12 - - [19/June/2018:14:36:30 +0000] http "GET /foo?query=t HTTP/1.0" 200 2133 "-" "KeepAliveClient" "-" 1.005 1.854
172.0.0.12 - - [19/June/2018:14:36:31 +0000] http "GET /foo?query=t HTTP/1.0" 200 2133 "-" "KeepAliveClient" "-" 1.005 1.854
172.0.0.12 - - [19/June/2018:14:36:32 +0000] http "GET /foo?query=t HTTP/1.0" 200 2133 "-" "KeepAliveClient" "-" 1.005 1.854
172.0.0.12 - - [19/June/2018:14:36:34 +0000] http "GET /foo?query=t HTTP/1.0" 200 2133 "-" "KeepAliveClient" "-" 1.005 1.854
172.0.0.12 - - [19/June/2018:14:36:34 +0000] http "GET /foo?query=t HTTP/1.0" 200 2133 "-" "KeepAliveClient" "-" 1.005 1.854
172.0.0.12 - - [19/June/2018:14:36:36 +0000] http "GET /foo?query=t HTTP/1.0" 200 2133 "-" "KeepAliveClient" "-" 1.005 1.854
172.0.0.12 - - [19/June/2018:14:36:37 +0000] http "GET /foo?query=t HTTP/1.0" 200 2133 "-" "KeepAliveClient" "-" 1.005 1.854
172.0.0.12 - - [19/June/2018:14:36:38 +0000] http "GET /foo?query=t HTTP/1.0" 200 2133 "-" "KeepAliveClient" "-" 1.005 1.854
172.0.0.12 - - [19/June/2018:14:36:39 +0000] http "GET /foo?query=t HTTP/1.0" 200 2133 "-" "KeepAliveClient" "-" 1.005 1.854
172.0.0.12 - - [19/June/2018:14:36:40 +0000] http "GET /foo?query=t HTTP/1.0" 200 2133 "-" "KeepAliveClient" "-" 1.005 1.854
172.0.0.12 - - [19/June/2018:14:36:41 +0000] http "GET /foo?query=t HTTP/1.0" 200 2133 "-" "KeepAliveClient" "-" 1.005 1.854
172.0.0.12 - - [19/June/2018:14:36:42 +0000] http "GET /foo?query=t HTTP/1.0" 200 2133 "-" "KeepAliveClient" "-" 1.005 1.854
172.0.0.12 - - [19/June/2018:14:36:44 +0000] http "GET /foo?query=t HTTP/1.0" 200 2133 "-" "KeepAliveClient" "-" 1.005 1.854
172.0.0.12 - - [19/June/2018:14:36:46 +0000] http "GET /foo?query=t HTTP/1.0" 200 2133 "-" "KeepAliveClient" "-" 1.005 1.854
172.0.0.12 - - [19/June/2018:14:36:47 +0000] http "GET /foo?query=t HTTP/1.0" 200 2133 "-" "KeepAliveClient" "-" 1.005 1.854
172.0.0.12 - - [19/June/2018:14:36:47 +0000] http "GET /foo?query=t HTTP/1.0" 200 2133 "-" "KeepAliveClient" "-" 1.005 1.854
172.0.0.12 - - [19/June/2018:14:36:47 +0000] http "GET /foo?query=t HTTP/1.0" 200 2133 "-" "KeepAliveClient" "-" 1.005 1.854
172.0.0.12 - - [19/June/2018:14:36:48 +0000] http "GET /foo?query=t HTTP/1.0" 200 2133 "-" "KeepAliveClient" "-" 1.005 1.854
172.0.0.12 - - [19/June/2018:14:36:50 +0000] http "GET /foo?query=t HTTP/1.0" 200 2133 "-" "KeepAliveClient" "-" 1.005 1.854
172.0.0.12 - - [19/June/2018:14:36:51 +0000] http "GET /foo?query=t HTTP/1.0" 200 2133 "-" "KeepAliveClient" "-" 1.005 1.854
172.0.0.12 - - [19/June/2018:14:36:53 +0000] http "GET /foo?query=t HTTP/1.0" 200 2133 "-" "KeepAliveClient" "-" 1.005 1.854
172.0.0.12 - - [19/June/2018:14:36:54 +0000] http "GET /foo?query=t HTTP/1.0" 200 2133 "-" "KeepAliveClient" "-" 1.005 1.854
172.0.0.12 - - [19/June/2018:14:36:55 +0000] http "GET /foo?query=t HTTP/1.0" 200 2133 "-" "KeepAliveClient" "-" 1.005 1.854
172.0.0.12 - - [19/June/2018:14:36:55 +0000] http "GET /foo?query=t HTTP/1.0" 200 2133 "-" "KeepAliveClient" "-" 1.005 1.854
172.0.0.12 - - [19/June/2018:14:36:56 +0000] http "GET /foo?query=t HTTP/1.0" 200 2133 "-" "KeepAliveClient" "-" 1.005 1.854
172.0.0.12 - - [19/June/2018:14:36:57 +0000] http "GET /foo?query=t HTTP/1.0" 200 2133 "-" "KeepAliveClient" "-" 1.005 1.854
172.0.0.12 - - [19/June/2018:14:36:58 +0000] http "GET /foo?query=t HTTP/1.0" 200 2133 "-" "KeepAliveClient" "-" 1.005 1.854
172.0.0.12 - - [19/June/2018:14:37:00 +0000] http "GET /foo?query=t HTTP/1.0" 200 2133 "-" "KeepAliveClient" "-" 1.005 1.854
172.0.0.12 - - [19/June/2018:14:37:01 +0000] http "GET /foo?query=t HTTP/1.0" 200 2133 "-" "KeepAliveClient" "-" 1.005 1.854
172.0.0.12 - - [19/June/2018:14:37:02 +0000] http "GET /foo?query=t HTTP/1.0" 200 2133 "-" "KeepAliveClient" "-" 1.005 1.854
172.0.0.12 - - [19/June/2018:14:37:04 +0000] http "GET /foo?query=t HTTP/1.0" 200 2133 "-" "KeepAliveClient" "-" 1.005 1.854
172.0.0.12 - - [19/June/2018:14:37:04 +0000] http "GET /foo?query=t HTTP/1.0" 200 2133 "-" "KeepAliveClient" "-" 1.005 1.854
172.0.0.12 - - [19/June/2018:14:37:04 +0000] http "GET /foo?query=t HTTP/1.0" 200 2133 "-" "KeepAliveClient" "-" 1.005 1.854
172.0.0.12 - - [19/June/2018:14:37:05 +0000] http "GET /foo?query=t HTTP/1.0" 200 2133 "-" "KeepAliveClient" "-" 1.005 1.854
172.0.0.12 - - [19/June/2018:14:37:07 +0000] http "GET /foo?query=t HTTP/1.0" 200 2133 "-" "KeepAliveClient" "-" 1.005 1.854
172.0.0.12 - - [19/June/2018:14:37:08 +0000] http "GET /foo?query=t HTTP/1.0" 200 2133 "-" "KeepAliveClient" "-" 1.005 1.854
172.0.0.12 - - [19/June/2018:14:37:09 +0000] http "GET /foo?query=t HTTP/1.0" 200 2133 "-" "KeepAliveClient" "-" 1.005 1.854
172.0.0.12 - - [19/June/2018:14:37:10 +0000] http "GET /foo?query=t HTTP/1.0" 200 2133 "-" "KeepAliveClient" "-" 1.005 1.854
172.0.0.12 - - [19/June/2018:14:37:10 +0000] http "GET /foo?query=t HTTP/1.0" 200 2133 "-" "KeepAliveClient" "-" 1.005 1.854
172.0.0.12 - - [19/June/2018:14:37:12 +0000] http "GET /foo?query=t HTTP/1.0" 200 2133 "-" "KeepAliveClient" "-" 1.005 1.854
172.0.0.12 - - [19/June/2018:14:37:12 +0000] http "GET /foo?query=t HTTP/1.0" 200 2133 "-" "KeepAliveClient" "-" 1.005 1.854
172.0.0.12 - - [19/June/2018:14:37:13 +0000] http "GET /foo?query=t HTTP/1.0" 200 2133 "-" "KeepAliveClient" "-" 1.005 1.854
172.0.0.12 - - [19/June/2018:14:37:14 +0000] http "GET /foo?query=t HTTP/1.0" 200 2133 "-" "KeepAliveClient" "-" 1.005 1.854
172.0.0.12 - - [19/June/2018:14:37:15 +0000] http "GET /foo?query=t HTTP/1.0" 200 2133 "-" "KeepAliveClient" "-" 1.005 1.854
172.0.0.12 - - [19/June/2018:14:37:16 +0000] http "GET /foo?query=t HTTP/1.0" 200 2133 "-" "KeepAliveClient" "-" 1.005 1.854
172.0.0.12 - - [19/June/2018:14:37:17 +0000] http "GET /foo?query=t HTTP/1.0" 200 2133 "-" "KeepAliveClient" "-" 1.005 1.854
172.0.0.12 - - [19/June/2018:14:37:17 +0000] http "GET /foo?query=t HTTP/1.0" 200 2133 "-" "KeepAliveClient" "-" 1.005 1.854
172.0.0.12 - - [19/June/2018:14:37:17 +0000] http "GET /foo?query=t HTTP/1.0" 200 2133 "-" "KeepAliveClient" "-" 1.005 1.854
172.0.0.12 - - [19/June/2018:14:37:17 +0000] http "GET /foo?query=t HTTP/1.0" 200 2133 "-" "KeepAliveClient" "-" 1.005 1.854
172.0.0.12 - - [19/June/2018:14:37:18 +0000] http "GET /foo?query=t HTTP/1.0" 200 2133 "-" "KeepAliveClient" "-" 1.005 1.854
172.0.0.12 - - [19/June/2018:14:37:19 +0000] http "GET /foo?query=t HTTP/1.0" 200 2133 "-" "KeepAliveClient" "-" 1.005 1.854
172.0.0.12 - - [19/June/2018:14:37:20 +0000] http "GET /foo?query=t HTTP/1.0" 200 2133 "-" "KeepAliveClient" "-" 1.005 1.854
172.0.0.12 - - [19/June/2018:14:37:21 +0000] http "GET /foo?query=t HTTP/1.0" 200 2133 "-" "KeepAliveClient" "-" 1.005 1.854
172.0.0.12 - - [19/June/2018:14:37:23 +0000] http "GET /foo?query=t HTTP/1.0" 200 2133 "-" "KeepAliveClient" "-" 1.005 1.854
172.0.0.12 - - [19/June/2018:14:37:24 +0000] http "GET /foo?query=t HTTP/1.0" 200 2133 "-" "KeepAliveClient" "-" 1.005 1.854
172.0.0.12 - - [19/June/2018:14:37:24 +0000] http "GET /foo?query=t HTTP/1.0" 200 2133 "-" "KeepAliveClient" "-" 1.005 1.854
172.0.0.12 - - [19/June/2018:14:37:25 +0000] http "GET /foo?query=t HTTP/1.0" 200 2133 "-" "KeepAliveClient" "-" 1.005 1.854
172.0.0.12 - - [19/June/2018:14:37:27 +0000] http "GET /foo?query=t HTTP/1.0" 200 2133 "-" "KeepAliveClient" "-" 1.005 1.854
172.0.0.12 - - [19/June/2018:14:37:28 +0000] http "GET /foo?query=t HTTP/1.0" 200 2133 "-" "KeepAliveClient" "-" 1.005 1.854
172.0.0.12 - - [19/June/2018:14:37:30 +0000] http "GET /foo?query=t HTTP/1.0" 200 2133 "-" "KeepAliveClient" "-" 1.005 1.854
172.0.0.12 - - [19/June/2018:14:37:31 +0000] http "GET /foo?query=t HTTP/1.0" 200 2133 "-" "KeepAliveClient" "-" 1.005 1.854
172.0.0.12 - - [19/June/2018:14:37:32 +0000] http "GET /foo?query=t HTTP/1.0" 200 2133 "-" "KeepAliveClient" "-" 1.005 1.854
172.0.0.12 - - [19/June/2018:14:37:32 +0000] http "GET /foo?query=t HTTP/1.0" 200 2133 "-" "KeepAliveClient" "-" 1.005 1.854
172.0.0.12 - - [19/June/2018:14:37:33 +0000] http "GET /foo?query=t HTTP/1.0" 200 2133 "-" "KeepAliveClient" "-" 1.005 1.854
172.0.0.12 - - [19/June/2018:14:37:34 +0000] http "GET /foo?query=t HTTP/1.0" 200 2133 "-" "KeepAliveClient" "-" 1.005 1.854
172.0.0.12 - - [19/June/2018:14:37:35 +0000] http "GET /foo?query=t HTTP/1.0" 200 2133 "-" "KeepAliveClient" "-" 1.005 1.854
172.0.0.12 - - [19/June/2018:14:37:37 +0000] http "GET /foo?query=t HTTP/1.0" 200 2133 "-" "KeepAliveClient" "-" 1.005 1.854
172.0.0.12 - - [19/June/2018:14:37:37 +0000] http "GET /foo?query=t HTTP/1.0" 200 2133 "-" "KeepAliveClient" "-" 1.005 1.854
172.0.0.12 - - [19/June/2018:14:37:37 +0000] http "GET /foo?query=t HTTP/1.0" 200 2133 "-" "KeepAliveClient" "-" 1.005 1.854
172.0.0.12 - - [19/June/2018:14:37:38 +0000] http "GET /foo?query=t HTTP/1.0" 200 2133 "-" "KeepAliveClient" "-" 1.005 1.854
172.0.0.12 - - [19/June/2018:14:37:38 +0000] http "GET /foo?query=t HTTP/1.0" 200 2133 "-" "KeepAliveClient" "-" 1.005 1.854
172.0.0.12 - - [19/June/2018:14:37:39 +0000] http "GET /foo?query=t HTTP/1.0" 200 2133 "-" "KeepAliveClient" "-" 1.005 1.854
172.0.0.12 - - [19/June/2018:14:37:40 +0000] http "GET /foo?query=t HTTP/1.0" 200 2133 "-" "KeepAliveClient" "-" 1.005 1.854
172.0.0.12 - - [19/June/2018:14:37:42 +0000] http "GET /foo?query=t HTTP/1.0" 200 2133 "-" "KeepAliveClient" "-" 1.005 1.854
172.0.0.12 - - [19/June/2018:14:37:43 +0000] http "GET /foo?query=t HTTP/1.0" 200 2133 "-" "KeepAliveClient" "-" 1.005 1.854
172.0.0.12 - - [19/June/2018:14:37:44 +0000] http "GET /foo?query=t HTTP/1.0" 200 2133 "-" "KeepAliveClient" "-" 1.005 1.854
172.0.0.12 - - [19/June/2018:14:37:46 +0000] http "GET /foo?query=t HTTP/1.0" 200 2133 "-" "KeepAliveClient" "-" 1.005 1.854
172.0.0.12 - - [19/June/2018:14:37:46 +0000] http "GET /foo?query=t HTTP/1.0" 200 2133 "-" "KeepAliveClient" "-" 1.005 1.854
172.0.0.12 - - [19/June/2018:14:37:48 +0000] http "GET /foo?query=t HTTP/1.0" 200 2133 "-" "KeepAliveClient" "-" 1.005 1.854
172.0.0.12 - - [19/June/2018:14:37:49 +0000] http "GET /foo?query=t HTTP/1.0" 200 2133 "-" "KeepAliveClient" "-" 1.005 1.854
172.0.0.12 - - [19/June/2018:14:37:50 +0000] http "GET /foo?query=t HTTP/1.0" 200 2133 "-" "KeepAliveClient" "-" 1.005 1.854
172.0.0.12 - - [19/June/2018:14:37:51 +0000] http "GET /foo?query=t HTTP/1.0" 200 2133 "-" "KeepAliveClient" "-" 1.005 1.854
172.0.0.12 - - [19/June/2018:14:37:51 +0000] http "GET /foo?query=t HTTP/1.0" 200 2133 "-" "KeepAliveClient" "-" 1.005 1.854
172.0.0.12 - - [19/June/2018:14:37:52 +0000] http "GET /foo?query=t HTTP/1.0" 200 2133 "-" "KeepAliveClient" "-" 1.005 1.854
172.0.0.12 - - [19/June/2018:14:37:53 +0000] http "GET /foo?query=t HTTP/1.0" 200 2133 "-" "KeepAliveClient" "-" 1.005 1.854
172.0.0.12 - - [19/June/2018:14:37:55 +0000] http "GET /foo?query=t HTTP/1.0" 200 2133 "-" "KeepAliveClient" "-" 1.005 1.854
172.0.0.12 - - [19/June/2018:14:37:55 +0000] http "GET /foo?query=t HTTP/1.0" 200 2133 "-" "KeepAliveClient" "-" 1.005 1.854
172.0.0.12 - - [19/June/2018:14:37:56 +0000] http "GET /foo?query=t HTTP/1.0" 200 2133 "-" "KeepAliveClient" "-" 1.005 1.854
172.0.0.12 - - [19/June/2018:14:37:57 +0000] http "GET /foo?query=t HTTP/1.0" 200 2133 "-" "KeepAliveClient" "-" 1.005 1.854
172.0.0.12 - - [19/June/2018:14:37:58 +0000] http "GET /foo?query=t HTTP/1.0" 200 2133 "-" "KeepAliveClient" "-" 1.005 1.854
172.0.0.12 - - [19/June/2018:14:37:58 +0000] http "GET /foo?query=t HTTP/1.0" 200 2133 "-" "KeepAliveClient" "-" 1.005 1.854
172.0.0.12 - - [19/June/2018:14:37:59 +0000] http "GET /foo?query=t HTTP/1.0" 200 2133 "-" "KeepAliveClient" "-" 1.005 1.854
172.0.0.12 - - [19/June/2018:14:37:59 +0000] http "GET /foo?query=t HTTP/1.0" 200 2133 "-" "KeepAliveClient" "-" 1.005 1.854
172.0.0.12 - - [19/June/2018:14:38:00 +0000] http "GET /foo?query=t HTTP/1.0" 200 2133 "-" "KeepAliveClient" "-" 1.005 1.854
172.0.0.12 - - [19/June/2018:14:38:00 +0000] http "GET /foo?query=t HTTP/1.0" 200 2133 "-" "KeepAliveClient" "-" 1.005 1.854
172.0.0.12 - - [19/June/2018:14:38:01 +0000] http "GET /foo?query=t HTTP/1.0" 200 2133 "-" "KeepAliveClient" "-" 1.005 1.854
172.0.0.12 - - [19/June/2018:14:38:03 +0000] http "GET /foo?query=t HTTP/1.0" 200 2133 "-" "KeepAliveClient" "-" 1.005 1.854
172.0.0.12 - - [19/June/2018:14:38:04 +0000] http "GET /foo?query=t HTTP/1.0" 200 2133 "-" "KeepAliveClient" "-" 1.005 1.854
172.0.0.12 - - [19/June/2018:14:38:05 +0000] http "GET /foo?query=t HTTP/1.0" 200 2133 "-" "KeepAliveClient" "-" 1.005 1.854
172.0.0.12 - - [19/June/2018:14:38:05 +0000] http "GET /foo?query=t HTTP/1.0" 200 2133 "-" "KeepAliveClient" "-" 1.005 1.854
172.0.0.12 - - [19/June/2018:14:38:06 +0000] http "GET /foo?query=t HTTP/1.0" 200 2133 "-" "KeepAliveClient" "-" 1.005 1.854
172.0.0.12 - - [19/June/2018:14:38:07 +0000] http "GET /foo?query=t HTTP/1.0" 200 2133 "-" "KeepAliveClient" "-" 1.005 1.854
172.0.0.12 - - [19/June/2018:14:38:08 +0000] http "GET /foo?query=t HTTP/1.0" 200 2133 "-" "KeepAliveClient" "-" 1.005 1.854
172.0.0.12 - - [19/June/2018:14:38:10 +0000] http "GET /foo?query=t HTTP/1.0" 200 2133 "-" "KeepAliveClient" "-" 1.005 1.854
172.0.0.12 - - [19/June/2018:14:38:10 +0000] http "GET /foo?query=t HTTP/1.0" 200 2133 "-" "KeepAliveClient" "-" 1.005 1.854
172.0.0.12 - - [19/June/2018:14:38:10 +0000] http "GET /foo?query=t HTTP/1.0" 200 2133 "-" "KeepAliveClient" "-" 1.005 1.854
172.0.0.12 - - [19/June/2018:14:38:10 +0000] http "GET /foo?query=t HTTP/1.0" 200 2133 "-" "KeepAliveClient" "-" 1.005 1.854
172.0.0.12 - - [19/June/2018:14:38:12 +0000] http "GET /foo?query=t HTTP/1.0" 200 2133 "-" "KeepAliveClient" "-" 1.005 1.854
172.0.0.12 - - [19/June/2018:14:38:13 +0000] http "GET /foo?query=t HTTP/1.0" 200 2133 "-" "KeepAliveClient" "-" 1.005 1.854
172.0.0.12 - - [19/June/2018:14:38:13 +0000] http "GET /foo?query=t HTTP/1.0" 200 2133 "-" "KeepAliveClient" "-" 1.005 1.854
172.0.0.12 - - [19/June/2018:14:38:15 +0000] http "GET /foo?query=t HTTP/1.0" 200 2133 "-" "KeepAliveClient" "-" 1.005 1.854
172.0.0.12 - - [19/June/2018:14:38:16 +0000] http "GET /foo?query=t HTTP/1.0" 200 2133 "-" "KeepAliveClient" "-" 1.005 1.854
172.0.0.12 - - [19/June/2018:14:38:18 +0000] http "GET /foo?query=t HTTP/1.0" 200 2133 "-" "KeepAliveClient" "-" 1.005 1.854
172.0.0.12 - - [19/June/2018:14:38:19 +0000] http "GET /foo?query=t HTTP/1.0" 200 2133 "-" "KeepAliveClient" "-" 1.005 1.854
172.0.0.12 - - [19/June/2018:14:38:19 +0000] http "GET /foo?query=t HTTP/1.0" 200 2133 "-" "KeepAliveClient" "-" 1.005 1.854
172.0.0.12 - - [19/June/2018:14:38:20 +0000] http "GET /foo?query=t HTTP/1.0" 200 2133 "-" "KeepAliveClient" "-" 1.005 1.854
172.0.0.12 - - [19/June/2018:14:38:22 +0000] http "GET /foo?query=t HTTP/1.0" 200 2133 "-" "KeepAliveClient" "-" 1.005 1.854
172.0.0.12 - - [19/June/2018:14:38:22 +0000] http "GET /foo?query=t HTTP/1.0" 200 2133 "-" "KeepAliveClient" "-" 1.005 1.854
172.0.0.12 - - [19/June/2018:14:38:24 +0000] http "GET /foo?query=t HTTP/1.0" 200 2133 "-" "KeepAliveClient" "-" 1.005 1.854
172.0.0.12 - - [19/June/2018:14:38:24 +0000] http "GET /foo?query=t HTTP/1.0" 200 2133 "-" "KeepAliveClient" "-" 1.005 1.854
172.0.0.12 - - [19/June/2018:14:38:25 +0000] http "GET /foo?query=t HTTP/1.0" 200 2133 "-" "KeepAliveClient" "-" 1.005 1.854
172.0.0.12 - - [19/June/2018:14:38:26 +0000] http "GET /foo?query=t HTTP/1.0" 200 2133 "-" "KeepAliveClient" "-" 1.005 1.854
172.0.0.12 - - [19/June/2018:14:38:27 +0000] http "GET /foo?query=t HTTP/1.0" 200 2133 "-" "KeepAliveClient" "-" 1.005 1.854
172.0.0.12 - - [19/June/2018:14:38:28 +0000] http "GET /foo?query=t HTTP/1.0" 200 2133 "-" "KeepAliveClient" "-" 1.005 1.854
172.0.0.12 - - [19/June/2018:14:38:28 +0000] http "GET /foo?query=t HTTP/1.0" 200 2133 "-" "KeepAliveClient" "-" 1.005 1.854
172.0.0.12 - - [19/June/2018:14:38:29 +0000] http "GET /foo?query=t HTTP/1.0" 200 2133 "-" "KeepAliveClient" "-" 1.005 1.854
172.0.0.12 - - [19/June/2018:14:38:31 +0000] http "GET /foo?query=t HTTP/1.0" 200 2133 "-" "KeepAliveClient" "-" 1.005 1.854
172.0.0.12 - - [19/June/2018:14:38:32 +0000] http "GET /foo?query=t HTTP/1.0" 200 2133 "-" "KeepAliveClient" "-" 1.005 1.854
172.0.0.12 - - [19/June/2018:14:38:33 +0000] http "GET /foo?query=t HTTP/1.0" 200 2133 "-" "KeepAliveClient" "-" 1.005 1.854
172.0.0.12 - - [19/June/2018:14:38:35 +0000] http "GET /foo?query=t HTTP/1.0" 200 2133 "-" "KeepAliveClient" "-" 1.005 1.854
172.0.0.12 - - [19/June/2018:14:38:35 +0000] http "GET /foo?query=t HTTP/1.0" 200 2133 "-" "KeepAliveClient" "-" 1.005 1.854
172.0.0.12 - - [19/June/2018:14:38:37 +0000] http "GET /foo?query=t HTTP/1.0" 200 2133 "-" "KeepAliveClient" "-" 1.005 1.854
172.0.0.12 - - [19/June/2018:14:38:38 +0000] http "GET /foo?query=t HTTP/1.0" 200 2133 "-" "KeepAliveClient" "-" 1.005 1.854
172.0.0.12 - - [19/June/2018:14:38:40 +0000] http "GET /foo?query=t HTTP/1.0" 200 2133 "-" "KeepAliveClient" "-" 1.005 1.854
172.0.0.12 - - [19/June/2018:14:38:41 +0000] http "GET /foo?query=t HTTP/1.0" 200 2133 "-" "KeepAliveClient" "-" 1.005 1.854
172.0.0.12 - - [19/June/2018:14:38:41 +0000] http "GET /foo?query=t HTTP/1.0" 200 2133 "-" "KeepAliveClient" "-" 1.005 1.854
172.0.0.12 - - [19/June/2018:14:38:41 +0000] http "GET /foo?query=t HTTP/1.0" 200 2133 "-" "KeepAliveClient" "-" 1.005 1.854
172.0.0.12 - - [19/June/2018:14:38:42 +0000] http "GET /foo?query=t HTTP/1.0" 200 2133 "-" "KeepAliveClient" "-" 1.005 1.854
172.0.0.12 - - [19/June/2018:14:38:43 +0000] http "GET /foo?query=t HTTP/1.0" 200 2133 "-" "KeepAliveClient" "-" 1.005 1.854
172.0.0.12 - - [19/June/2018:14:38:44 +0000] http "GET /foo?query=t HTTP/1.0" 200 2133 "-" "KeepAliveClient" "-" 1.005 1.854
172.0.0.12 - - [19/June/2018:14:38:44 +0000] http "GET /foo?query=t HTTP/1.0" 200 2133 "-" "KeepAliveClient" "-" 1.005 1.854
172.0.0.12 - - [19/June/2018:14:38:45 +0000] http "GET /foo?query=t HTTP/1.0" 200 2133 "-" "KeepAliveClient" "-" 1.005 1.854
172.0.0.12 - - [19/June/2018:14:38:46 +0000] http "GET /foo?query=t HTTP/1.0" 200 2133 "-" "KeepAliveClient" "-" 1.005 1.854
172.0.0.12 - - [19/June/2018:14:38:47 +0000] http "GET /foo?query=t HTTP/1.0" 200 2133 "-" "KeepAliveClient" "-" 1.005 1.854
172.0.0.12 - - [19/June/2018:14:38:48 +0000] http "GET /foo?query=t HTTP/1.0" 200 2133 "-" "KeepAliveClient" "-" 1.005 1.854
172.0.0.12 - - [19/June/2018:14:38:49 +0000] http "GET /foo?query=t HTTP/1.0" 200 2133 "-" "KeepAliveClient" "-" 1.005 1.854
172.0.0.12 - - [19/June/2018:14:38:50 +0000] http "GET /foo?query=t HTTP/1.0" 200 2133 "-" "KeepAliveClient" "-" 1.005 1.854
172.0.0.12 - - [19/June/2018:14:38:52 +0000] http "GET /foo?query=t HTTP/1.0" 200 2133 "-" "KeepAliveClient" "-" 1.005 1.854
172.0.0.12 - - [19/June/2018:14:38:53 +0000] http "GET /foo?query=t HTTP/1.0" 200 2133 "-" "KeepAliveClient" "-" 1.005 1.854
172.0.0.12 - - [19/June/2018:14:38:54 +0000] http "GET /foo?query=t HTTP/1.0" 200 2133 "-" "KeepAliveClient" "-" 1.005 1.854
172.0.0.12 - - [19/June/2018:14:38:55 +0000] http "GET /foo?query=t HTTP/1.0" 200 2133 "-" "KeepAliveClient" "-" 1.005 1.854
172.0.0.12 - - [19/June/2018:14:38:55 +0000] http "GET /foo?query=t HTTP/1.0" 200 2133 "-" "KeepAliveClient" "-" 1.005 1.854
172.0.0.12 - - [19/June/2018:14:38:57 +0000] http "GET /foo?query=t HTTP/1.0" 200 2133 "-" "KeepAliveClient" "-" 1.005 1.854
172.0.0.12 - - [19/June/2018:14:38:58 +0000] http "GET /foo?query=t HTTP/1.0" 200 2133 "-" "KeepAliveClient" "-" 1.005 1.854
172.0.0.12 - - [19/June/2018:14:38:59 +0000] http "GET /foo?query=t HTTP/1.0" 200 2133 "-" "KeepAliveClient" "-" 1.005 1.854
172.0.0.12 - - [19/June/2018:14:39:00 +0000] http "GET /foo?query=t HTTP/1.0" 200 2133 "-" "KeepAliveClient" "-" 1.005 1.854
172.0.0.12 - - [19/June/2018:14:39:01 +0000] http "GET /foo?query=t HTTP/1.0" 200 2133 "-" "KeepAliveClient" "-" 1.005 1.854
172.0.0.12 - - [19/June/2018:14:39:03 +0000] http "GET /foo?query=t HTTP/1.0" 200 2133 "-" "KeepAliveClient" "-" 1.005 1.854
172.0.0.12 - - [19/June/2018:14:39:05 +0000] http "GET /foo?query=t HTTP/1.0" 200 2133 "-" "KeepAliveClient" "-" 1.005 1.854
172.0.0.12 - - [19/June/2018:14:39:06 +0000] http "GET /foo?query=t HTTP/1.0" 200 2133 "-" "KeepAliveClient" "-" 1.005 1.854
172.0.0.12 - - [19/June/2018:14:39:06 +0000] http "GET /foo?query=t HTTP/1.0" 200 2133 "-" "KeepAliveClient" "-" 1.005 1.854
172.0.0.12 - - [19/June/2018:14:39:07 +0000] http "GET /foo?query=t HTTP/1.0" 200 2133 "-" "KeepAliveClient" "-" 1.005 1.854
172.0.0.12 - - [19/June/2018:14:39:07 +0000] http "GET /foo?query=t HTTP/1.0" 200 2133 "-" "KeepAliveClient" "-" 1.005 1.854
172.0.0.12 - - [19/June/2018:14:39:08 +0000] http "GET /foo?query=t HTTP/1.0" 200 2133 "-" "KeepAliveClient" "-" 1.005 1.854
172.0.0.12 - - [19/June/2018:14:39:09 +0000] http "GET /foo?query=t HTTP/1.0" 200 2133 "-" "KeepAliveClient" "-" 1.005 1.854
172.0.0.12 - - [19/June/2018:14:39:09 +0000] http "GET /foo?query=t HTTP/1.0" 200 2133 "-" "KeepAliveClient" "-" 1.005 1.854
172.0.0.12 - - [19/June/2018:14:39:09 +0000] http "GET /foo?query=t HTTP/1.0" 200 2133 "-" "KeepAliveClient" "-" 1.005 1.854
172.0.0.12 - - [19/June/2018:14:39:10 +0000] http "GET /foo?query=t HTTP/1.0" 200 2133 "-" "KeepAliveClient" "-" 1.005 1.854
172.0.0.12 - - [19/June/2018:14:39:11 +0000] http "GET /foo?query=t HTTP/1.0" 200 2133 "-" "KeepAliveClient" "-" 1.005 1.854
172.0.0.12 - - [19/June/2018:14:39:11 +0000] http "GET /foo?query=t HTTP/1.0" 200 2133 "-" "KeepAliveClient" "-" 1.005 1.854
172.0.0.12 - - [19/June/2018:14:39:12 +0000] http "GET /foo?query=t HTTP/1.0" 200 2133 "-" "KeepAliveClient" "-" 1.005 1.854
172.0.0.12 - - [19/June/2018:14:39:13 +0000] http "GET /foo?query=t HTTP/1.0" 200 2133 "-" "KeepAliveClient" "-" 1.005 1.854
172.0.0.12 - - [19/June/2018:14:39:13 +0000] http "GET /foo?query=t HTTP/1.0" 200 2133 "-" "KeepAliveClient" "-" 1.005 1.854
172.0.0.12 - - [19/June/2018:14:39:14 +0000] http "GET /foo?query=t HTTP/1.0" 200 2133 "-" "KeepAliveClient" "-" 1.005 1.854
172.0.0.12 - - [19/June/2018:14:39:15 +0000] http "GET /foo?query=t HTTP/1.0" 200 2133 "-" "KeepAliveClient" "-" 1.005 1.854
172.0.0.12 - - [19/June/2018:14:39:16 +0000] http "GET /foo?query=t HTTP/1.0" 200 2133 "-" "KeepAliveClient" "-" 1.005 1.854
172.0.0.12 - - [19/June/2018:14:39:18 +0000] http "GET /foo?query=t HTTP/1.0" 200 2133 "-" "KeepAliveClient" "-" 1.005 1.854
172.0.0.12 - - [19/June/2018:14:39:19 +0000] http "GET /foo?query=t HTTP/1.0" 200 2133 "-" "KeepAliveClient" "-" 1.005 1.854
172.0.0.12 - - [19/June/2018:14:39:20 +0000] http "GET /foo?query=t HTTP/1.0" 200 2133 "-" "KeepAliveClient" "-" 1.005 1.854
172.0.0.12 - - [19/June/2018:14:39:21 +0000] http "GET /foo?query=t HTTP/1.0" 200 2133 "-" "KeepAliveClient" "-" 1.005 1.854
172.0.0.12 - - [19/June/2018:14:39:22 +0000] http "GET /foo?query=t HTTP/1.0" 200 2133 "-" "KeepAliveClient" "-" 1.005 1.854
172.0.0.12 - - [19/June/2018:14:39:24 +0000] http "GET /foo?query=t HTTP/1.0" 200 2133 "-" "KeepAliveClient" "-" 1.005 1.854
172.0.0.12 - - [19/June/2018:14:39:25 +0000] http "GET /foo?query=t HTTP/1.0" 200 2133 "-" "KeepAliveClient" "-" 1.005 1.854
172.0.0.12 - - [19/June/2018:14:39:25 +0000] http "GET /foo?query=t HTTP/1.0" 200 2133 "-" "KeepAliveClient" "-" 1.005 1.854
172.0.0.12 - - [19/June/2018:14:39:26 +0000] http "GET /foo?query=t HTTP/1.0" 200 2133 "-" "KeepAliveClient" "-" 1.005 1.854
172.0.0.12 - - [19/June/2018:14:39:26 +0000] http "GET /foo?query=t HTTP/1.0" 200 2133 "-" "KeepAliveClient" "-" 1.005 1.854
172.0.0.12 - - [19/June/2018:14:39:26 +0000] http "GET /foo?query=t HTTP/1.0" 200 2133 "-" "KeepAliveClient" "-" 1.005 1.854
172.0.0.12 - - [19/June/2018:14:39:28 +0000] http "GET /foo?query=t HTTP/1.0" 200 2133 "-" "KeepAliveClient" "-" 1.005 1.854
172.0.0.12 - - [19/June/2018:14:39:29 +0000] http "GET /foo?query=t HTTP/1.0" 200 2133 "-" "KeepAliveClient" "-" 1.005 1.854
172.0.0.12 - - [19/June/2018:14:39:29 +0000] http "GET /foo?query=t HTTP/1.0" 200 2133 "-" "KeepAliveClient" "-" 1.005 1.854
172.0.0.12 - - [19/June/2018:14:39:30 +0000] http "GET /foo?query=t HTTP/1.0" 200 2133 "-" "KeepAliveClient" "-" 1.005 1.854
172.0.0.12 - - [19/June/2018:14:39:30 +0000] http "GET /foo?query=t HTTP/1.0" 200 2133 "-" "KeepAliveClient" "-" 1.005 1.854
172.0.0.12 - - [19/June/2018:14:39:31 +0000] http "GET /foo?query=t HTTP/1.0" 200 2133 "-" "KeepAliveClient" "-" 1.005 1.854
172.0.0.12 - - [19/June/2018:14:39:33 +0000] http "GET /foo?query=t HTTP/1.0" 200 2133 "-" "KeepAliveClient" "-" 1.005 1.854
172.0.0.12 - - [19/June/2018:14:39:33 +0000] http "GET /foo?query=t HTTP/1.0" 200 2133 "-" "KeepAliveClient" "-" 1.005 1.854
172.0.0.12 - - [19/June/2018:14:39:34 +0000] http "GET /foo?query=t HTTP/1.0" 200 2133 "-" "KeepAliveClient" "-" 1.005 1.854
172.0.0.12 - - [19/June/2018:14:39:35 +0000] http "GET /foo?query=t HTTP/1.0" 200 2133 "-" "KeepAliveClient" "-" 1.005 1.854
172.0.0.12 - - [19/June/2018:14:39:37 +0000] http "GET /foo?query=t HTTP/1.0" 200 2133 "-" "KeepAliveClient" "-" 1.005 1.854
172.0.0.12 - - [19/June/2018:14:39:37 +0000] http "GET /foo?query=t HTTP/1.0" 200 2133 "-" "KeepAliveClient" "-" 1.005 1.854
172.0.0.12 - - [19/June/2018:14:39:38 +0000] http "GET /foo?query=t HTTP/1.0" 200 2133 "-" "KeepAliveClient" "-" 1.005 1.854
172.0.0.12 - - [19/June/2018:14:39:39 +0000] http "GET /foo?query=t HTTP/1.0" 200 2133 "-" "KeepAliveClient" "-" 1.005 1.854
172.0.0.12 - - [19/June/2018:14:39:41 +0000] http "GET /foo?query=t HTTP/1.0" 200 2133 "-" "KeepAliveClient" "-" 1.005 1.854
172.0.0.12 - - [19/June/2018:14:39:42 +0000] http "GET /foo?query=t HTTP/1.0" 200 2133 "-" "KeepAliveClient" "-" 1.005 1.854
172.0.0.12 - - [19/June/2018:14:39:43 +0000] http "GET /foo?query=t HTTP/1.0" 200 2133 "-" "KeepAliveClient" "-" 1.005 1.854
172.0.0.12 - - [19/June/2018:14:39:43 +0000] http "GET /foo?query=t HTTP/1.0" 200 2133 "-" "KeepAliveClient" "-" 1.005 1.854
172.0.0.12 - - [19/June/2018:14:39:44 +0000] http "GET /foo?query=t HTTP/1.0" 200 2133 "-" "KeepAliveClient" "-" 1.005 1.854
172.0.0.12 - - [19/June/2018:14:39:44 +0000] http "GET /foo?query=t HTTP/1.0" 200 2133 "-" "KeepAliveClient" "-" 1.005 1.854
172.0.0.12 - - [19/June/2018:14:39:46 +0000] http "GET /foo?query=t HTTP/1.0" 200 2133 "-" "KeepAliveClient" "-" 1.005 1.854
172.0.0.12 - - [19/June/2018:14:39:47 +0000] http "GET /foo?query=t HTTP/1.0" 200 2133 "-" "KeepAliveClient" "-" 1.005 1.854
172.0.0.12 - - [19/June/2018:14:39:47 +0000] http "GET /foo?query=t HTTP/1.0" 200 2133 "-" "KeepAliveClient" "-" 1.005 1.854
172.0.0.12 - - [19/June/2018:14:39:49 +0000] http "GET /foo?query=t HTTP/1.0" 200 2133 "-" "KeepAliveClient" "-" 1.005 1.854
172.0.0.12 - - [19/June/2018:14:39:49 +0000] http "GET /foo?query=t HTTP/1.0" 200 2133 "-" "KeepAliveClient" "-" 1.005 1.854
172.0.0.12 - - [19/June/2018:14:39:50 +0000] http "GET /foo?query=t HTTP/1.0" 200 2133 "-" "KeepAliveClient" "-" 1.005 1.854
172.0.0.12 - - [19/June/2018:14:39:50 +0000] http "GET /foo?query=t HTTP/1.0" 200 2133 "-" "KeepAliveClient" "-" 1.005 1.854
172.0.0.12 - - [19/June/2018:14:39:51 +0000] http "GET /foo?query=t HTTP/1.0" 200 2133 "-" "KeepAliveClient" "-" 1.005 1.854
172.0.0.12 - - [19/June/2018:14:39:51 +0000] http "GET /foo?query=t HTTP/1.0" 200 2133 "-" "KeepAliveClient" "-" 1.005 1.854
172.0.0.12 - - [19/June/2018:14:39:51 +0000] http "GET /foo?query=t HTTP/1.0" 200 2133 "-" "KeepAliveClient" "-" 1.005 1.854
172.0.0.12 - - [19/June/2018:14:39:53 +0000] http "GET /foo?query=t HTTP/1.0" 200 2133 "-" "KeepAliveClient" "-" 1.005 1.854
172.0.0.12 - - [19/June/2018:14:39:55 +0000] http "GET /foo?query=t HTTP/1.0" 200 2133 "-" "KeepAliveClient" "-" 1.005 1.854
172.0.0.12 - - [19/June/2018:14:39:55 +0000] http "GET /foo?query=t HTTP/1.0" 200 2133 "-" "KeepAliveClient" "-" 1.005 1.854
172.0.0.12 - - [19/June/2018:14:39:57 +0000] http "GET /foo?query=t HTTP/1.0" 200 2133 "-" "KeepAliveClient" "-" 1.005 1.854
172.0.0.12 - - [19/June/2018:14:39:58 +0000] http "GET /foo?query=t HTTP/1.0" 200 2133 "-" "KeepAliveClient" "-" 1.005 1.854
172.0.0.12 - - [19/June/2018:14:40:00 +0000] http "GET /foo?query=t HTTP/1.0" 200 2133 "-" "KeepAliveClient" "-" 1.005 1.854
172.0.0.12 - - [19/June/2018:14:40:00 +0000] http "GET /foo?query=t HTTP/1.0" 200 2133 "-" "KeepAliveClient" "-" 1.005 1.854
172.0.0.12 - - [19/June/2018:14:40:00 +0000] http "GET /foo?query=t HTTP/1.0" 200 2133 "-" "KeepAliveClient" "-" 1.005 1.854
172.0.0.12 - - [19/June/2018:14:40:01 +0000] http "GET /foo?query=t HTTP/1.0" 200 2133 "-" "KeepAliveClient" "-" 1.005 1.854
172.0.0.12 - - [19/June/2018:14:40:03 +0000] http "GET /foo?query=t HTTP/1.0" 200 2133 "-" "KeepAliveClient" "-" 1.005 1.854
172.0.0.12 - - [19/June/2018:14:40:03 +0000] http "GET /foo?query=t HTTP/1.0" 200 2133 "-" "KeepAliveClient" "-" 1.005 1.854
172.0.0.12 - - [19/June/2018:00:33:47 +0000] http "GET /foo?query=t HTTP/1.0" 200 2133 "-" "KeepAliveClient" "-" 1.005 1.854
172.0.0.12 - - [19/June/2018:00:33:47 +0000] http "GET /foo?query=t HTTP/1.0" 200 2133 "-" "KeepAliveClient" "-" 1.005 1.854
172.0.0.12 - - [19/June/2018:00:33:47 +0000] http "GET /foo?query=t HTTP/1.0" 200 2133 "-" "KeepAliveClient" "-" 1.005 1.854
172.0.0.12 - - [19/June/2018:00:33:47 +0000] http "GET /foo?query=t HTTP/1.0" 200 2133 "-" "KeepAliveClient" "-" 1.005 1.854
172.0.0.12 - - [19/June/2018:00:33:47 +0000] http "GET /foo?query=t HTTP/1.0" 200 2133 "-" "KeepAliveClient" "-" 1.005 1.854
172.0.0.12 - - [19/June/2018:00:33:47 +0000] http "GET /foo?query=t HTTP/1.0" 200 2133 "-" "KeepAliveClient" "-" 1.005 1.854
172.0.0.12 - - [19/June/2018:00:33:47 +0000] http "GET /foo?query=t HTTP/1.0" 200 2133 "-" "KeepAliveClient" "-" 1.005 1.854
172.0.0.12 - - [19/June/2018:00:33:47 +0000] http "GET /foo?query=t HTTP/1.0" 200 2133 "-" "KeepAliveClient" "-" 1.005 1.854
172.0.0.12 - - [19/June/2018:00:33:47 +0000] http "GET /foo?query=t HTTP/1.0" 200 2133 "-" "KeepAliveClient" "-" 1.005 1.854
172.0.0.12 - - [19/June/2018:00:33:48 +0000] http "GET /foo?query=t HTTP/1.0" 200 2133 "-" "KeepAliveClient" "-" 1.005 1.854
172.0.0.12 - - [19/June/2018:00:33:48 +0000] http "GET /foo?query=t HTTP/1.0" 200 2133 "-" "KeepAliveClient" "-" 1.005 1.854
172.0.0.12 - - [19/June/2018:00:33:48 +0000] http "GET /foo?query=t HTTP/1.0" 200 2133 "-" "KeepAliveClient" "-" 1.005 1.854
172.0.0.12 - - [19/June/2018:00:33:48 +0000] http "GET /foo?query=t HTTP/1.0" 200 2133 "-" "KeepAliveClient" "-" 1.005 1.854
172.0.0.12 - - [19/June/2018:00:33:48 +0000] http "GET /foo?query=t HTTP/1.0" 200 2133 "-" "KeepAliveClient" "-" 1.005 1.854
172.0.0.12 - - [19/June/2018:00:33:48 +0000] http "GET /foo?query=t HTTP/1.0" 200 2133 "-" "KeepAliveClient" "-" 1.005 1.854
172.0.0.12 - - [19/June/2018:00:33:48 +0000] http "GET /foo?query=t HTTP/1.0" 200 2133 "-" "KeepAliveClient" "-" 1.005 1.854
172.0.0.12 - - [19/June/2018:00:33:48 +0000] http "GET /foo?query=t HTTP/1.0" 200 2133 "-" "KeepAliveClient" "-" 1.005 1.854
172.0.0.12 - - [19/June/2018:00:33:48 +0000] http "GET /foo?query=t HTTP/1.0" 200 2133 "-" "KeepAliveClient" "-" 1.005 1.854
172.0.0.12 - - [19/June/2018:00:33:48 +0000] http "GET /foo?query=t HTTP/1.0" 200 2133 "-" "KeepAliveClient" "-" 1.005 1.854
172.0.0.12 - - [19/June/2018:00:33:49 +0000] http "GET /foo?query=t HTTP/1.0" 200 2133 "-" "KeepAliveClient" "-" 1.005 1.854
172.0.0.12 - - [19/June/2018:00:33:49 +0000] http "GET /foo?query=t HTTP/1.0" 200 2133 "-" "KeepAliveClient" "-" 1.005 1.854
172.0.0.12 - - [19/June/2018:00:33:49 +0000] http "GET /foo?query=t HTTP/1.0" 200 2133 "-" "KeepAliveClient" "-" 1.005 1.854
172.0.0.12 - - [19/June/2018:00:33:49 +0000] http "GET /foo?query=t HTTP/1.0" 200 2133 "-" "KeepAliveClient" "-" 1.005 1.854
172.0.0.12 - - [19/June/2018:00:33:49 +0000] http "GET /foo?query=t HTTP/1.0" 200 2133 "-" "KeepAliveClient" "-" 1.005 1.854
172.0.0.12 - - [19/June/2018:00:33:49 +0000] http "GET /foo?query=t HTTP/1.0" 200 2133 "-" "KeepAliveClient" "-" 1.005 1.854
172.0.0.12 - - [19/June/2018:00:33:49 +0000] http "GET /foo?query=t HTTP/1.0" 200 2133 "-" "KeepAliveClient" "-" 1.005 1.854
172.0.0.12 - - [19/June/2018:00:33:49 +0000] http "GET /foo?query=t HTTP/1.0" 200 2133 "-" "KeepAliveClient" "-" 1.005 1.854
172.0.0.12 - - [19/June/2018:00:33:49 +0000] http "GET /foo?query=t HTTP/1.0" 200 2133 "-" "KeepAliveClient" "-" 1.005 1.854
172.0.0.12 - - [19/June/2018:00:33:49 +0000] http "GET /foo?query=t HTTP/1.0" 200 2133 "-" "KeepAliveClient" "-" 1.005 1.854
172.0.0.12 - - [19/June/2018:00:33:50 +0000] http "GET /foo?query=t HTTP/1.0" 200 2133 "-" "KeepAliveClient" "-" 1.005 1.854
172.0.0.12 - - [19/June/2018:00:33:50 +0000] http "GET /foo?query=t HTTP/1.0" 200 2133 "-" "KeepAliveClient" "-" 1.005 1.854
172.0.0.12 - - [19/June/2018:00:33:50 +0000] http "GET /foo?query=t HTTP/1.0" 200 2133 "-" "KeepAliveClient" "-" 1.005 1.854
172.0.0.12 - - [19/June/2018:00:33:50 +0000] http "GET /foo?query=t HTTP/1.0" 200 2133 "-" "KeepAliveClient" "-" 1.005 1.854
172.0.0.12 - - [19/June/2018:00:33:50 +0000] http "GET /foo?query=t HTTP/1.0" 200 2133 "-" "KeepAliveClient" "-" 1.005 1.854
172.0.0.12 - - [19/June/2018:00:33:50 +0000] http "GET /foo?query=t HTTP/1.0" 200 2133 "-" "KeepAliveClient" "-" 1.005 1.854
172.0.0.12 - - [19/June/2018:00:33:50 +0000] http "GET /foo?query=t HTTP/1.0" 200 2133 "-" "KeepAliveClient" "-" 1.005 1.854
172.0.0.12 - - [19/June/2018:00:33:50 +0000] http "GET /foo?query=t HTTP/1.0" 200 2133 "-" "KeepAliveClient" "-" 1.005 1.854
172.0.0.12 - - [19/June/2018:00:33:50 +0000] http "GET /foo?query=t HTTP/1.0" 200 2133 "-" "KeepAliveClient" "-" 1.005 1.854
172.0.0.12 - - [19/June/2018:00:33:50 +0000] http "GET /foo?query=t HTTP/1.0" 200 2133 "-" "KeepAliveClient" "-" 1.005 1.854
172.0.0.12 - - [19/June/2018:00:33:50 +0000] http "GET /foo?query=t HTTP/1.0" 200 2133 "-" "KeepAliveClient" "-" 1.005 1.854
172.0.0.12 - - [19/June/2018:00:33:50 +0000] http "GET /foo?query=t HTTP/1.0" 200 2133 "-" "KeepAliveClient" "-" 1.005 1.854
172.0.0.12 - - [19/June/2018:00:33:50 +0000] http "GET /foo?query=t HTTP/1.0" 200 2133 "-" "KeepAliveClient" "-" 1.005 1.854
172.0.0.12 - - [19/June/2018:00:33:50 +0000] http "GET /foo?query=t HTTP/1.0" 200 2133 "-" "KeepAliveClient" "-" 1.005 1.854
172.0.0.12 - - [19/June/2018:00:33:50 +0000] http "GET /foo?query=t HTTP/1.0" 200 2133 "-" "KeepAliveClient" "-" 1.005 1.854
172.0.0.12 - - [19/June/2018:00:33:51 +0000] http "GET /foo?query=t HTTP/1.0" 200 2133 "-" "KeepAliveClient" "-" 1.005 1.854
172.0.0.12 - - [19/June/2018:00:33:51 +0000] http "GET /foo?query=t HTTP/1.0" 200 2133 "-" "KeepAliveClient" "-" 1.005 1.854
172.0.0.12 - - [19/June/2018:00:33:51 +0000] http "GET /foo?query=t HTTP/1.0" 200 2133 "-" "KeepAliveClient" "-" 1.005 1.854
172.0.0.12 - - [19/June/2018:00:33:51 +0000] http "GET /foo?query=t HTTP/1.0" 200 2133 "-" "KeepAliveClient" "-" 1.005 1.854
172.0.0.12 - - [19/June/2018:00:33:51 +0000] http "GET /foo?query=t HTTP/1.0" 200 2133 "-" "KeepAliveClient" "-" 1.005 1.854
172.0.0.12 - - [19/June/2018:00:33:51 +0000] http "GET /foo?query=t HTTP/1.0" 200 2133 "-" "KeepAliveClient" "-" 1.005 1.854
172.0.0.12 - - [19/June/2018:00:33:51 +0000] http "GET /foo?query=t HTTP/1.0" 200 2133 "-" "KeepAliveClient" "-" 1.005 1.854
172.0.0.12 - - [19/June/2018:00:33:51 +0000] http "GET /foo?query=t HTTP/1.0" 200 2133 "-" "KeepAliveClient" "-" 1.005 1.854
172.0.0.12 - - [19/June/2018:00:33:51 +0000] http "GET /foo?query=t HTTP/1.0" 200 2133 "-" "KeepAliveClient" "-" 1.005 1.854
172.0.0.12 - - [19/June/2018:00:33:51 +0000] http "GET /foo?query=t HTTP/1.0" 200 2133 "-" "KeepAliveClient" "-" 1.005 1.854
172.0.0.12 - - [19/June/2018:00:33:52 +0000] http "GET /foo?query=t HTTP/1.0" 200 2133 "-" "KeepAliveClient" "-" 1.005 1.854
172.0.0.12 - - [19/June/2018:00:33:52 +0000] http "GET /foo?query=t HTTP/1.0" 200 2133 "-" "KeepAliveClient" "-" 1.005 1.854
172.0.0.12 - - [19/June/2018:00:33:52 +0000] http "GET /foo?query=t HTTP/1.0" 200 2133 "-" "KeepAliveClient" "-" 1.005 1.854
172.0.0.12 - - [19/June/2018:00:33:52 +0000] http "GET /foo?query=t HTTP/1.0" 200 2133 "-" "KeepAliveClient" "-" 1.005 1.854
172.0.0.12 - - [19/June/2018:00:33:52 +0000] http "GET /foo?query=t HTTP/1.0" 200 2133 "-" "KeepAliveClient" "-" 1.005 1.854
172.0.0.12 - - [19/June/2018:00:33:52 +0000] http "GET /foo?query=t HTTP/1.0" 200 2133 "-" "KeepAliveClient" "-" 1.005 1.854
172.0.0.12 - - [19/June/2018:00:33:52 +0000] http "GET /foo?query=t HTTP/1.0" 200 2133 "-" "KeepAliveClient" "-" 1.005 1.854
172.0.0.12 - - [19/June/2018:00:33:52 +0000] http "GET /foo?query=t HTTP/1.0" 200 2133 "-" "KeepAliveClient" "-" 1.005 1.854
172.0.0.12 - - [19/June/2018:00:33:52 +0000] http "GET /foo?query=t HTTP/1.0" 200 2133 "-" "KeepAliveClient" "-" 1.005 1.854
172.0.0.12 - - [19/June/2018:00:33:53 +0000] http "GET /foo?query=t HTTP/1.0" 200 2133 "-" "KeepAliveClient" "-" 1.005 1.854
172.0.0.12 - - [19/June/2018:00:33:53 +0000] http "GET /foo?query=t HTTP/1.0" 200 2133 "-" "KeepAliveClient" "-" 1.005 1.854
172.0.0.12 - - [19/June/2018:00:33:53 +0000] http "GET /foo?query=t HTTP/1.0" 200 2133 "-" "KeepAliveClient" "-" 1.005 1.854
172.0.0.12 - - [19/June/2018:00:33:53 +0000] http "GET /foo?query=t HTTP/1.0" 200 2133 "-" "KeepAliveClient" "-" 1.005 1.854
172.0.0.12 - - [19/June/2018:00:33:53 +0000] http "GET /foo?query=t HTTP/1.0" 200 2133 "-" "KeepAliveClient" "-" 1.005 1.854
172.0.0.12 - - [19/June/2018:00:33:53 +0000] http "GET /foo?query=t HTTP/1.0" 200 2133 "-" "KeepAliveClient" "-" 1.005 1.854
172.0.0.12 - - [19/June/2018:00:33:53 +0000] http "GET /foo?query=t HTTP/1.0" 200 2133 "-" "KeepAliveClient" "-" 1.005 1.854
172.0.0.12 - - [19/June/2018:00:33:53 +0000] http "GET /foo?query=t HTTP/1.0" 200 2133 "-" "KeepAliveClient" "-" 1.005 1.854
172.0.0.12 - - [19/June/2018:00:33:53 +0000] http "GET /foo?query=t HTTP/1.0" 200 2133 "-" "KeepAliveClient" "-" 1.005 1.854
172.0.0.12 - - [19/June/2018:00:33:53 +0000] http "GET /foo?query=t HTTP/1.0" 200 2133 "-" "KeepAliveClient" "-" 1.005 1.854
172.0.0.12 - - [19/June/2018:00:33:53 +0000] http "GET /foo?query=t HTTP/1.0" 200 2133 "-" "KeepAliveClient" "-" 1.005 1.854
172.0.0.12 - - [19/June/2018:00:33:53 +0000] http "GET /foo?query=t HTTP/1.0" 200 2133 "-" "KeepAliveClient" "-" 1.005 1.854
172.0.0.12 - - [19/June/2018:00:33:53 +0000] http "GET /foo?query=t HTTP/1.0" 200 2133 "-" "KeepAliveClient" "-" 1.005 1.854
172.0.0.12 - - [19/June/2018:00:33:54 +0000] http "GET /foo?query=t HTTP/1.0" 200 2133 "-" "KeepAliveClient" "-" 1.005 1.854
172.0.0.12 - - [19/June/2018:00:33:54 +0000] http "GET /foo?query=t HTTP/1.0" 200 2133 "-" "KeepAliveClient" "-" 1.005 1.854
172.0.0.12 - - [19/June/2018:00:33:54 +0000] http "GET /foo?query=t HTTP/1.0" 200 2133 "-" "KeepAliveClient" "-" 1.005 1.854
172.0.0.12 - - [19/June/2018:00:33:54 +0000] http "GET /foo?query=t HTTP/1.0" 200 2133 "-" "KeepAliveClient" "-" 1.005 1.854
172.0.0.12 - - [19/June/2018:00:33:54 +0000] http "GET /foo?query=t HTTP/1.0" 200 2133 "-" "KeepAliveClient" "-" 1.005 1.854
172.0.0.12 - - [19/June/2018:00:33:54 +0000] http "GET /foo?query=t HTTP/1.0" 200 2133 "-" "KeepAliveClient" "-" 1.005 1.854
172.0.0.12 - - [19/June/2018:00:33:54 +0000] http "GET /foo?query=t HTTP/1.0" 200 2133 "-" "KeepAliveClient" "-" 1.005 1.854
172.0.0.12 - - [19/June/2018:00:33:54 +0000] http "GET /foo?query=t HTTP/1.0" 200 2133 "-" "KeepAliveClient" "-" 1.005 1.854
172.0.0.12 - - [19/June/2018:00:33:54 +0000] http "GET /foo?query=t HTTP/1.0" 200 2133 "-" "KeepAliveClient" "-" 1.005 1.854
172.0.0.12 - - [19/June/2018:00:33:54 +0000] http "GET /foo?query=t HTTP/1.0" 200 2133 "-" "KeepAliveClient" "-" 1.005 1.854
172.0.0.12 - - [19/June/2018:00:33:55 +0000] http "GET /foo?query=t HTTP/1.0" 200 2133 "-" "KeepAliveClient" "-" 1.005 1.854
172.0.0.12 - - [19/June/2018:00:33:55 +0000] http "GET /foo?query=t HTTP/1.0" 200 2133 "-" "KeepAliveClient" "-" 1.005 1.854
172.0.0.12 - - [19/June/2018:00:33:55 +0000] http "GET /foo?query=t HTTP/1.0" 200 2133 "-" "KeepAliveClient" "-" 1.005 1.854
172.0.0.12 - - [19/June/2018:00:33:55 +0000] http "GET /foo?query=t HTTP/1.0" 200 2133 "-" "KeepAliveClient" "-" 1.005 1.854
172.0.0.12 - - [19/June/2018:00:33:55 +0000] http "GET /foo?query=t HTTP/1.0" 200 2133 "-" "KeepAliveClient" "-" 1.005 1.854
172.0.0.12 - - [19/June/2018:00:33:55 +0000] http "GET /foo?query=t HTTP/1.0" 200 2133 "-" "KeepAliveClient" "-" 1.005 1.854
172.0.0.12 - - [19/June/2018:00:33:55 +0000] http "GET /foo?query=t HTTP/1.0" 200 2133 "-" "KeepAliveClient" "-" 1.005 1.854
172.0.0.12 - - [19/June/2018:00:33:55 +0000] http "GET /foo?query=t HTTP/1.0" 200 2133 "-" "KeepAliveClient" "-" 1.005 1.854
172.0.0.12 - - [19/June/2018:00:33:56 +0000] http "GET /foo?query=t HTTP/1.0" 200 2133 "-" "KeepAliveClient" "-" 1.005 1.854
172.0.0.12 - - [19/June/2018:00:33:56 +0000] http "GET /foo?query=t HTTP/1.0" 200 2133 "-" "KeepAliveClient" "-" 1.005 1.854
172.0.0.12 - - [19/June/2018:00:33:56 +0000] http "GET /foo?query=t HTTP/1.0" 200 2133 "-" "KeepAliveClient" "-" 1.005 1.854
172.0.0.12 - - [19/June/2018:00:33:56 +0000] http "GET /foo?query=t HTTP/1.0" 200 2133 "-" "KeepAliveClient" "-" 1.005 1.854
172.0.0.12 - - [19/June/2018:00:33:56 +0000] http "GET /foo?query=t HTTP/1.0" 200 2133 "-" "KeepAliveClient" "-" 1.005 1.854
172.0.0.12 - - [19/June/2018:00:33:56 +0000] http "GET /foo?query=t HTTP/1.0" 200 2133 "-" "KeepAliveClient" "-" 1.005 1.854
172.0.0.12 - - [19/June/2018:00:33:56 +0000] http "GET /foo?query=t HTTP/1.0" 200 2133 "-" "KeepAliveClient" "-" 1.005 1.854
172.0.0.12 - - [19/June/2018:00:33:56 +0000] http "GET /foo?query=t HTTP/1.0" 200 2133 "-" "KeepAliveClient" "-" 1.005 1.854
172.0.0.12 - - [19/June/2018:00:33:56 +0000] http "GET /foo?query=t HTTP/1.0" 200 2133 "-" "KeepAliveClient" "-" 1.005 1.854
172.0.0.12 - - [19/June/2018:00:33:56 +0000] http "GET /foo?query=t HTTP/1.0" 200 2133 "-" "KeepAliveClient" "-" 1.005 1.854
172.0.0.12 - - [19/June/2018:00:33:57 +0000] http "GET /foo?query=t HTTP/1.0" 200 2133 "-" "KeepAliveClient" "-" 1.005 1.854
172.0.0.12 - - [19/June/2018:00:33:57 +0000] http "GET /foo?query=t HTTP/1.0" 200 2133 "-" "KeepAliveClient" "-" 1.005 1.854
172.0.0.12 - - [19/June/2018:00:33:57 +0000] http "GET /foo?query=t HTTP/1.0" 200 2133 "-" "KeepAliveClient" "-" 1.005 1.854
172.0.0.12 - - [19/June/2018:00:33:57 +0000] http "GET /foo?query=t HTTP/1.0" 200 2133 "-" "KeepAliveClient" "-" 1.005 1.854
172.0.0.12 - - [19/June/2018:00:33:57 +0000] http "GET /foo?query=t HTTP/1.0" 200 2133 "-" "KeepAliveClient" "-" 1.005 1.854
172.0.0.12 - - [19/June/2018:00:33:57 +0000] http "GET /foo?query=t HTTP/1.0" 200 2133 "-" "KeepAliveClient" "-" 1.005 1.854
172.0.0.12 - - [19/June/2018:00:33:57 +0000] http "GET /foo?query=t HTTP/1.0" 200 2133 "-" "KeepAliveClient" "-" 1.005 1.854
172.0.0.12 - - [19/June/2018:00:33:57 +0000] http "GET /foo?query=t HTTP/1.0" 200 2133 "-" "KeepAliveClient" "-" 1.005 1.854
172.0.0.12 - - [19/June/2018:00:33:57 +0000] http "GET /foo?query=t HTTP/1.0" 200 2133 "-" "KeepAliveClient" "-" 1.005 1.854
172.0.0.12 - - [19/June/2018:00:33:57 +0000] http "GET /foo?query=t HTTP/1.0" 200 2133 "-" "KeepAliveClient" "-" 1.005 1.854
172.0.0.12 - - [19/June/2018:00:33:57 +0000] http "GET /foo?query=t HTTP/1.0" 200 2133 "-" "KeepAliveClient" "-" 1.005 1.854
172.0.0.12 - - [19/June/2018:00:33:58 +0000] http "GET /foo?query=t HTTP/1.0" 200 2133 "-" "KeepAliveClient" "-" 1.005 1.854
172.0.0.12 - - [19/June/2018:00:33:58 +0000] http "GET /foo?query=t HTTP/1.0" 200 2133 "-" "KeepAliveClient" "-" 1.005 1.854
172.0.0.12 - - [19/June/2018:00:33:58 +0000] http "GET /foo?query=t HTTP/1.0" 200 2133 "-" "KeepAliveClient" "-" 1.005 1.854
172.0.0.12 - - [19/June/2018:00:33:58 +0000] http "GET /foo?query=t HTTP/1.0" 200 2133 "-" "KeepAliveClient" "-" 1.005 1.854
172.0.0.12 - - [19/June/2018:00:33:58 +0000] http "GET /foo?query=t HTTP/1.0" 200 2133 "-" "KeepAliveClient" "-" 1.005 1.854
172.0.0.12 - - [19/June/2018:00:33:58 +0000] http "GET /foo?query=t HTTP/1.0" 200 2133 "-" "KeepAliveClient" "-" 1.005 1.854
172.0.0.12 - - [19/June/2018:00:33:58 +0000] http "GET /foo?query=t HTTP/1.0" 200 2133 "-" "KeepAliveClient" "-" 1.005 1.854
172.0.0.12 - - [19/June/2018:00:33:58 +0000] http "GET /foo?query=t HTTP/1.0" 200 2133 "-" "KeepAliveClient" "-" 1.005 1.854
172.0.0.12 - - [19/June/2018:00:33:58 +0000] http "GET /foo?query=t HTTP/1.0" 200 2133 "-" "KeepAliveClient" "-" 1.005 1.854
172.0.0.12 - - [19/June/2018:00:33:58 +0000] http "GET /foo?query=t HTTP/1.0" 200 2133 "-" "KeepAliveClient" "-" 1.005 1.854
172.0.0.12 - - [19/June/2018:00:33:58 +0000] http "GET /foo?query=t HTTP/1.0" 200 2133 "-" "KeepAliveClient" "-" 1.005 1.854
172.0.0.12 - - [19/June/2018:00:33:59 +0000] http "GET /foo?query=t HTTP/1.0" 200 2133 "-" "KeepAliveClient" "-" 1.005 1.854
172.0.0.12 - - [19/June/2018:00:33:59 +0000] http "GET /foo?query=t HTTP/1.0" 200 2133 "-" "KeepAliveClient" "-" 1.005 1.854
172.0.0.12 - - [19/June/2018:00:33:59 +0000] http "GET /foo?query=t HTTP/1.0" 200 2133 "-" "KeepAliveClient" "-" 1.005 1.854
172.0.0.12 - - [19/June/2018:00:33:59 +0000] http "GET /foo?query=t HTTP/1.0" 200 2133 "-" "KeepAliveClient" "-" 1.005 1.854
172.0.0.12 - - [19/June/2018:00:33:59 +0000] http "GET /foo?query=t HTTP/1.0" 200 2133 "-" "KeepAliveClient" "-" 1.005 1.854
172.0.0.12 - - [19/June/2018:00:33:59 +0000] http "GET /foo?query=t HTTP/1.0" 200 2133 "-" "KeepAliveClient" "-" 1.005 1.854
172.0.0.12 - - [19/June/2018:00:33:59 +0000] http "GET /foo?query=t HTTP/1.0" 200 2133 "-" "KeepAliveClient" "-" 1.005 1.854
172.0.0.12 - - [19/June/2018:00:33:59 +0000] http "GET /foo?query=t HTTP/1.0" 200 2133 "-" "KeepAliveClient" "-" 1.005 1.854
172.0.0.12 - - [19/June/2018:00:33:59 +0000] http "GET /foo?query=t HTTP/1.0" 200 2133 "-" "KeepAliveClient" "-" 1.005 1.854
172.0.0.12 - - [19/June/2018:00:33:59 +0000] http "GET /foo?query=t HTTP/1.0" 200 2133 "-" "KeepAliveClient" "-" 1.005 1.854
172.0.0.12 - - [19/June/2018:00:33:59 +0000] http "GET /foo?query=t HTTP/1.0" 200 2133 "-" "KeepAliveClient" "-" 1.005 1.854
172.0.0.12 - - [19/June/2018:00:34:00 +0000] http "GET /foo?query=t HTTP/1.0" 200 2133 "-" "KeepAliveClient" "-" 1.005 1.854
172.0.0.12 - - [19/June/2018:00:34:00 +0000] http "GET /foo?query=t HTTP/1.0" 200 2133 "-" "KeepAliveClient" "-" 1.005 1.854
172.0.0.12 - - [19/June/2018:00:34:00 +0000] http "GET /foo?query=t HTTP/1.0" 200 2133 "-" "KeepAliveClient" "-" 1.005 1.854
172.0.0.12 - - [19/June/2018:00:34:00 +0000] http "GET /foo?query=t HTTP/1.0" 200 2133 "-" "KeepAliveClient" "-" 1.005 1.854
172.0.0.12 - - [19/June/2018:00:34:00 +0000] http "GET /foo?query=t HTTP/1.0" 200 2133 "-" "KeepAliveClient" "-" 1.005 1.854
172.0.0.12 - - [19/June/2018:00:34:00 +0000] http "GET /foo?query=t HTTP/1.0" 200 2133 "-" "KeepAliveClient" "-" 1.005 1.854
172.0.0.12 - - [19/June/2018:00:34:00 +0000] http "GET /foo?query=t HTTP/1.0" 200 2133 "-" "KeepAliveClient" "-" 1.005 1.854
172.0.0.12 - - [19/June/2018:00:34:00 +0000] http "GET /foo?query=t HTTP/1.0" 200 2133 "-" "KeepAliveClient" "-" 1.005 1.854
172.0.0.12 - - [19/June/2018:00:34:00 +0000] http "GET /foo?query=t HTTP/1.0" 200 2133 "-" "KeepAliveClient" "-" 1.005 1.854
172.0.0.12 - - [19/June/2018:00:34:00 +0000] http "GET /foo?query=t HTTP/1.0" 200 2133 "-" "KeepAliveClient" "-" 1.005 1.854
172.0.0.12 - - [19/June/2018:00:34:00 +0000] http "GET /foo?query=t HTTP/1.0" 200 2133 "-" "KeepAliveClient" "-" 1.005 1.854
172.0.0.12 - - [19/June/2018:00:34:00 +0000] http "GET /foo?query=t HTTP/1.0" 200 2133 "-" "KeepAliveClient" "-" 1.005 1.854
172.0.0.12 - - [19/June/2018:00:34:01 +0000] http "GET /foo?query=t HTTP/1.0" 200 2133 "-" "KeepAliveClient" "-" 1.005 1.854
172.0.0.12 - - [19/June/2018:00:34:01 +0000] http "GET /foo?query=t HTTP/1.0" 200 2133 "-" "KeepAliveClient" "-" 1.005 1.854
172.0.0.12 - - [19/June/2018:00:34:01 +0000] http "GET /foo?query=t HTTP/1.0" 200 2133 "-" "KeepAliveClient" "-" 1.005 1.854
172.0.0.12 - - [19/June/2018:00:34:01 +0000] http "GET /foo?query=t HTTP/1.0" 200 2133 "-" "KeepAliveClient" "-" 1.005 1.854
172.0.0.12 - - [19/June/2018:00:34:01 +0000] http "GET /foo?query=t HTTP/1.0" 200 2133 "-" "KeepAliveClient" "-" 1.005 1.854
172.0.0.12 - - [19/June/2018:00:34:01 +0000] http "GET /foo?query=t HTTP/1.0" 200 2133 "-" "KeepAliveClient" "-" 1.005 1.854
172.0.0.12 - - [19/June/2018:00:34:01 +0000] http "GET /foo?query=t HTTP/1.0" 200 2133 "-" "KeepAliveClient" "-" 1.005 1.854
172.0.0.12 - - [19/June/2018:00:34:01 +0000] http "GET /foo?query=t HTTP/1.0" 200 2133 "-" "KeepAliveClient" "-" 1.005 1.854
172.0.0.12 - - [19/June/2018:00:34:01 +0000] http "GET /foo?query=t HTTP/1.0" 200 2133 "-" "KeepAliveClient" "-" 1.005 1.854
172.0.0.12 - - [19/June/2018:00:34:01 +0000] http "GET /foo?query=t HTTP/1.0" 200 2133 "-" "KeepAliveClient" "-" 1.005 1.854
172.0.0.12 - - [19/June/2018:00:34:01 +0000] http "GET /foo?query=t HTTP/1.0" 200 2133 "-" "KeepAliveClient" "-" 1.005 1.854
172.0.0.12 - - [19/June/2018:00:34:02 +0000] http "GET /foo?query=t HTTP/1.0" 200 2133 "-" "KeepAliveClient" "-" 1.005 1.854
172.0.0.12 - - [19/June/2018:00:34:02 +0000] http "GET /foo?query=t HTTP/1.0" 200 2133 "-" "KeepAliveClient" "-" 1.005 1.854
172.0.0.12 - - [19/June/2018:00:34:02 +0000] http "GET /foo?query=t HTTP/1.0" 200 2133 "-" "KeepAliveClient" "-" 1.005 1.854
172.0.0.12 - - [19/June/2018:00:34:02 +0000] http "GET /foo?query=t HTTP/1.0" 200 2133 "-" "KeepAliveClient" "-" 1.005 1.854
172.0.0.12 - - [19/June/2018:00:34:02 +0000] http "GET /foo?query=t HTTP/1.0" 200 2133 "-" "KeepAliveClient" "-" 1.005 1.854
172.0.0.12 - - [19/June/2018:00:34:02 +0000] http "GET /foo?query=t HTTP/1.0" 200 2133 "-" "KeepAliveClient" "-" 1.005 1.854
172.0.0.12 - - [19/June/2018:00:34:02 +0000] http "GET /foo?query=t HTTP/1.0" 200 2133 "-" "KeepAliveClient" "-" 1.005 1.854
172.0.0.12 - - [19/June/2018:00:34:02 +0000] http "GET /foo?query=t HTTP/1.0" 200 2133 "-" "KeepAliveClient" "-" 1.005 1.854
172.0.0.12 - - [19/June/2018:00:34:02 +0000] http "GET /foo?query=t HTTP/1.0" 200 2133 "-" "KeepAliveClient" "-" 1.005 1.854
172.0.0.12 - - [19/June/2018:00:34:03 +0000] http "GET /foo?query=t HTTP/1.0" 200 2133 "-" "KeepAliveClient" "-" 1.005 1.854
172.0.0.12 - - [19/June/2018:00:34:03 +0000] http "GET /foo?query=t HTTP/1.0" 200 2133 "-" "KeepAliveClient" "-" 1.005 1.854
172.0.0.12 - - [19/June/2018:00:34:03 +0000] http "GET /foo?query=t HTTP/1.0" 200 2133 "-" "KeepAliveClient" "-" 1.005 1.854
172.0.0.12 - - [19/June/2018:00:34:03 +0000] http "GET /foo?query=t HTTP/1.0" 200 2133 "-" "KeepAliveClient" "-" 1.005 1.854
172.0.0.12 - - [19/June/2018:00:34:03 +0000] http "GET /foo?query=t HTTP/1.0" 200 2133 "-" "KeepAliveClient" "-" 1.005 1.854
172.0.0.12 - - [19/June/2018:00:34:03 +0000] http "GET /foo?query=t HTTP/1.0" 200 2133 "-" "KeepAliveClient" "-" 1.005 1.854
172.0.0.12 - - [19/June/2018:00:34:03 +0000] http "GET /foo?query=t HTTP/1.0" 200 2133 "-" "KeepAliveClient" "-" 1.005 1.854
172.0.0.12 - - [19/June/2018:00:34:03 +0000] http "GET /foo?query=t HTTP/1.0" 200 2133 "-" "KeepAliveClient" "-" 1.005 1.854
172.0.0.12 - - [19/June/2018:00:34:04 +0000] http "GET /foo?query=t HTTP/1.0" 200 2133 "-" "KeepAliveClient" "-" 1.005 1.854
172.0.0.12 - - [19/June/2018:00:34:04 +0000] http "GET /foo?query=t HTTP/1.0" 200 2133 "-" "KeepAliveClient" "-" 1.005 1.854
172.0.0.12 - - [19/June/2018:00:34:04 +0000] http "GET /foo?query=t HTTP/1.0" 200 2133 "-" "KeepAliveClient" "-" 1.005 1.854
172.0.0.12 - - [19/June/2018:00:34:04 +0000] http "GET /foo?query=t HTTP/1.0" 200 2133 "-" "KeepAliveClient" "-" 1.005 1.854
172.0.0.12 - - [19/June/2018:00:34:04 +0000] http "GET /foo?query=t HTTP/1.0" 200 2133 "-" "KeepAliveClient" "-" 1.005 1.854
172.0.0.12 - - [19/June/2018:00:34:04 +0000] http "GET /foo?query=t HTTP/1.0" 200 2133 "-" "KeepAliveClient" "-" 1.005 1.854
172.0.0.12 - - [19/June/2018:00:34:04 +0000] http "GET /foo?query=t HTTP/1.0" 200 2133 "-" "KeepAliveClient" "-" 1.005 1.854
172.0.0.12 - - [19/June/2018:00:34:04 +0000] http "GET /foo?query=t HTTP/1.0" 200 2133 "-" "KeepAliveClient" "-" 1.005 1.854
172.0.0.12 - - [19/June/2018:00:34:04 +0000] http "GET /foo?query=t HTTP/1.0" 200 2133 "-" "KeepAliveClient" "-" 1.005 1.854
172.0.0.12 - - [19/June/2018:00:34:05 +0000] http "GET /foo?query=t HTTP/1.0" 200 2133 "-" "KeepAliveClient" "-" 1.005 1.854
172.0.0.12 - - [19/June/2018:00:34:05 +0000] http "GET /foo?query=t HTTP/1.0" 200 2133 "-" "KeepAliveClient" "-" 1.005 1.854
172.0.0.12 - - [19/June/2018:00:34:05 +0000] http "GET /foo?query=t HTTP/1.0" 200 2133 "-" "KeepAliveClient" "-" 1.005 1.854
172.0.0.12 - - [19/June/2018:00:34:05 +0000] http "GET /foo?query=t HTTP/1.0" 200 2133 "-" "KeepAliveClient" "-" 1.005 1.854
172.0.0.12 - - [19/June/2018:00:34:05 +0000] http "GET /foo?query=t HTTP/1.0" 200 2133 "-" "KeepAliveClient" "-" 1.005 1.854
172.0.0.12 - - [19/June/2018:00:34:05 +0000] http "GET /foo?query=t HTTP/1.0" 200 2133 "-" "KeepAliveClient" "-" 1.005 1.854
172.0.0.12 - - [19/June/2018:00:34:05 +0000] http "GET /foo?query=t HTTP/1.0" 200 2133 "-" "KeepAliveClient" "-" 1.005 1.854
172.0.0.12 - - [19/June/2018:00:34:05 +0000] http "GET /foo?query=t HTTP/1.0" 200 2133 "-" "KeepAliveClient" "-" 1.005 1.854
172.0.0.12 - - [19/June/2018:00:34:05 +0000] http "GET /foo?query=t HTTP/1.0" 200 2133 "-" "KeepAliveClient" "-" 1.005 1.854
172.0.0.12 - - [19/June/2018:00:34:05 +0000] http "GET /foo?query=t HTTP/1.0" 200 2133 "-" "KeepAliveClient" "-" 1.005 1.854
172.0.0.12 - - [19/June/2018:00:34:05 +0000] http "GET /foo?query=t HTTP/1.0" 200 2133 "-" "KeepAliveClient" "-" 1.005 1.854
172.0.0.12 - - [19/June/2018:00:34:05 +0000] http "GET /foo?query=t HTTP/1.0" 200 2133 "-" "KeepAliveClient" "-" 1.005 1.854
172.0.0.12 - - [19/June/2018:00:34:05 +0000] http "GET /foo?query=t HTTP/1.0" 200 2133 "-" "KeepAliveClient" "-" 1.005 1.854
172.0.0.12 - - [19/June/2018:00:34:05 +0000] http "GET /foo?query=t HTTP/1.0" 200 2133 "-" "KeepAliveClient" "-" 1.005 1.854
172.0.0.12 - - [19/June/2018:00:34:06 +0000] http "GET /foo?query=t HTTP/1.0" 200 2133 "-" "KeepAliveClient" "-" 1.005 1.854
172.0.0.12 - - [19/June/2018:00:34:06 +0000] http "GET /foo?query=t HTTP/1.0" 200 2133 "-" "KeepAliveClient" "-" 1.005 1.854
172.0.0.12 - - [19/June/2018:00:34:06 +0000] http "GET /foo?query=t HTTP/1.0" 200 2133 "-" "KeepAliveClient" "-" 1.005 1.854
172.0.0.12 - - [19/June/2018:00:34:06 +0000] http "GET /foo?query=t HTTP/1.0" 200 2133 "-" "KeepAliveClient" "-" 1.005 1.854
172.0.0.12 - - [19/June/2018:00:34:06 +0000] http "GET /foo?query=t HTTP/1.0" 200 2133 "-" "KeepAliveClient" "-" 1.005 1.854
172.0.0.12 - - [19/June/2018:00:34:06 +0000] http "GET /foo?query=t HTTP/1.0" 200 2133 "-" "KeepAliveClient" "-" 1.005 1.854
172.0.0.12 - - [19/June/2018:00:34:06 +0000] http "GET /foo?query=t HTTP/1.0" 200 2133 "-" "KeepAliveClient" "-" 1.005 1.854
172.0.0.12 - - [19/June/2018:00:34:06 +0000] http "GET /foo?query=t HTTP/1.0" 200 2133 "-" "KeepAliveClient" "-" 1.005 1.854
172.0.0.12 - - [19/June/2018:00:34:06 +0000] http "GET /foo?query=t HTTP/1.0" 200 2133 "-" "KeepAliveClient" "-" 1.005 1.854
172.0.0.12 - - [19/June/2018:00:34:06 +0000] http "GET /foo?query=t HTTP/1.0" 200 2133 "-" "KeepAliveClient" "-" 1.005 1.854
172.0.0.12 - - [19/June/2018:00:34:07 +0000] http "GET /foo?query=t HTTP/1.0" 200 2133 "-" "KeepAliveClient" "-" 1.005 1.854
172.0.0.12 - - [19/June/2018:00:34:07 +0000] http "GET /foo?query=t HTTP/1.0" 200 2133 "-" "KeepAliveClient" "-" 1.005 1.854
172.0.0.12 - - [19/June/2018:00:34:07 +0000] http "GET /foo?query=t HTTP/1.0" 200 2133 "-" "KeepAliveClient" "-" 1.005 1.854
172.0.0.12 - - [19/June/2018:00:34:07 +0000] http "GET /foo?query=t HTTP/1.0" 200 2133 "-" "KeepAliveClient" "-" 1.005 1.854
172.0.0.12 - - [19/June/2018:00:34:07 +0000] http "GET /foo?query=t HTTP/1.0" 200 2133 "-" "KeepAliveClient" "-" 1.005 1.854
172.0.0.12 - - [19/June/2018:00:34:07 +0000] http "GET /foo?query=t HTTP/1.0" 200 2133 "-" "KeepAliveClient" "-" 1.005 1.854
172.0.0.12 - - [19/June/2018:00:34:07 +0000] http "GET /foo?query=t HTTP/1.0" 200 2133 "-" "KeepAliveClient" "-" 1.005 1.854
172.0.0.12 - - [19/June/2018:00:34:07 +0000] http "GET /foo?query=t HTTP/1.0" 200 2133 "-" "KeepAliveClient" "-" 1.005 1.854
172.0.0.12 - - [19/June/2018:00:34:07 +0000] http "GET /foo?query=t HTTP/1.0" 200 2133 "-" "KeepAliveClient" "-" 1.005 1.854
172.0.0.12 - - [19/June/2018:00:34:07 +0000] http "GET /foo?query=t HTTP/1.0" 200 2133 "-" "KeepAliveClient" "-" 1.005 1.854
172.0.0.12 - - [19/June/2018:00:34:08 +0000] http "GET /foo?query=t HTTP/1.0" 200 2133 "-" "KeepAliveClient" "-" 1.005 1.854
172.0.0.12 - - [19/June/2018:00:34:08 +0000] http "GET /foo?query=t HTTP/1.0" 200 2133 "-" "KeepAliveClient" "-" 1.005 1.854
172.0.0.12 - - [19/June/2018:00:34:08 +0000] http "GET /foo?query=t HTTP/1.0" 200 2133 "-" "KeepAliveClient" "-" 1.005 1.854
172.0.0.12 - - [19/June/2018:00:34:08 +0000] http "GET /foo?query=t HTTP/1.0" 200 2133 "-" "KeepAliveClient" "-" 1.005 1.854
172.0.0.12 - - [19/June/2018:00:34:08 +0000] http "GET /foo?query=t HTTP/1.0" 200 2133 "-" "KeepAliveClient" "-" 1.005 1.854
172.0.0.12 - - [19/June/2018:00:34:08 +0000] http "GET /foo?query=t HTTP/1.0" 200 2133 "-" "KeepAliveClient" "-" 1.005 1.854
172.0.0.12 - - [19/June/2018:00:34:08 +0000] http "GET /foo?query=t HTTP/1.0" 200 2133 "-" "KeepAliveClient" "-" 1.005 1.854
172.0.0.12 - - [19/June/2018:00:34:08 +0000] http "GET /foo?query=t HTTP/1.0" 200 2133 "-" "KeepAliveClient" "-" 1.005 1.854
172.0.0.12 - - [19/June/2018:00:34:08 +0000] http "GET /foo?query=t HTTP/1.0" 200 2133 "-" "KeepAliveClient" "-" 1.005 1.854
172.0.0.12 - - [19/June/2018:00:34:09 +0000] http "GET /foo?query=t HTTP/1.0" 200 2133 "-" "KeepAliveClient" "-" 1.005 1.854
172.0.0.12 - - [19/June/2018:00:34:09 +0000] http "GET /foo?query=t HTTP/1.0" 200 2133 "-" "KeepAliveClient" "-" 1.005 1.854
172.0.0.12 - - [19/June/2018:00:34:09 +0000] http "GET /foo?query=t HTTP/1.0" 200 2133 "-" "KeepAliveClient" "-" 1.005 1.854
172.0.0.12 - - [19/June/2018:00:34:09 +0000] http "GET /foo?query=t HTTP/1.0" 200 2133 "-" "KeepAliveClient" "-" 1.005 1.854
172.0.0.12 - - [19/June/2018:00:34:09 +0000] http "GET /foo?query=t HTTP/1.0" 200 2133 "-" "KeepAliveClient" "-" 1.005 1.854
172.0.0.12 - - [19/June/2018:00:34:09 +0000] http "GET /foo?query=t HTTP/1.0" 200 2133 "-" "KeepAliveClient" "-" 1.005 1.854
172.0.0.12 - - [19/June/2018:00:34:09 +0000] http "GET /foo?query=t HTTP/1.0" 200 2133 "-" "KeepAliveClient" "-" 1.005 1.854
172.0.0.12 - - [19/June/2018:00:34:09 +0000] http "GET /foo?query=t HTTP/1.0" 200 2133 "-" "KeepAliveClient" "-" 1.005 1.854
172.0.0.12 - - [19/June/2018:00:34:09 +0000] http "GET /foo?query=t HTTP/1.0" 200 2133 "-" "KeepAliveClient" "-" 1.005 1.854
172.0.0.12 - - [19/June/2018:00:34:09 +0000] http "GET /foo?query=t HTTP/1.0" 200 2133 "-" "KeepAliveClient" "-" 1.005 1.854
172.0.0.12 - - [19/June/2018:00:34:09 +0000] http "GET /foo?query=t HTTP/1.0" 200 2133 "-" "KeepAliveClient" "-" 1.005 1.854
172.0.0.12 - - [19/June/2018:00:34:09 +0000] http "GET /foo?query=t HTTP/1.0" 200 2133 "-" "KeepAliveClient" "-" 1.005 1.854
172.0.0.12 - - [19/June/2018:00:34:10 +0000] http "GET /foo?query=t HTTP/1.0" 200 2133 "-" "KeepAliveClient" "-" 1.005 1.854
172.0.0.12 - - [19/June/2018:00:34:10 +0000] http "GET /foo?query=t HTTP/1.0" 200 2133 "-" "KeepAliveClient" "-" 1.005 1.854
172.0.0.12 - - [19/June/2018:00:34:10 +0000] http "GET /foo?query=t HTTP/1.0" 200 2133 "-" "KeepAliveClient" "-" 1.005 1.854
172.0.0.12 - - [19/June/2018:00:34:10 +0000] http "GET /foo?query=t HTTP/1.0" 200 2133 "-" "KeepAliveClient" "-" 1.005 1.854
172.0.0.12 - - [19/June/2018:00:34:10 +0000] http "GET /foo?query=t HTTP/1.0" 200 2133 "-" "KeepAliveClient" "-" 1.005 1.854
172.0.0.12 - - [19/June/2018:00:34:10 +0000] http "GET /foo?query=t HTTP/1.0" 200 2133 "-" "KeepAliveClient" "-" 1.005 1.854
172.0.0.12 - - [19/June/2018:00:34:10 +0000] http "GET /foo?query=t HTTP/1.0" 200 2133 "-" "KeepAliveClient" "-" 1.005 1.854
172.0.0.12 - - [19/June/2018:00:34:10 +0000] http "GET /foo?query=t HTTP/1.0" 200 2133 "-" "KeepAliveClient" "-" 1.005 1.854
172.0.0.12 - - [19/June/2018:00:34:10 +0000] http "GET /foo?query=t HTTP/1.0" 200 2133 "-" "KeepAliveClient" "-" 1.005 1.854
172.0.0.12 - - [19/June/2018:00:34:11 +0000] http "GET /foo?query=t HTTP/1.0" 200 2133 "-" "KeepAliveClient" "-" 1.005 1.854
172.0.0.12 - - [19/June/2018:00:34:11 +0000] http "GET /foo?query=t HTTP/1.0" 200 2133 "-" "KeepAliveClient" "-" 1.005 1.854
172.0.0.12 - - [19/June/2018:00:34:11 +0000] http "GET /foo?query=t HTTP/1.0" 200 2133 "-" "KeepAliveClient" "-" 1.005 1.854
172.0.0.12 - - [19/June/2018:00:34:11 +0000] http "GET /foo?query=t HTTP/1.0" 200 2133 "-" "KeepAliveClient" "-" 1.005 1.854
172.0.0.12 - - [19/June/2018:00:34:11 +0000] http "GET /foo?query=t HTTP/1.0" 200 2133 "-" "KeepAliveClient" "-" 1.005 1.854
172.0.0.12 - - [19/June/2018:00:34:11 +0000] http "GET /foo?query=t HTTP/1.0" 200 2133 "-" "KeepAliveClient" "-" 1.005 1.854
172.0.0.12 - - [19/June/2018:00:34:11 +0000] http "GET /foo?query=t HTTP/1.0" 200 2133 "-" "KeepAliveClient" "-" 1.005 1.854
172.0.0.12 - - [19/June/2018:00:34:11 +0000] http "GET /foo?query=t HTTP/1.0" 200 2133 "-" "KeepAliveClient" "-" 1.005 1.854
172.0.0.12 - - [19/June/2018:00:34:11 +0000] http "GET /foo?query=t HTTP/1.0" 200 2133 "-" "KeepAliveClient" "-" 1.005 1.854
172.0.0.12 - - [19/June/2018:00:34:11 +0000] http "GET /foo?query=t HTTP/1.0" 200 2133 "-" "KeepAliveClient" "-" 1.005 1.854
172.0.0.12 - - [19/June/2018:00:34:12 +0000] http "GET /foo?query=t HTTP/1.0" 200 2133 "-" "KeepAliveClient" "-" 1.005 1.854
172.0.0.12 - - [19/June/2018:00:34:12 +0000] http "GET /foo?query=t HTTP/1.0" 200 2133 "-" "KeepAliveClient" "-" 1.005 1.854
172.0.0.12 - - [19/June/2018:00:34:12 +0000] http "GET /foo?query=t HTTP/1.0" 200 2133 "-" "KeepAliveClient" "-" 1.005 1.854
172.0.0.12 - - [19/June/2018:00:34:12 +0000] http "GET /foo?query=t HTTP/1.0" 200 2133 "-" "KeepAliveClient" "-" 1.005 1.854
172.0.0.12 - - [19/June/2018:00:34:12 +0000] http "GET /foo?query=t HTTP/1.0" 200 2133 "-" "KeepAliveClient" "-" 1.005 1.854
172.0.0.12 - - [19/June/2018:00:34:12 +0000] http "GET /foo?query=t HTTP/1.0" 200 2133 "-" "KeepAliveClient" "-" 1.005 1.854
172.0.0.12 - - [19/June/2018:00:34:12 +0000] http "GET /foo?query=t HTTP/1.0" 200 2133 "-" "KeepAliveClient" "-" 1.005 1.854
172.0.0.12 - - [19/June/2018:00:34:12 +0000] http "GET /foo?query=t HTTP/1.0" 200 2133 "-" "KeepAliveClient" "-" 1.005 1.854
172.0.0.12 - - [19/June/2018:00:34:12 +0000] http "GET /foo?query=t HTTP/1.0" 200 2133 "-" "KeepAliveClient" "-" 1.005 1.854
172.0.0.12 - - [19/June/2018:00:34:12 +0000] http "GET /foo?query=t HTTP/1.0" 200 2133 "-" "KeepAliveClient" "-" 1.005 1.854
172.0.0.12 - - [19/June/2018:00:34:12 +0000] http "GET /foo?query=t HTTP/1.0" 200 2133 "-" "KeepAliveClient" "-" 1.005 1.854
172.0.0.12 - - [19/June/2018:00:34:12 +0000] http "GET /foo?query=t HTTP/1.0" 200 2133 "-" "KeepAliveClient" "-" 1.005 1.854
172.0.0.12 - - [19/June/2018:00:34:12 +0000] http "GET /foo?query=t HTTP/1.0" 200 2133 "-" "KeepAliveClient" "-" 1.005 1.854
172.0.0.12 - - [19/June/2018:00:34:12 +0000] http "GET /foo?query=t HTTP/1.0" 200 2133 "-" "KeepAliveClient" "-" 1.005 1.854
172.0.0.12 - - [19/June/2018:00:34:13 +0000] http "GET /foo?query=t HTTP/1.0" 200 2133 "-" "KeepAliveClient" "-" 1.005 1.854
172.0.0.12 - - [19/June/2018:00:34:13 +0000] http "GET /foo?query=t HTTP/1.0" 200 2133 "-" "KeepAliveClient" "-" 1.005 1.854
172.0.0.12 - - [19/June/2018:00:34:13 +0000] http "GET /foo?query=t HTTP/1.0" 200 2133 "-" "KeepAliveClient" "-" 1.005 1.854
172.0.0.12 - - [19/June/2018:00:34:13 +0000] http "GET /foo?query=t HTTP/1.0" 200 2133 "-" "KeepAliveClient" "-" 1.005 1.854
172.0.0.12 - - [19/June/2018:00:34:13 +0000] http "GET /foo?query=t HTTP/1.0" 200 2133 "-" "KeepAliveClient" "-" 1.005 1.854
172.0.0.12 - - [19/June/2018:00:34:13 +0000] http "GET /foo?query=t HTTP/1.0" 200 2133 "-" "KeepAliveClient" "-" 1.005 1.854
172.0.0.12 - - [19/June/2018:00:34:13 +0000] http "GET /foo?query=t HTTP/1.0" 200 2133 "-" "KeepAliveClient" "-" 1.005 1.854
172.0.0.12 - - [19/June/2018:00:34:13 +0000] http "GET /foo?query=t HTTP/1.0" 200 2133 "-" "KeepAliveClient" "-" 1.005 1.854
172.0.0.12 - - [19/June/2018:00:34:13 +0000] http "GET /foo?query=t HTTP/1.0" 200 2133 "-" "KeepAliveClient" "-" 1.005 1.854
172.0.0.12 - - [19/June/2018:00:34:13 +0000] http "GET /foo?query=t HTTP/1.0" 200 2133 "-" "KeepAliveClient" "-" 1.005 1.854
172.0.0.12 - - [19/June/2018:00:34:13 +0000] http "GET /foo?query=t HTTP/1.0" 200 2133 "-" "KeepAliveClient" "-" 1.005 1.854
172.0.0.12 - - [19/June/2018:00:34:14 +0000] http "GET /foo?query=t HTTP/1.0" 200 2133 "-" "KeepAliveClient" "-" 1.005 1.854
172.0.0.12 - - [19/June/2018:00:34:14 +0000] http "GET /foo?query=t HTTP/1.0" 200 2133 "-" "KeepAliveClient" "-" 1.005 1.854
172.0.0.12 - - [19/June/2018:00:34:14 +0000] http "GET /foo?query=t HTTP/1.0" 200 2133 "-" "KeepAliveClient" "-" 1.005 1.854
172.0.0.12 - - [19/June/2018:00:34:14 +0000] http "GET /foo?query=t HTTP/1.0" 200 2133 "-" "KeepAliveClient" "-" 1.005 1.854
172.0.0.12 - - [19/June/2018:00:34:14 +0000] http "GET /foo?query=t HTTP/1.0" 200 2133 "-" "KeepAliveClient" "-" 1.005 1.854
172.0.0.12 - - [19/June/2018:00:34:14 +0000] http "GET /foo?query=t HTTP/1.0" 200 2133 "-" "KeepAliveClient" "-" 1.005 1.854
172.0.0.12 - - [19/June/2018:00:34:14 +0000] http "GET /foo?query=t HTTP/1.0" 200 2133 "-" "KeepAliveClient" "-" 1.005 1.854
172.0.0.12 - - [19/June/2018:00:34:14 +0000] http "GET /foo?query=t HTTP/1.0" 200 2133 "-" "KeepAliveClient" "-" 1.005 1.854
172.0.0.12 - - [19/June/2018:00:34:14 +0000] http "GET /foo?query=t HTTP/1.0" 200 2133 "-" "KeepAliveClient" "-" 1.005 1.854
172.0.0.12 - - [19/June/2018:00:34:14 +0000] http "GET /foo?query=t HTTP/1.0" 200 2133 "-" "KeepAliveClient" "-" 1.005 1.854
172.0.0.12 - - [19/June/2018:00:34:14 +0000] http "GET /foo?query=t HTTP/1.0" 200 2133 "-" "KeepAliveClient" "-" 1.005 1.854
172.0.0.12 - - [19/June/2018:00:34:15 +0000] http "GET /foo?query=t HTTP/1.0" 200 2133 "-" "KeepAliveClient" "-" 1.005 1.854
172.0.0.12 - - [19/June/2018:00:34:15 +0000] http "GET /foo?query=t HTTP/1.0" 200 2133 "-" "KeepAliveClient" "-" 1.005 1.854
172.0.0.12 - - [19/June/2018:00:34:15 +0000] http "GET /foo?query=t HTTP/1.0" 200 2133 "-" "KeepAliveClient" "-" 1.005 1.854
172.0.0.12 - - [19/June/2018:00:34:15 +0000] http "GET /foo?query=t HTTP/1.0" 200 2133 "-" "KeepAliveClient" "-" 1.005 1.854
172.0.0.12 - - [19/June/2018:00:34:15 +0000] http "GET /foo?query=t HTTP/1.0" 200 2133 "-" "KeepAliveClient" "-" 1.005 1.854
172.0.0.12 - - [19/June/2018:00:34:15 +0000] http "GET /foo?query=t HTTP/1.0" 200 2133 "-" "KeepAliveClient" "-" 1.005 1.854
172.0.0.12 - - [19/June/2018:00:34:15 +0000] http "GET /foo?query=t HTTP/1.0" 200 2133 "-" "KeepAliveClient" "-" 1.005 1.854
172.0.0.12 - - [19/June/2018:00:34:15 +0000] http "GET /foo?query=t HTTP/1.0" 200 2133 "-" "KeepAliveClient" "-" 1.005 1.854
172.0.0.12 - - [19/June/2018:00:34:15 +0000] http "GET /foo?query=t HTTP/1.0" 200 2133 "-" "KeepAliveClient" "-" 1.005 1.854
172.0.0.12 - - [19/June/2018:00:34:15 +0000] http "GET /foo?query=t HTTP/1.0" 200 2133 "-" "KeepAliveClient" "-" 1.005 1.854
172.0.0.12 - - [19/June/2018:00:34:15 +0000] http "GET /foo?query=t HTTP/1.0" 200 2133 "-" "KeepAliveClient" "-" 1.005 1.854
172.0.0.12 - - [19/June/2018:00:34:15 +0000] http "GET /foo?query=t HTTP/1.0" 200 2133 "-" "KeepAliveClient" "-" 1.005 1.854
172.0.0.12 - - [19/June/2018:00:34:15 +0000] http "GET /foo?query=t HTTP/1.0" 200 2133 "-" "KeepAliveClient" "-" 1.005 1.854
172.0.0.12 - - [19/June/2018:00:34:16 +0000] http "GET /foo?query=t HTTP/1.0" 200 2133 "-" "KeepAliveClient" "-" 1.005 1.854
172.0.0.12 - - [19/June/2018:00:34:16 +0000] http "GET /foo?query=t HTTP/1.0" 200 2133 "-" "KeepAliveClient" "-" 1.005 1.854
172.0.0.12 - - [19/June/2018:00:34:16 +0000] http "GET /foo?query=t HTTP/1.0" 200 2133 "-" "KeepAliveClient" "-" 1.005 1.854
172.0.0.12 - - [19/June/2018:00:34:16 +0000] http "GET /foo?query=t HTTP/1.0" 200 2133 "-" "KeepAliveClient" "-" 1.005 1.854
172.0.0.12 - - [19/June/2018:00:34:16 +0000] http "GET /foo?query=t HTTP/1.0" 200 2133 "-" "KeepAliveClient" "-" 1.005 1.854
172.0.0.12 - - [19/June/2018:00:34:16 +0000] http "GET /foo?query=t HTTP/1.0" 200 2133 "-" "KeepAliveClient" "-" 1.005 1.854
172.0.0.12 - - [19/June/2018:00:34:16 +0000] http "GET /foo?query=t HTTP/1.0" 200 2133 "-" "KeepAliveClient" "-" 1.005 1.854
172.0.0.12 - - [19/June/2018:00:34:16 +0000] http "GET /foo?query=t HTTP/1.0" 200 2133 "-" "KeepAliveClient" "-" 1.005 1.854
172.0.0.12 - - [19/June/2018:00:34:17 +0000] http "GET /foo?query=t HTTP/1.0" 200 2133 "-" "KeepAliveClient" "-" 1.005 1.854
172.0.0.12 - - [19/June/2018:00:34:17 +0000] http "GET /foo?query=t HTTP/1.0" 200 2133 "-" "KeepAliveClient" "-" 1.005 1.854
172.0.0.12 - - [19/June/2018:00:34:17 +0000] http "GET /foo?query=t HTTP/1.0" 200 2133 "-" "KeepAliveClient" "-" 1.005 1.854
172.0.0.12 - - [19/June/2018:00:34:17 +0000] http "GET /foo?query=t HTTP/1.0" 200 2133 "-" "KeepAliveClient" "-" 1.005 1.854
172.0.0.12 - - [19/June/2018:00:34:17 +0000] http "GET /foo?query=t HTTP/1.0" 200 2133 "-" "KeepAliveClient" "-" 1.005 1.854
172.0.0.12 - - [19/June/2018:00:34:17 +0000] http "GET /foo?query=t HTTP/1.0" 200 2133 "-" "KeepAliveClient" "-" 1.005 1.854
172.0.0.12 - - [19/June/2018:00:34:17 +0000] http "GET /foo?query=t HTTP/1.0" 200 2133 "-" "KeepAliveClient" "-" 1.005 1.854
172.0.0.12 - - [19/June/2018:00:34:17 +0000] http "GET /foo?query=t HTTP/1.0" 200 2133 "-" "KeepAliveClient" "-" 1.005 1.854
172.0.0.12 - - [19/June/2018:00:34:17 +0000] http "GET /foo?query=t HTTP/1.0" 200 2133 "-" "KeepAliveClient" "-" 1.005 1.854
172.0.0.12 - - [19/June/2018:00:34:17 +0000] http "GET /foo?query=t HTTP/1.0" 200 2133 "-" "KeepAliveClient" "-" 1.005 1.854
172.0.0.12 - - [19/June/2018:00:34:18 +0000] http "GET /foo?query=t HTTP/1.0" 200 2133 "-" "KeepAliveClient" "-" 1.005 1.854
172.0.0.12 - - [19/June/2018:00:34:18 +0000] http "GET /foo?query=t HTTP/1.0" 200 2133 "-" "KeepAliveClient" "-" 1.005 1.854
172.0.0.12 - - [19/June/2018:00:34:18 +0000] http "GET /foo?query=t HTTP/1.0" 200 2133 "-" "KeepAliveClient" "-" 1.005 1.854
172.0.0.12 - - [19/June/2018:00:34:18 +0000] http "GET /foo?query=t HTTP/1.0" 200 2133 "-" "KeepAliveClient" "-" 1.005 1.854
172.0.0.12 - - [19/June/2018:00:34:18 +0000] http "GET /foo?query=t HTTP/1.0" 200 2133 "-" "KeepAliveClient" "-" 1.005 1.854
172.0.0.12 - - [19/June/2018:00:34:18 +0000] http "GET /foo?query=t HTTP/1.0" 200 2133 "-" "KeepAliveClient" "-" 1.005 1.854
172.0.0.12 - - [19/June/2018:00:34:18 +0000] http "GET /foo?query=t HTTP/1.0" 200 2133 "-" "KeepAliveClient" "-" 1.005 1.854
172.0.0.12 - - [19/June/2018:00:34:18 +0000] http "GET /foo?query=t HTTP/1.0" 200 2133 "-" "KeepAliveClient" "-" 1.005 1.854
172.0.0.12 - - [19/June/2018:00:34:18 +0000] http "GET /foo?query=t HTTP/1.0" 200 2133 "-" "KeepAliveClient" "-" 1.005 1.854
172.0.0.12 - - [19/June/2018:00:34:18 +0000] http "GET /foo?query=t HTTP/1.0" 200 2133 "-" "KeepAliveClient" "-" 1.005 1.854
172.0.0.12 - - [19/June/2018:00:34:18 +0000] http "GET /foo?query=t HTTP/1.0" 200 2133 "-" "KeepAliveClient" "-" 1.005 1.854
172.0.0.12 - - [19/June/2018:00:34:18 +0000] http "GET /foo?query=t HTTP/1.0" 200 2133 "-" "KeepAliveClient" "-" 1.005 1.854
172.0.0.12 - - [19/June/2018:00:34:18 +0000] http "GET /foo?query=t HTTP/1.0" 200 2133 "-" "KeepAliveClient" "-" 1.005 1.854
172.0.0.12 - - [19/June/2018:00:34:18 +0000] http "GET /foo?query=t HTTP/1.0" 200 2133 "-" "KeepAliveClient" "-" 1.005 1.854
172.0.0.12 - - [19/June/2018:00:34:19 +0000] http "GET /foo?query=t HTTP/1.0" 200 2133 "-" "KeepAliveClient" "-" 1.005 1.854
172.0.0.12 - - [19/June/2018:00:34:19 +0000] http "GET /foo?query=t HTTP/1.0" 200 2133 "-" "KeepAliveClient" "-" 1.005 1.854
172.0.0.12 - - [19/June/2018:00:34:19 +0000] http "GET /foo?query=t HTTP/1.0" 200 2133 "-" "KeepAliveClient" "-" 1.005 1.854
172.0.0.12 - - [19/June/2018:00:34:19 +0000] http "GET /foo?query=t HTTP/1.0" 200 2133 "-" "KeepAliveClient" "-" 1.005 1.854
172.0.0.12 - - [19/June/2018:00:34:19 +0000] http "GET /foo?query=t HTTP/1.0" 200 2133 "-" "KeepAliveClient" "-" 1.005 1.854
172.0.0.12 - - [19/June/2018:00:34:19 +0000] http "GET /foo?query=t HTTP/1.0" 200 2133 "-" "KeepAliveClient" "-" 1.005 1.854
172.0.0.12 - - [19/June/2018:00:34:19 +0000] http "GET /foo?query=t HTTP/1.0" 200 2133 "-" "KeepAliveClient" "-" 1.005 1.854
172.0.0.12 - - [19/June/2018:00:34:19 +0000] http "GET /foo?query=t HTTP/1.0" 200 2133 "-" "KeepAliveClient" "-" 1.005 1.854
172.0.0.12 - - [19/June/2018:00:34:19 +0000] http "GET /foo?query=t HTTP/1.0" 200 2133 "-" "KeepAliveClient" "-" 1.005 1.854
172.0.0.12 - - [19/June/2018:00:34:19 +0000] http "GET /foo?query=t HTTP/1.0" 200 2133 "-" "KeepAliveClient" "-" 1.005 1.854
172.0.0.12 - - [19/June/2018:00:34:20 +0000] http "GET /foo?query=t HTTP/1.0" 200 2133 "-" "KeepAliveClient" "-" 1.005 1.854
172.0.0.12 - - [19/June/2018:00:34:20 +0000] http "GET /foo?query=t HTTP/1.0" 200 2133 "-" "KeepAliveClient" "-" 1.005 1.854
172.0.0.12 - - [19/June/2018:00:34:20 +0000] http "GET /foo?query=t HTTP/1.0" 200 2133 "-" "KeepAliveClient" "-" 1.005 1.854
172.0.0.12 - - [19/June/2018:00:34:20 +0000] http "GET /foo?query=t HTTP/1.0" 200 2133 "-" "KeepAliveClient" "-" 1.005 1.854
172.0.0.12 - - [19/June/2018:00:34:20 +0000] http "GET /foo?query=t HTTP/1.0" 200 2133 "-" "KeepAliveClient" "-" 1.005 1.854
172.0.0.12 - - [19/June/2018:00:34:20 +0000] http "GET /foo?query=t HTTP/1.0" 200 2133 "-" "KeepAliveClient" "-" 1.005 1.854
172.0.0.12 - - [19/June/2018:00:34:20 +0000] http "GET /foo?query=t HTTP/1.0" 200 2133 "-" "KeepAliveClient" "-" 1.005 1.854
172.0.0.12 - - [19/June/2018:00:34:20 +0000] http "GET /foo?query=t HTTP/1.0" 200 2133 "-" "KeepAliveClient" "-" 1.005 1.854
172.0.0.12 - - [19/June/2018:00:34:20 +0000] http "GET /foo?query=t HTTP/1.0" 200 2133 "-" "KeepAliveClient" "-" 1.005 1.854
172.0.0.12 - - [19/June/2018:00:34:20 +0000] http "GET /foo?query=t HTTP/1.0" 200 2133 "-" "KeepAliveClient" "-" 1.005 1.854
172.0.0.12 - - [19/June/2018:00:34:20 +0000] http "GET /foo?query=t HTTP/1.0" 200 2133 "-" "KeepAliveClient" "-" 1.005 1.854
172.0.0.12 - - [19/June/2018:00:34:20 +0000] http "GET /foo?query=t HTTP/1.0" 200 2133 "-" "KeepAliveClient" "-" 1.005 1.854
172.0.0.12 - - [19/June/2018:00:34:21 +0000] http "GET /foo?query=t HTTP/1.0" 200 2133 "-" "KeepAliveClient" "-" 1.005 1.854
172.0.0.12 - - [19/June/2018:00:34:21 +0000] http "GET /foo?query=t HTTP/1.0" 200 2133 "-" "KeepAliveClient" "-" 1.005 1.854
172.0.0.12 - - [19/June/2018:00:34:21 +0000] http "GET /foo?query=t HTTP/1.0" 200 2133 "-" "KeepAliveClient" "-" 1.005 1.854
172.0.0.12 - - [19/June/2018:00:34:21 +0000] http "GET /foo?query=t HTTP/1.0" 200 2133 "-" "KeepAliveClient" "-" 1.005 1.854
172.0.0.12 - - [19/June/2018:00:34:21 +0000] http "GET /foo?query=t HTTP/1.0" 200 2133 "-" "KeepAliveClient" "-" 1.005 1.854
172.0.0.12 - - [19/June/2018:00:34:21 +0000] http "GET /foo?query=t HTTP/1.0" 200 2133 "-" "KeepAliveClient" "-" 1.005 1.854
172.0.0.12 - - [19/June/2018:00:34:21 +0000] http "GET /foo?query=t HTTP/1.0" 200 2133 "-" "KeepAliveClient" "-" 1.005 1.854
172.0.0.12 - - [19/June/2018:00:34:21 +0000] http "GET /foo?query=t HTTP/1.0" 200 2133 "-" "KeepAliveClient" "-" 1.005 1.854
172.0.0.12 - - [19/June/2018:00:34:21 +0000] http "GET /foo?query=t HTTP/1.0" 200 2133 "-" "KeepAliveClient" "-" 1.005 1.854
172.0.0.12 - - [19/June/2018:00:34:21 +0000] http "GET /foo?query=t HTTP/1.0" 200 2133 "-" "KeepAliveClient" "-" 1.005 1.854
172.0.0.12 - - [19/June/2018:00:34:21 +0000] http "GET /foo?query=t HTTP/1.0" 200 2133 "-" "KeepAliveClient" "-" 1.005 1.854
172.0.0.12 - - [19/June/2018:00:34:22 +0000] http "GET /foo?query=t HTTP/1.0" 200 2133 "-" "KeepAliveClient" "-" 1.005 1.854
172.0.0.12 - - [19/June/2018:00:34:22 +0000] http "GET /foo?query=t HTTP/1.0" 200 2133 "-" "KeepAliveClient" "-" 1.005 1.854
172.0.0.12 - - [19/June/2018:00:34:22 +0000] http "GET /foo?query=t HTTP/1.0" 200 2133 "-" "KeepAliveClient" "-" 1.005 1.854
172.0.0.12 - - [19/June/2018:00:34:22 +0000] http "GET /foo?query=t HTTP/1.0" 200 2133 "-" "KeepAliveClient" "-" 1.005 1.854
172.0.0.12 - - [19/June/2018:00:34:22 +0000] http "GET /foo?query=t HTTP/1.0" 200 2133 "-" "KeepAliveClient" "-" 1.005 1.854
172.0.0.12 - - [19/June/2018:00:34:22 +0000] http "GET /foo?query=t HTTP/1.0" 200 2133 "-" "KeepAliveClient" "-" 1.005 1.854
172.0.0.12 - - [19/June/2018:00:34:22 +0000] http "GET /foo?query=t HTTP/1.0" 200 2133 "-" "KeepAliveClient" "-" 1.005 1.854
172.0.0.12 - - [19/June/2018:00:34:22 +0000] http "GET /foo?query=t HTTP/1.0" 200 2133 "-" "KeepAliveClient" "-" 1.005 1.854
172.0.0.12 - - [19/June/2018:00:34:22 +0000] http "GET /foo?query=t HTTP/1.0" 200 2133 "-" "KeepAliveClient" "-" 1.005 1.854
172.0.0.12 - - [19/June/2018:00:34:22 +0000] http "GET /foo?query=t HTTP/1.0" 200 2133 "-" "KeepAliveClient" "-" 1.005 1.854
172.0.0.12 - - [19/June/2018:00:34:23 +0000] http "GET /foo?query=t HTTP/1.0" 200 2133 "-" "KeepAliveClient" "-" 1.005 1.854
172.0.0.12 - - [19/June/2018:00:34:23 +0000] http "GET /foo?query=t HTTP/1.0" 200 2133 "-" "KeepAliveClient" "-" 1.005 1.854
172.0.0.12 - - [19/June/2018:00:34:23 +0000] http "GET /foo?query=t HTTP/1.0" 200 2133 "-" "KeepAliveClient" "-" 1.005 1.854
172.0.0.12 - - [19/June/2018:00:34:23 +0000] http "GET /foo?query=t HTTP/1.0" 200 2133 "-" "KeepAliveClient" "-" 1.005 1.854
172.0.0.12 - - [19/June/2018:00:34:23 +0000] http "GET /foo?query=t HTTP/1.0" 200 2133 "-" "KeepAliveClient" "-" 1.005 1.854
172.0.0.12 - - [19/June/2018:00:34:23 +0000] http "GET /foo?query=t HTTP/1.0" 200 2133 "-" "KeepAliveClient" "-" 1.005 1.854
172.0.0.12 - - [19/June/2018:00:34:23 +0000] http "GET /foo?query=t HTTP/1.0" 200 2133 "-" "KeepAliveClient" "-" 1.005 1.854
172.0.0.12 - - [19/June/2018:00:34:23 +0000] http "GET /foo?query=t HTTP/1.0" 200 2133 "-" "KeepAliveClient" "-" 1.005 1.854
172.0.0.12 - - [19/June/2018:00:34:24 +0000] http "GET /foo?query=t HTTP/1.0" 200 2133 "-" "KeepAliveClient" "-" 1.005 1.854
172.0.0.12 - - [19/June/2018:00:34:24 +0000] http "GET /foo?query=t HTTP/1.0" 200 2133 "-" "KeepAliveClient" "-" 1.005 1.854
172.0.0.12 - - [19/June/2018:00:34:24 +0000] http "GET /foo?query=t HTTP/1.0" 200 2133 "-" "KeepAliveClient" "-" 1.005 1.854
172.0.0.12 - - [19/June/2018:00:34:24 +0000] http "GET /foo?query=t HTTP/1.0" 200 2133 "-" "KeepAliveClient" "-" 1.005 1.854
172.0.0.12 - - [19/June/2018:00:34:24 +0000] http "GET /foo?query=t HTTP/1.0" 200 2133 "-" "KeepAliveClient" "-" 1.005 1.854
172.0.0.12 - - [19/June/2018:00:34:24 +0000] http "GET /foo?query=t HTTP/1.0" 200 2133 "-" "KeepAliveClient" "-" 1.005 1.854
172.0.0.12 - - [19/June/2018:00:34:24 +0000] http "GET /foo?query=t HTTP/1.0" 200 2133 "-" "KeepAliveClient" "-" 1.005 1.854
172.0.0.12 - - [19/June/2018:00:34:24 +0000] http "GET /foo?query=t HTTP/1.0" 200 2133 "-" "KeepAliveClient" "-" 1.005 1.854
172.0.0.12 - - [19/June/2018:00:34:25 +0000] http "GET /foo?query=t HTTP/1.0" 200 2133 "-" "KeepAliveClient" "-" 1.005 1.854
172.0.0.12 - - [19/June/2018:00:34:25 +0000] http "GET /foo?query=t HTTP/1.0" 200 2133 "-" "KeepAliveClient" "-" 1.005 1.854
172.0.0.12 - - [19/June/2018:00:34:25 +0000] http "GET /foo?query=t HTTP/1.0" 200 2133 "-" "KeepAliveClient" "-" 1.005 1.854
172.0.0.12 - - [19/June/2018:00:34:25 +0000] http "GET /foo?query=t HTTP/1.0" 200 2133 "-" "KeepAliveClient" "-" 1.005 1.854
172.0.0.12 - - [19/June/2018:00:34:25 +0000] http "GET /foo?query=t HTTP/1.0" 200 2133 "-" "KeepAliveClient" "-" 1.005 1.854
172.0.0.12 - - [19/June/2018:00:34:25 +0000] http "GET /foo?query=t HTTP/1.0" 200 2133 "-" "KeepAliveClient" "-" 1.005 1.854
172.0.0.12 - - [19/June/2018:00:34:25 +0000] http "GET /foo?query=t HTTP/1.0" 200 2133 "-" "KeepAliveClient" "-" 1.005 1.854
172.0.0.12 - - [19/June/2018:00:34:25 +0000] http "GET /foo?query=t HTTP/1.0" 200 2133 "-" "KeepAliveClient" "-" 1.005 1.854
172.0.0.12 - - [19/June/2018:00:34:25 +0000] http "GET /foo?query=t HTTP/1.0" 200 2133 "-" "KeepAliveClient" "-" 1.005 1.854
172.0.0.12 - - [19/June/2018:00:34:25 +0000] http "GET /foo?query=t HTTP/1.0" 200 2133 "-" "KeepAliveClient" "-" 1.005 1.854
172.0.0.12 - - [19/June/2018:00:34:26 +0000] http "GET /foo?query=t HTTP/1.0" 200 2133 "-" "KeepAliveClient" "-" 1.005 1.854
172.0.0.12 - - [19/June/2018:00:34:26 +0000] http "GET /foo?query=t HTTP/1.0" 200 2133 "-" "KeepAliveClient" "-" 1.005 1.854
172.0.0.12 - - [19/June/2018:00:34:26 +0000] http "GET /foo?query=t HTTP/1.0" 200 2133 "-" "KeepAliveClient" "-" 1.005 1.854
172.0.0.12 - - [19/June/2018:00:34:26 +0000] http "GET /foo?query=t HTTP/1.0" 200 2133 "-" "KeepAliveClient" "-" 1.005 1.854
172.0.0.12 - - [19/June/2018:00:34:26 +0000] http "GET /foo?query=t HTTP/1.0" 200 2133 "-" "KeepAliveClient" "-" 1.005 1.854
172.0.0.12 - - [19/June/2018:00:34:26 +0000] http "GET /foo?query=t HTTP/1.0" 200 2133 "-" "KeepAliveClient" "-" 1.005 1.854
172.0.0.12 - - [19/June/2018:00:34:26 +0000] http "GET /foo?query=t HTTP/1.0" 200 2133 "-" "KeepAliveClient" "-" 1.005 1.854
172.0.0.12 - - [19/June/2018:00:34:26 +0000] http "GET /foo?query=t HTTP/1.0" 200 2133 "-" "KeepAliveClient" "-" 1.005 1.854
172.0.0.12 - - [19/June/2018:00:34:26 +0000] http "GET /foo?query=t HTTP/1.0" 200 2133 "-" "KeepAliveClient" "-" 1.005 1.854
172.0.0.12 - - [19/June/2018:00:34:26 +0000] http "GET /foo?query=t HTTP/1.0" 200 2133 "-" "KeepAliveClient" "-" 1.005 1.854
172.0.0.12 - - [19/June/2018:00:34:26 +0000] http "GET /foo?query=t HTTP/1.0" 200 2133 "-" "KeepAliveClient" "-" 1.005 1.854
172.0.0.12 - - [19/June/2018:00:34:27 +0000] http "GET /foo?query=t HTTP/1.0" 200 2133 "-" "KeepAliveClient" "-" 1.005 1.854
172.0.0.12 - - [19/June/2018:00:34:27 +0000] http "GET /foo?query=t HTTP/1.0" 200 2133 "-" "KeepAliveClient" "-" 1.005 1.854
172.0.0.12 - - [19/June/2018:00:34:27 +0000] http "GET /foo?query=t HTTP/1.0" 200 2133 "-" "KeepAliveClient" "-" 1.005 1.854
172.0.0.12 - - [19/June/2018:00:34:27 +0000] http "GET /foo?query=t HTTP/1.0" 200 2133 "-" "KeepAliveClient" "-" 1.005 1.854
172.0.0.12 - - [19/June/2018:00:34:27 +0000] http "GET /foo?query=t HTTP/1.0" 200 2133 "-" "KeepAliveClient" "-" 1.005 1.854
172.0.0.12 - - [19/June/2018:00:34:27 +0000] http "GET /foo?query=t HTTP/1.0" 200 2133 "-" "KeepAliveClient" "-" 1.005 1.854
172.0.0.12 - - [19/June/2018:00:34:27 +0000] http "GET /foo?query=t HTTP/1.0" 200 2133 "-" "KeepAliveClient" "-" 1.005 1.854
172.0.0.12 - - [19/June/2018:00:34:28 +0000] http "GET /foo?query=t HTTP/1.0" 200 2133 "-" "KeepAliveClient" "-" 1.005 1.854
172.0.0.12 - - [19/June/2018:00:34:28 +0000] http "GET /foo?query=t HTTP/1.0" 200 2133 "-" "KeepAliveClient" "-" 1.005 1.854
172.0.0.12 - - [19/June/2018:00:34:28 +0000] http "GET /foo?query=t HTTP/1.0" 200 2133 "-" "KeepAliveClient" "-" 1.005 1.854
172.0.0.12 - - [19/June/2018:00:34:28 +0000] http "GET /foo?query=t HTTP/1.0" 200 2133 "-" "KeepAliveClient" "-" 1.005 1.854
172.0.0.12 - - [19/June/2018:00:34:28 +0000] http "GET /foo?query=t HTTP/1.0" 200 2133 "-" "KeepAliveClient" "-" 1.005 1.854
172.0.0.12 - - [19/June/2018:00:34:28 +0000] http "GET /foo?query=t HTTP/1.0" 200 2133 "-" "KeepAliveClient" "-" 1.005 1.854
172.0.0.12 - - [19/June/2018:00:34:28 +0000] http "GET /foo?query=t HTTP/1.0" 200 2133 "-" "KeepAliveClient" "-" 1.005 1.854
172.0.0.12 - - [19/June/2018:00:34:28 +0000] http "GET /foo?query=t HTTP/1.0" 200 2133 "-" "KeepAliveClient" "-" 1.005 1.854
172.0.0.12 - - [19/June/2018:00:34:28 +0000] http "GET /foo?query=t HTTP/1.0" 200 2133 "-" "KeepAliveClient" "-" 1.005 1.854
172.0.0.12 - - [19/June/2018:00:34:28 +0000] http "GET /foo?query=t HTTP/1.0" 200 2133 "-" "KeepAliveClient" "-" 1.005 1.854
172.0.0.12 - - [19/June/2018:00:34:28 +0000] http "GET /foo?query=t HTTP/1.0" 200 2133 "-" "KeepAliveClient" "-" 1.005 1.854
172.0.0.12 - - [19/June/2018:00:34:29 +0000] http "GET /foo?query=t HTTP/1.0" 200 2133 "-" "KeepAliveClient" "-" 1.005 1.854
172.0.0.12 - - [19/June/2018:00:34:29 +0000] http "GET /foo?query=t HTTP/1.0" 200 2133 "-" "KeepAliveClient" "-" 1.005 1.854
172.0.0.12 - - [19/June/2018:00:34:29 +0000] http "GET /foo?query=t HTTP/1.0" 200 2133 "-" "KeepAliveClient" "-" 1.005 1.854
172.0.0.12 - - [19/June/2018:00:34:29 +0000] http "GET /foo?query=t HTTP/1.0" 200 2133 "-" "KeepAliveClient" "-" 1.005 1.854
172.0.0.12 - - [19/June/2018:00:34:29 +0000] http "GET /foo?query=t HTTP/1.0" 200 2133 "-" "KeepAliveClient" "-" 1.005 1.854
172.0.0.12 - - [19/June/2018:00:34:29 +0000] http "GET /foo?query=t HTTP/1.0" 200 2133 "-" "KeepAliveClient" "-" 1.005 1.854
172.0.0.12 - - [19/June/2018:00:34:29 +0000] http "GET /foo?query=t HTTP/1.0" 200 2133 "-" "KeepAliveClient" "-" 1.005 1.854
172.0.0.12 - - [19/June/2018:00:34:29 +0000] http "GET /foo?query=t HTTP/1.0" 200 2133 "-" "KeepAliveClient" "-" 1.005 1.854
172.0.0.12 - - [19/June/2018:00:34:29 +0000] http "GET /foo?query=t HTTP/1.0" 200 2133 "-" "KeepAliveClient" "-" 1.005 1.854
172.0.0.12 - - [19/June/2018:00:34:29 +0000] http "GET /foo?query=t HTTP/1.0" 200 2133 "-" "KeepAliveClient" "-" 1.005 1.854
172.0.0.12 - - [19/June/2018:00:34:30 +0000] http "GET /foo?query=t HTTP/1.0" 200 2133 "-" "KeepAliveClient" "-" 1.005 1.854
172.0.0.12 - - [19/June/2018:00:34:30 +0000] http "GET /foo?query=t HTTP/1.0" 200 2133 "-" "KeepAliveClient" "-" 1.005 1.854
172.0.0.12 - - [19/June/2018:00:34:30 +0000] http "GET /foo?query=t HTTP/1.0" 200 2133 "-" "KeepAliveClient" "-" 1.005 1.854
172.0.0.12 - - [19/June/2018:00:34:30 +0000] http "GET /foo?query=t HTTP/1.0" 200 2133 "-" "KeepAliveClient" "-" 1.005 1.854
172.0.0.12 - - [19/June/2018:00:34:30 +0000] http "GET /foo?query=t HTTP/1.0" 200 2133 "-" "KeepAliveClient" "-" 1.005 1.854
172.0.0.12 - - [19/June/2018:00:34:30 +0000] http "GET /foo?query=t HTTP/1.0" 200 2133 "-" "KeepAliveClient" "-" 1.005 1.854
172.0.0.12 - - [19/June/2018:00:34:30 +0000] http "GET /foo?query=t HTTP/1.0" 200 2133 "-" "KeepAliveClient" "-" 1.005 1.854
172.0.0.12 - - [19/June/2018:00:34:30 +0000] http "GET /foo?query=t HTTP/1.0" 200 2133 "-" "KeepAliveClient" "-" 1.005 1.854
172.0.0.12 - - [19/June/2018:00:34:30 +0000] http "GET /foo?query=t HTTP/1.0" 200 2133 "-" "KeepAliveClient" "-" 1.005 1.854
172.0.0.12 - - [19/June/2018:00:34:30 +0000] http "GET /foo?query=t HTTP/1.0" 200 2133 "-" "KeepAliveClient" "-" 1.005 1.854
172.0.0.12 - - [19/June/2018:00:34:30 +0000] http "GET /foo?query=t HTTP/1.0" 200 2133 "-" "KeepAliveClient" "-" 1.005 1.854
172.0.0.12 - - [19/June/2018:00:34:31 +0000] http "GET /foo?query=t HTTP/1.0" 200 2133 "-" "KeepAliveClient" "-" 1.005 1.854
172.0.0.12 - - [19/June/2018:00:34:31 +0000] http "GET /foo?query=t HTTP/1.0" 200 2133 "-" "KeepAliveClient" "-" 1.005 1.854
172.0.0.12 - - [19/June/2018:00:34:31 +0000] http "GET /foo?query=t HTTP/1.0" 200 2133 "-" "KeepAliveClient" "-" 1.005 1.854
172.0.0.12 - - [19/June/2018:00:34:31 +0000] http "GET /foo?query=t HTTP/1.0" 200 2133 "-" "KeepAliveClient" "-" 1.005 1.854
172.0.0.12 - - [19/June/2018:00:34:31 +0000] http "GET /foo?query=t HTTP/1.0" 200 2133 "-" "KeepAliveClient" "-" 1.005 1.854
172.0.0.12 - - [19/June/2018:00:34:31 +0000] http "GET /foo?query=t HTTP/1.0" 200 2133 "-" "KeepAliveClient" "-" 1.005 1.854
172.0.0.12 - - [19/June/2018:00:34:31 +0000] http "GET /foo?query=t HTTP/1.0" 200 2133 "-" "KeepAliveClient" "-" 1.005 1.854
172.0.0.12 - - [19/June/2018:00:34:31 +0000] http "GET /foo?query=t HTTP/1.0" 200 2133 "-" "KeepAliveClient" "-" 1.005 1.854
172.0.0.12 - - [19/June/2018:00:34:31 +0000] http "GET /foo?query=t HTTP/1.0" 200 2133 "-" "KeepAliveClient" "-" 1.005 1.854
172.0.0.12 - - [19/June/2018:00:34:31 +0000] http "GET /foo?query=t HTTP/1.0" 200 2133 "-" "KeepAliveClient" "-" 1.005 1.854
172.0.0.12 - - [19/June/2018:00:34:31 +0000] http "GET /foo?query=t HTTP/1.0" 200 2133 "-" "KeepAliveClient" "-" 1.005 1.854
172.0.0.12 - - [19/June/2018:00:34:31 +0000] http "GET /foo?query=t HTTP/1.0" 200 2133 "-" "KeepAliveClient" "-" 1.005 1.854
172.0.0.12 - - [19/June/2018:00:34:31 +0000] http "GET /foo?query=t HTTP/1.0" 200 2133 "-" "KeepAliveClient" "-" 1.005 1.854
172.0.0.12 - - [19/June/2018:00:34:31 +0000] http "GET /foo?query=t HTTP/1.0" 200 2133 "-" "KeepAliveClient" "-" 1.005 1.854
172.0.0.12 - - [19/June/2018:00:34:32 +0000] http "GET /foo?query=t HTTP/1.0" 200 2133 "-" "KeepAliveClient" "-" 1.005 1.854
172.0.0.12 - - [19/June/2018:00:34:32 +0000] http "GET /foo?query=t HTTP/1.0" 200 2133 "-" "KeepAliveClient" "-" 1.005 1.854
172.0.0.12 - - [19/June/2018:00:34:32 +0000] http "GET /foo?query=t HTTP/1.0" 200 2133 "-" "KeepAliveClient" "-" 1.005 1.854
172.0.0.12 - - [19/June/2018:00:34:32 +0000] http "GET /foo?query=t HTTP/1.0" 200 2133 "-" "KeepAliveClient" "-" 1.005 1.854
172.0.0.12 - - [19/June/2018:00:34:32 +0000] http "GET /foo?query=t HTTP/1.0" 200 2133 "-" "KeepAliveClient" "-" 1.005 1.854
172.0.0.12 - - [19/June/2018:00:34:32 +0000] http "GET /foo?query=t HTTP/1.0" 200 2133 "-" "KeepAliveClient" "-" 1.005 1.854
172.0.0.12 - - [19/June/2018:00:34:32 +0000] http "GET /foo?query=t HTTP/1.0" 200 2133 "-" "KeepAliveClient" "-" 1.005 1.854
172.0.0.12 - - [19/June/2018:00:34:32 +0000] http "GET /foo?query=t HTTP/1.0" 200 2133 "-" "KeepAliveClient" "-" 1.005 1.854
172.0.0.12 - - [19/June/2018:00:34:32 +0000] http "GET /foo?query=t HTTP/1.0" 200 2133 "-" "KeepAliveClient" "-" 1.005 1.854
172.0.0.12 - - [19/June/2018:00:34:32 +0000] http "GET /foo?query=t HTTP/1.0" 200 2133 "-" "KeepAliveClient" "-" 1.005 1.854
172.0.0.12 - - [19/June/2018:00:34:32 +0000] http "GET /foo?query=t HTTP/1.0" 200 2133 "-" "KeepAliveClient" "-" 1.005 1.854
172.0.0.12 - - [19/June/2018:00:34:32 +0000] http "GET /foo?query=t HTTP/1.0" 200 2133 "-" "KeepAliveClient" "-" 1.005 1.854
172.0.0.12 - - [19/June/2018:00:34:33 +0000] http "GET /foo?query=t HTTP/1.0" 200 2133 "-" "KeepAliveClient" "-" 1.005 1.854
172.0.0.12 - - [19/June/2018:00:34:33 +0000] http "GET /foo?query=t HTTP/1.0" 200 2133 "-" "KeepAliveClient" "-" 1.005 1.854
172.0.0.12 - - [19/June/2018:00:34:33 +0000] http "GET /foo?query=t HTTP/1.0" 200 2133 "-" "KeepAliveClient" "-" 1.005 1.854
172.0.0.12 - - [19/June/2018:00:34:33 +0000] http "GET /foo?query=t HTTP/1.0" 200 2133 "-" "KeepAliveClient" "-" 1.005 1.854
172.0.0.12 - - [19/June/2018:00:34:33 +0000] http "GET /foo?query=t HTTP/1.0" 200 2133 "-" "KeepAliveClient" "-" 1.005 1.854
172.0.0.12 - - [19/June/2018:00:34:33 +0000] http "GET /foo?query=t HTTP/1.0" 200 2133 "-" "KeepAliveClient" "-" 1.005 1.854
172.0.0.12 - - [19/June/2018:00:34:33 +0000] http "GET /foo?query=t HTTP/1.0" 200 2133 "-" "KeepAliveClient" "-" 1.005 1.854
172.0.0.12 - - [19/June/2018:00:34:33 +0000] http "GET /foo?query=t HTTP/1.0" 200 2133 "-" "KeepAliveClient" "-" 1.005 1.854
172.0.0.12 - - [19/June/2018:00:34:34 +0000] http "GET /foo?query=t HTTP/1.0" 200 2133 "-" "KeepAliveClient" "-" 1.005 1.854
172.0.0.12 - - [19/June/2018:00:34:34 +0000] http "GET /foo?query=t HTTP/1.0" 200 2133 "-" "KeepAliveClient" "-" 1.005 1.854
172.0.0.12 - - [19/June/2018:00:34:34 +0000] http "GET /foo?query=t HTTP/1.0" 200 2133 "-" "KeepAliveClient" "-" 1.005 1.854
172.0.0.12 - - [19/June/2018:00:34:34 +0000] http "GET /foo?query=t HTTP/1.0" 200 2133 "-" "KeepAliveClient" "-" 1.005 1.854
172.0.0.12 - - [19/June/2018:00:34:34 +0000] http "GET /foo?query=t HTTP/1.0" 200 2133 "-" "KeepAliveClient" "-" 1.005 1.854
172.0.0.12 - - [19/June/2018:00:34:34 +0000] http "GET /foo?query=t HTTP/1.0" 200 2133 "-" "KeepAliveClient" "-" 1.005 1.854
172.0.0.12 - - [19/June/2018:00:34:34 +0000] http "GET /foo?query=t HTTP/1.0" 200 2133 "-" "KeepAliveClient" "-" 1.005 1.854
172.0.0.12 - - [19/June/2018:00:34:34 +0000] http "GET /foo?query=t HTTP/1.0" 200 2133 "-" "KeepAliveClient" "-" 1.005 1.854
172.0.0.12 - - [19/June/2018:00:34:34 +0000] http "GET /foo?query=t HTTP/1.0" 200 2133 "-" "KeepAliveClient" "-" 1.005 1.854
172.0.0.12 - - [19/June/2018:00:34:35 +0000] http "GET /foo?query=t HTTP/1.0" 200 2133 "-" "KeepAliveClient" "-" 1.005 1.854
172.0.0.12 - - [19/June/2018:00:34:35 +0000] http "GET /foo?query=t HTTP/1.0" 200 2133 "-" "KeepAliveClient" "-" 1.005 1.854
172.0.0.12 - - [19/June/2018:00:34:35 +0000] http "GET /foo?query=t HTTP/1.0" 200 2133 "-" "KeepAliveClient" "-" 1.005 1.854
172.0.0.12 - - [19/June/2018:00:34:35 +0000] http "GET /foo?query=t HTTP/1.0" 200 2133 "-" "KeepAliveClient" "-" 1.005 1.854
172.0.0.12 - - [19/June/2018:00:34:35 +0000] http "GET /foo?query=t HTTP/1.0" 200 2133 "-" "KeepAliveClient" "-" 1.005 1.854
172.0.0.12 - - [19/June/2018:00:34:35 +0000] http "GET /foo?query=t HTTP/1.0" 200 2133 "-" "KeepAliveClient" "-" 1.005 1.854
172.0.0.12 - - [19/June/2018:00:34:35 +0000] http "GET /foo?query=t HTTP/1.0" 200 2133 "-" "KeepAliveClient" "-" 1.005 1.854
172.0.0.12 - - [19/June/2018:00:34:35 +0000] http "GET /foo?query=t HTTP/1.0" 200 2133 "-" "KeepAliveClient" "-" 1.005 1.854
172.0.0.12 - - [19/June/2018:00:34:35 +0000] http "GET /foo?query=t HTTP/1.0" 200 2133 "-" "KeepAliveClient" "-" 1.005 1.854
172.0.0.12 - - [19/June/2018:00:34:35 +0000] http "GET /foo?query=t HTTP/1.0" 200 2133 "-" "KeepAliveClient" "-" 1.005 1.854
172.0.0.12 - - [19/June/2018:00:34:35 +0000] http "GET /foo?query=t HTTP/1.0" 200 2133 "-" "KeepAliveClient" "-" 1.005 1.854
172.0.0.12 - - [19/June/2018:00:34:35 +0000] http "GET /foo?query=t HTTP/1.0" 200 2133 "-" "KeepAliveClient" "-" 1.005 1.854
172.0.0.12 - - [19/June/2018:00:34:36 +0000] http "GET /foo?query=t HTTP/1.0" 200 2133 "-" "KeepAliveClient" "-" 1.005 1.854
172.0.0.12 - - [19/June/2018:00:34:36 +0000] http "GET /foo?query=t HTTP/1.0" 200 2133 "-" "KeepAliveClient" "-" 1.005 1.854
172.0.0.12 - - [19/June/2018:00:34:36 +0000] http "GET /foo?query=t HTTP/1.0" 200 2133 "-" "KeepAliveClient" "-" 1.005 1.854
172.0.0.12 - - [19/June/2018:00:34:36 +0000] http "GET /foo?query=t HTTP/1.0" 200 2133 "-" "KeepAliveClient" "-" 1.005 1.854
172.0.0.12 - - [19/June/2018:00:34:36 +0000] http "GET /foo?query=t HTTP/1.0" 200 2133 "-" "KeepAliveClient" "-" 1.005 1.854
172.0.0.12 - - [19/June/2018:00:34:36 +0000] http "GET /foo?query=t HTTP/1.0" 200 2133 "-" "KeepAliveClient" "-" 1.005 1.854
172.0.0.12 - - [19/June/2018:00:34:36 +0000] http "GET /foo?query=t HTTP/1.0" 200 2133 "-" "KeepAliveClient" "-" 1.005 1.854
172.0.0.12 - - [19/June/2018:00:34:36 +0000] http "GET /foo?query=t HTTP/1.0" 200 2133 "-" "KeepAliveClient" "-" 1.005 1.854
172.0.0.12 - - [19/June/2018:00:34:36 +0000] http "GET /foo?query=t HTTP/1.0" 200 2133 "-" "KeepAliveClient" "-" 1.005 1.854
172.0.0.12 - - [19/June/2018:00:34:36 +0000] http "GET /foo?query=t HTTP/1.0" 200 2133 "-" "KeepAliveClient" "-" 1.005 1.854
172.0.0.12 - - [19/June/2018:00:34:36 +0000] http "GET /foo?query=t HTTP/1.0" 200 2133 "-" "KeepAliveClient" "-" 1.005 1.854
172.0.0.12 - - [19/June/2018:00:34:36 +0000] http "GET /foo?query=t HTTP/1.0" 200 2133 "-" "KeepAliveClient" "-" 1.005 1.854
172.0.0.12 - - [19/June/2018:00:34:36 +0000] http "GET /foo?query=t HTTP/1.0" 200 2133 "-" "KeepAliveClient" "-" 1.005 1.854
172.0.0.12 - - [19/June/2018:00:34:36 +0000] http "GET /foo?query=t HTTP/1.0" 200 2133 "-" "KeepAliveClient" "-" 1.005 1.854
172.0.0.12 - - [19/June/2018:00:34:36 +0000] http "GET /foo?query=t HTTP/1.0" 200 2133 "-" "KeepAliveClient" "-" 1.005 1.854
172.0.0.12 - - [19/June/2018:00:34:36 +0000] http "GET /foo?query=t HTTP/1.0" 200 2133 "-" "KeepAliveClient" "-" 1.005 1.854
172.0.0.12 - - [19/June/2018:00:34:36 +0000] http "GET /foo?query=t HTTP/1.0" 200 2133 "-" "KeepAliveClient" "-" 1.005 1.854
172.0.0.12 - - [19/June/2018:00:34:37 +0000] http "GET /foo?query=t HTTP/1.0" 200 2133 "-" "KeepAliveClient" "-" 1.005 1.854
172.0.0.12 - - [19/June/2018:00:34:37 +0000] http "GET /foo?query=t HTTP/1.0" 200 2133 "-" "KeepAliveClient" "-" 1.005 1.854
172.0.0.12 - - [19/June/2018:00:34:37 +0000] http "GET /foo?query=t HTTP/1.0" 200 2133 "-" "KeepAliveClient" "-" 1.005 1.854
172.0.0.12 - - [19/June/2018:00:34:37 +0000] http "GET /foo?query=t HTTP/1.0" 200 2133 "-" "KeepAliveClient" "-" 1.005 1.854
172.0.0.12 - - [19/June/2018:00:34:37 +0000] http "GET /foo?query=t HTTP/1.0" 200 2133 "-" "KeepAliveClient" "-" 1.005 1.854
172.0.0.12 - - [19/June/2018:00:34:37 +0000] http "GET /foo?query=t HTTP/1.0" 200 2133 "-" "KeepAliveClient" "-" 1.005 1.854
172.0.0.12 - - [19/June/2018:00:34:37 +0000] http "GET /foo?query=t HTTP/1.0" 200 2133 "-" "KeepAliveClient" "-" 1.005 1.854
172.0.0.12 - - [19/June/2018:00:34:37 +0000] http "GET /foo?query=t HTTP/1.0" 200 2133 "-" "KeepAliveClient" "-" 1.005 1.854
172.0.0.12 - - [19/June/2018:00:34:37 +0000] http "GET /foo?query=t HTTP/1.0" 200 2133 "-" "KeepAliveClient" "-" 1.005 1.854
172.0.0.12 - - [19/June/2018:00:34:37 +0000] http "GET /foo?query=t HTTP/1.0" 200 2133 "-" "KeepAliveClient" "-" 1.005 1.854
172.0.0.12 - - [19/June/2018:00:34:37 +0000] http "GET /foo?query=t HTTP/1.0" 200 2133 "-" "KeepAliveClient" "-" 1.005 1.854
172.0.0.12 - - [19/June/2018:00:34:37 +0000] http "GET /foo?query=t HTTP/1.0" 200 2133 "-" "KeepAliveClient" "-" 1.005 1.854
172.0.0.12 - - [19/June/2018:00:34:38 +0000] http "GET /foo?query=t HTTP/1.0" 200 2133 "-" "KeepAliveClient" "-" 1.005 1.854
172.0.0.12 - - [19/June/2018:00:34:38 +0000] http "GET /foo?query=t HTTP/1.0" 200 2133 "-" "KeepAliveClient" "-" 1.005 1.854
172.0.0.12 - - [19/June/2018:00:34:38 +0000] http "GET /foo?query=t HTTP/1.0" 200 2133 "-" "KeepAliveClient" "-" 1.005 1.854
172.0.0.12 - - [19/June/2018:00:34:38 +0000] http "GET /foo?query=t HTTP/1.0" 200 2133 "-" "KeepAliveClient" "-" 1.005 1.854
172.0.0.12 - - [19/June/2018:00:34:38 +0000] http "GET /foo?query=t HTTP/1.0" 200 2133 "-" "KeepAliveClient" "-" 1.005 1.854
172.0.0.12 - - [19/June/2018:00:34:38 +0000] http "GET /foo?query=t HTTP/1.0" 200 2133 "-" "KeepAliveClient" "-" 1.005 1.854
172.0.0.12 - - [19/June/2018:00:34:38 +0000] http "GET /foo?query=t HTTP/1.0" 200 2133 "-" "KeepAliveClient" "-" 1.005 1.854
172.0.0.12 - - [19/June/2018:00:34:38 +0000] http "GET /foo?query=t HTTP/1.0" 200 2133 "-" "KeepAliveClient" "-" 1.005 1.854
172.0.0.12 - - [19/June/2018:00:34:38 +0000] http "GET /foo?query=t HTTP/1.0" 200 2133 "-" "KeepAliveClient" "-" 1.005 1.854
172.0.0.12 - - [19/June/2018:00:34:38 +0000] http "GET /foo?query=t HTTP/1.0" 200 2133 "-" "KeepAliveClient" "-" 1.005 1.854
172.0.0.12 - - [19/June/2018:00:34:38 +0000] http "GET /foo?query=t HTTP/1.0" 200 2133 "-" "KeepAliveClient" "-" 1.005 1.854
172.0.0.12 - - [19/June/2018:00:34:39 +0000] http "GET /foo?query=t HTTP/1.0" 200 2133 "-" "KeepAliveClient" "-" 1.005 1.854
172.0.0.12 - - [19/June/2018:00:34:39 +0000] http "GET /foo?query=t HTTP/1.0" 200 2133 "-" "KeepAliveClient" "-" 1.005 1.854
172.0.0.12 - - [19/June/2018:00:34:39 +0000] http "GET /foo?query=t HTTP/1.0" 200 2133 "-" "KeepAliveClient" "-" 1.005 1.854
172.0.0.12 - - [19/June/2018:00:34:39 +0000] http "GET /foo?query=t HTTP/1.0" 200 2133 "-" "KeepAliveClient" "-" 1.005 1.854
172.0.0.12 - - [19/June/2018:00:34:39 +0000] http "GET /foo?query=t HTTP/1.0" 200 2133 "-" "KeepAliveClient" "-" 1.005 1.854
172.0.0.12 - - [19/June/2018:00:34:39 +0000] http "GET /foo?query=t HTTP/1.0" 200 2133 "-" "KeepAliveClient" "-" 1.005 1.854
172.0.0.12 - - [19/June/2018:00:34:39 +0000] http "GET /foo?query=t HTTP/1.0" 200 2133 "-" "KeepAliveClient" "-" 1.005 1.854
172.0.0.12 - - [19/June/2018:00:34:39 +0000] http "GET /foo?query=t HTTP/1.0" 200 2133 "-" "KeepAliveClient" "-" 1.005 1.854
172.0.0.12 - - [19/June/2018:00:34:39 +0000] http "GET /foo?query=t HTTP/1.0" 200 2133 "-" "KeepAliveClient" "-" 1.005 1.854
172.0.0.12 - - [19/June/2018:00:34:40 +0000] http "GET /foo?query=t HTTP/1.0" 200 2133 "-" "KeepAliveClient" "-" 1.005 1.854
172.0.0.12 - - [19/June/2018:00:34:40 +0000] http "GET /foo?query=t HTTP/1.0" 200 2133 "-" "KeepAliveClient" "-" 1.005 1.854
172.0.0.12 - - [19/June/2018:00:34:40 +0000] http "GET /foo?query=t HTTP/1.0" 200 2133 "-" "KeepAliveClient" "-" 1.005 1.854
172.0.0.12 - - [19/June/2018:00:34:40 +0000] http "GET /foo?query=t HTTP/1.0" 200 2133 "-" "KeepAliveClient" "-" 1.005 1.854
172.0.0.12 - - [19/June/2018:00:34:40 +0000] http "GET /foo?query=t HTTP/1.0" 200 2133 "-" "KeepAliveClient" "-" 1.005 1.854
172.0.0.12 - - [19/June/2018:00:34:40 +0000] http "GET /foo?query=t HTTP/1.0" 200 2133 "-" "KeepAliveClient" "-" 1.005 1.854
172.0.0.12 - - [19/June/2018:00:34:40 +0000] http "GET /foo?query=t HTTP/1.0" 200 2133 "-" "KeepAliveClient" "-" 1.005 1.854
172.0.0.12 - - [19/June/2018:00:34:40 +0000] http "GET /foo?query=t HTTP/1.0" 200 2133 "-" "KeepAliveClient" "-" 1.005 1.854
172.0.0.12 - - [19/June/2018:00:34:40 +0000] http "GET /foo?query=t HTTP/1.0" 200 2133 "-" "KeepAliveClient" "-" 1.005 1.854
172.0.0.12 - - [19/June/2018:00:34:40 +0000] http "GET /foo?query=t HTTP/1.0" 200 2133 "-" "KeepAliveClient" "-" 1.005 1.854
172.0.0.12 - - [19/June/2018:00:34:40 +0000] http "GET /foo?query=t HTTP/1.0" 200 2133 "-" "KeepAliveClient" "-" 1.005 1.854
172.0.0.12 - - [19/June/2018:00:34:41 +0000] http "GET /foo?query=t HTTP/1.0" 200 2133 "-" "KeepAliveClient" "-" 1.005 1.854
172.0.0.12 - - [19/June/2018:00:34:41 +0000] http "GET /foo?query=t HTTP/1.0" 200 2133 "-" "KeepAliveClient" "-" 1.005 1.854
172.0.0.12 - - [19/June/2018:00:34:41 +0000] http "GET /foo?query=t HTTP/1.0" 200 2133 "-" "KeepAliveClient" "-" 1.005 1.854
172.0.0.12 - - [19/June/2018:00:34:41 +0000] http "GET /foo?query=t HTTP/1.0" 200 2133 "-" "KeepAliveClient" "-" 1.005 1.854
172.0.0.12 - - [19/June/2018:00:34:41 +0000] http "GET /foo?query=t HTTP/1.0" 200 2133 "-" "KeepAliveClient" "-" 1.005 1.854
172.0.0.12 - - [19/June/2018:00:34:41 +0000] http "GET /foo?query=t HTTP/1.0" 200 2133 "-" "KeepAliveClient" "-" 1.005 1.854
172.0.0.12 - - [19/June/2018:00:34:41 +0000] http "GET /foo?query=t HTTP/1.0" 200 2133 "-" "KeepAliveClient" "-" 1.005 1.854
172.0.0.12 - - [19/June/2018:00:34:41 +0000] http "GET /foo?query=t HTTP/1.0" 200 2133 "-" "KeepAliveClient" "-" 1.005 1.854
172.0.0.12 - - [19/June/2018:00:34:41 +0000] http "GET /foo?query=t HTTP/1.0" 200 2133 "-" "KeepAliveClient" "-" 1.005 1.854
172.0.0.12 - - [19/June/2018:00:34:41 +0000] http "GET /foo?query=t HTTP/1.0" 200 2133 "-" "KeepAliveClient" "-" 1.005 1.854
172.0.0.12 - - [19/June/2018:00:34:42 +0000] http "GET /foo?query=t HTTP/1.0" 200 2133 "-" "KeepAliveClient" "-" 1.005 1.854
172.0.0.12 - - [19/June/2018:00:34:42 +0000] http "GET /foo?query=t HTTP/1.0" 200 2133 "-" "KeepAliveClient" "-" 1.005 1.854
172.0.0.12 - - [19/June/2018:00:34:42 +0000] http "GET /foo?query=t HTTP/1.0" 200 2133 "-" "KeepAliveClient" "-" 1.005 1.854
172.0.0.12 - - [19/June/2018:00:34:42 +0000] http "GET /foo?query=t HTTP/1.0" 200 2133 "-" "KeepAliveClient" "-" 1.005 1.854
172.0.0.12 - - [19/June/2018:00:34:42 +0000] http "GET /foo?query=t HTTP/1.0" 200 2133 "-" "KeepAliveClient" "-" 1.005 1.854
172.0.0.12 - - [19/June/2018:00:34:42 +0000] http "GET /foo?query=t HTTP/1.0" 200 2133 "-" "KeepAliveClient" "-" 1.005 1.854
172.0.0.12 - - [19/June/2018:00:34:42 +0000] http "GET /foo?query=t HTTP/1.0" 200 2133 "-" "KeepAliveClient" "-" 1.005 1.854
172.0.0.12 - - [19/June/2018:00:34:42 +0000] http "GET /foo?query=t HTTP/1.0" 200 2133 "-" "KeepAliveClient" "-" 1.005 1.854
172.0.0.12 - - [19/June/2018:00:34:42 +0000] http "GET /foo?query=t HTTP/1.0" 200 2133 "-" "KeepAliveClient" "-" 1.005 1.854
172.0.0.12 - - [19/June/2018:00:34:42 +0000] http "GET /foo?query=t HTTP/1.0" 200 2133 "-" "KeepAliveClient" "-" 1.005 1.854
172.0.0.12 - - [19/June/2018:00:34:42 +0000] http "GET /foo?query=t HTTP/1.0" 200 2133 "-" "KeepAliveClient" "-" 1.005 1.854
172.0.0.12 - - [19/June/2018:00:34:42 +0000] http "GET /foo?query=t HTTP/1.0" 200 2133 "-" "KeepAliveClient" "-" 1.005 1.854
172.0.0.12 - - [19/June/2018:00:34:42 +0000] http "GET /foo?query=t HTTP/1.0" 200 2133 "-" "KeepAliveClient" "-" 1.005 1.854
172.0.0.12 - - [19/June/2018:00:34:42 +0000] http "GET /foo?query=t HTTP/1.0" 200 2133 "-" "KeepAliveClient" "-" 1.005 1.854
172.0.0.12 - - [19/June/2018:00:34:42 +0000] http "GET /foo?query=t HTTP/1.0" 200 2133 "-" "KeepAliveClient" "-" 1.005 1.854
172.0.0.12 - - [19/June/2018:00:34:43 +0000] http "GET /foo?query=t HTTP/1.0" 200 2133 "-" "KeepAliveClient" "-" 1.005 1.854
172.0.0.12 - - [19/June/2018:00:34:43 +0000] http "GET /foo?query=t HTTP/1.0" 200 2133 "-" "KeepAliveClient" "-" 1.005 1.854
172.0.0.12 - - [19/June/2018:00:34:43 +0000] http "GET /foo?query=t HTTP/1.0" 200 2133 "-" "KeepAliveClient" "-" 1.005 1.854
172.0.0.12 - - [19/June/2018:00:34:43 +0000] http "GET /foo?query=t HTTP/1.0" 200 2133 "-" "KeepAliveClient" "-" 1.005 1.854
172.0.0.12 - - [19/June/2018:00:34:43 +0000] http "GET /foo?query=t HTTP/1.0" 200 2133 "-" "KeepAliveClient" "-" 1.005 1.854
172.0.0.12 - - [19/June/2018:00:34:43 +0000] http "GET /foo?query=t HTTP/1.0" 200 2133 "-" "KeepAliveClient" "-" 1.005 1.854
172.0.0.12 - - [19/June/2018:00:34:43 +0000] http "GET /foo?query=t HTTP/1.0" 200 2133 "-" "KeepAliveClient" "-" 1.005 1.854
172.0.0.12 - - [19/June/2018:00:34:43 +0000] http "GET /foo?query=t HTTP/1.0" 200 2133 "-" "KeepAliveClient" "-" 1.005 1.854
172.0.0.12 - - [19/June/2018:00:34:43 +0000] http "GET /foo?query=t HTTP/1.0" 200 2133 "-" "KeepAliveClient" "-" 1.005 1.854
172.0.0.12 - - [19/June/2018:00:34:43 +0000] http "GET /foo?query=t HTTP/1.0" 200 2133 "-" "KeepAliveClient" "-" 1.005 1.854
172.0.0.12 - - [19/June/2018:00:34:44 +0000] http "GET /foo?query=t HTTP/1.0" 200 2133 "-" "KeepAliveClient" "-" 1.005 1.854
172.0.0.12 - - [19/June/2018:00:34:44 +0000] http "GET /foo?query=t HTTP/1.0" 200 2133 "-" "KeepAliveClient" "-" 1.005 1.854
172.0.0.12 - - [19/June/2018:00:34:44 +0000] http "GET /foo?query=t HTTP/1.0" 200 2133 "-" "KeepAliveClient" "-" 1.005 1.854
172.0.0.12 - - [19/June/2018:00:34:44 +0000] http "GET /foo?query=t HTTP/1.0" 200 2133 "-" "KeepAliveClient" "-" 1.005 1.854
172.0.0.12 - - [19/June/2018:00:34:44 +0000] http "GET /foo?query=t HTTP/1.0" 200 2133 "-" "KeepAliveClient" "-" 1.005 1.854
172.0.0.12 - - [19/June/2018:00:34:44 +0000] http "GET /foo?query=t HTTP/1.0" 200 2133 "-" "KeepAliveClient" "-" 1.005 1.854
172.0.0.12 - - [19/June/2018:00:34:44 +0000] http "GET /foo?query=t HTTP/1.0" 200 2133 "-" "KeepAliveClient" "-" 1.005 1.854
172.0.0.12 - - [19/June/2018:00:34:44 +0000] http "GET /foo?query=t HTTP/1.0" 200 2133 "-" "KeepAliveClient" "-" 1.005 1.854
172.0.0.12 - - [19/June/2018:00:34:44 +0000] http "GET /foo?query=t HTTP/1.0" 200 2133 "-" "KeepAliveClient" "-" 1.005 1.854
172.0.0.12 - - [19/June/2018:00:34:44 +0000] http "GET /foo?query=t HTTP/1.0" 200 2133 "-" "KeepAliveClient" "-" 1.005 1.854
172.0.0.12 - - [19/June/2018:00:34:45 +0000] http "GET /foo?query=t HTTP/1.0" 200 2133 "-" "KeepAliveClient" "-" 1.005 1.854
172.0.0.12 - - [19/June/2018:00:34:45 +0000] http "GET /foo?query=t HTTP/1.0" 200 2133 "-" "KeepAliveClient" "-" 1.005 1.854
172.0.0.12 - - [19/June/2018:00:34:45 +0000] http "GET /foo?query=t HTTP/1.0" 200 2133 "-" "KeepAliveClient" "-" 1.005 1.854
172.0.0.12 - - [19/June/2018:00:34:45 +0000] http "GET /foo?query=t HTTP/1.0" 200 2133 "-" "KeepAliveClient" "-" 1.005 1.854
172.0.0.12 - - [19/June/2018:00:34:45 +0000] http "GET /foo?query=t HTTP/1.0" 200 2133 "-" "KeepAliveClient" "-" 1.005 1.854
172.0.0.12 - - [19/June/2018:00:34:45 +0000] http "GET /foo?query=t HTTP/1.0" 200 2133 "-" "KeepAliveClient" "-" 1.005 1.854
172.0.0.12 - - [19/June/2018:00:34:45 +0000] http "GET /foo?query=t HTTP/1.0" 200 2133 "-" "KeepAliveClient" "-" 1.005 1.854
172.0.0.12 - - [19/June/2018:00:34:45 +0000] http "GET /foo?query=t HTTP/1.0" 200 2133 "-" "KeepAliveClient" "-" 1.005 1.854
172.0.0.12 - - [19/June/2018:00:34:45 +0000] http "GET /foo?query=t HTTP/1.0" 200 2133 "-" "KeepAliveClient" "-" 1.005 1.854
172.0.0.12 - - [19/June/2018:00:34:45 +0000] http "GET /foo?query=t HTTP/1.0" 200 2133 "-" "KeepAliveClient" "-" 1.005 1.854
172.0.0.12 - - [19/June/2018:00:34:45 +0000] http "GET /foo?query=t HTTP/1.0" 200 2133 "-" "KeepAliveClient" "-" 1.005 1.854
172.0.0.12 - - [19/June/2018:00:34:46 +0000] http "GET /foo?query=t HTTP/1.0" 200 2133 "-" "KeepAliveClient" "-" 1.005 1.854
172.0.0.12 - - [19/June/2018:00:34:46 +0000] http "GET /foo?query=t HTTP/1.0" 200 2133 "-" "KeepAliveClient" "-" 1.005 1.854
172.0.0.12 - - [19/June/2018:00:34:46 +0000] http "GET /foo?query=t HTTP/1.0" 200 2133 "-" "KeepAliveClient" "-" 1.005 1.854
172.0.0.12 - - [19/June/2018:00:34:46 +0000] http "GET /foo?query=t HTTP/1.0" 200 2133 "-" "KeepAliveClient" "-" 1.005 1.854
172.0.0.12 - - [19/June/2018:00:34:46 +0000] http "GET /foo?query=t HTTP/1.0" 200 2133 "-" "KeepAliveClient" "-" 1.005 1.854
172.0.0.12 - - [19/June/2018:00:34:46 +0000] http "GET /foo?query=t HTTP/1.0" 200 2133 "-" "KeepAliveClient" "-" 1.005 1.854
172.0.0.12 - - [19/June/2018:00:34:46 +0000] http "GET /foo?query=t HTTP/1.0" 200 2133 "-" "KeepAliveClient" "-" 1.005 1.854
172.0.0.12 - - [19/June/2018:00:34:46 +0000] http "GET /foo?query=t HTTP/1.0" 200 2133 "-" "KeepAliveClient" "-" 1.005 1.854
172.0.0.12 - - [19/June/2018:00:34:46 +0000] http "GET /foo?query=t HTTP/1.0" 200 2133 "-" "KeepAliveClient" "-" 1.005 1.854
172.0.0.12 - - [19/June/2018:00:34:46 +0000] http "GET /foo?query=t HTTP/1.0" 200 2133 "-" "KeepAliveClient" "-" 1.005 1.854
172.0.0.12 - - [19/June/2018:00:34:46 +0000] http "GET /foo?query=t HTTP/1.0" 200 2133 "-" "KeepAliveClient" "-" 1.005 1.854
172.0.0.12 - - [19/June/2018:00:34:46 +0000] http "GET /foo?query=t HTTP/1.0" 200 2133 "-" "KeepAliveClient" "-" 1.005 1.854
172.0.0.12 - - [19/June/2018:00:34:47 +0000] http "GET /foo?query=t HTTP/1.0" 200 2133 "-" "KeepAliveClient" "-" 1.005 1.854
172.0.0.12 - - [19/June/2018:00:34:47 +0000] http "GET /foo?query=t HTTP/1.0" 200 2133 "-" "KeepAliveClient" "-" 1.005 1.854
172.0.0.12 - - [19/June/2018:00:34:47 +0000] http "GET /foo?query=t HTTP/1.0" 200 2133 "-" "KeepAliveClient" "-" 1.005 1.854
172.0.0.12 - - [19/June/2018:00:34:47 +0000] http "GET /foo?query=t HTTP/1.0" 200 2133 "-" "KeepAliveClient" "-" 1.005 1.854
172.0.0.12 - - [19/June/2018:00:34:47 +0000] http "GET /foo?query=t HTTP/1.0" 200 2133 "-" "KeepAliveClient" "-" 1.005 1.854
172.0.0.12 - - [19/June/2018:00:34:47 +0000] http "GET /foo?query=t HTTP/1.0" 200 2133 "-" "KeepAliveClient" "-" 1.005 1.854
172.0.0.12 - - [19/June/2018:00:34:47 +0000] http "GET /foo?query=t HTTP/1.0" 200 2133 "-" "KeepAliveClient" "-" 1.005 1.854
172.0.0.12 - - [19/June/2018:00:34:47 +0000] http "GET /foo?query=t HTTP/1.0" 200 2133 "-" "KeepAliveClient" "-" 1.005 1.854
172.0.0.12 - - [19/June/2018:00:34:47 +0000] http "GET /foo?query=t HTTP/1.0" 200 2133 "-" "KeepAliveClient" "-" 1.005 1.854
172.0.0.12 - - [19/June/2018:00:34:47 +0000] http "GET /foo?query=t HTTP/1.0" 200 2133 "-" "KeepAliveClient" "-" 1.005 1.854
172.0.0.12 - - [19/June/2018:00:34:47 +0000] http "GET /foo?query=t HTTP/1.0" 200 2133 "-" "KeepAliveClient" "-" 1.005 1.854
172.0.0.12 - - [19/June/2018:00:34:48 +0000] http "GET /foo?query=t HTTP/1.0" 200 2133 "-" "KeepAliveClient" "-" 1.005 1.854
172.0.0.12 - - [19/June/2018:00:34:48 +0000] http "GET /foo?query=t HTTP/1.0" 200 2133 "-" "KeepAliveClient" "-" 1.005 1.854
172.0.0.12 - - [19/June/2018:00:34:48 +0000] http "GET /foo?query=t HTTP/1.0" 200 2133 "-" "KeepAliveClient" "-" 1.005 1.854
172.0.0.12 - - [19/June/2018:00:34:48 +0000] http "GET /foo?query=t HTTP/1.0" 200 2133 "-" "KeepAliveClient" "-" 1.005 1.854
172.0.0.12 - - [19/June/2018:00:34:48 +0000] http "GET /foo?query=t HTTP/1.0" 200 2133 "-" "KeepAliveClient" "-" 1.005 1.854
172.0.0.12 - - [19/June/2018:00:34:48 +0000] http "GET /foo?query=t HTTP/1.0" 200 2133 "-" "KeepAliveClient" "-" 1.005 1.854
172.0.0.12 - - [19/June/2018:00:34:48 +0000] http "GET /foo?query=t HTTP/1.0" 200 2133 "-" "KeepAliveClient" "-" 1.005 1.854
172.0.0.12 - - [19/June/2018:00:34:48 +0000] http "GET /foo?query=t HTTP/1.0" 200 2133 "-" "KeepAliveClient" "-" 1.005 1.854
172.0.0.12 - - [19/June/2018:00:34:48 +0000] http "GET /foo?query=t HTTP/1.0" 200 2133 "-" "KeepAliveClient" "-" 1.005 1.854
172.0.0.12 - - [19/June/2018:00:34:48 +0000] http "GET /foo?query=t HTTP/1.0" 200 2133 "-" "KeepAliveClient" "-" 1.005 1.854
172.0.0.12 - - [19/June/2018:00:34:49 +0000] http "GET /foo?query=t HTTP/1.0" 200 2133 "-" "KeepAliveClient" "-" 1.005 1.854
172.0.0.12 - - [19/June/2018:00:34:49 +0000] http "GET /foo?query=t HTTP/1.0" 200 2133 "-" "KeepAliveClient" "-" 1.005 1.854
172.0.0.12 - - [19/June/2018:00:34:49 +0000] http "GET /foo?query=t HTTP/1.0" 200 2133 "-" "KeepAliveClient" "-" 1.005 1.854
172.0.0.12 - - [19/June/2018:00:34:49 +0000] http "GET /foo?query=t HTTP/1.0" 200 2133 "-" "KeepAliveClient" "-" 1.005 1.854
172.0.0.12 - - [19/June/2018:00:34:49 +0000] http "GET /foo?query=t HTTP/1.0" 200 2133 "-" "KeepAliveClient" "-" 1.005 1.854
172.0.0.12 - - [19/June/2018:00:34:49 +0000] http "GET /foo?query=t HTTP/1.0" 200 2133 "-" "KeepAliveClient" "-" 1.005 1.854
172.0.0.12 - - [19/June/2018:00:34:49 +0000] http "GET /foo?query=t HTTP/1.0" 200 2133 "-" "KeepAliveClient" "-" 1.005 1.854
172.0.0.12 - - [19/June/2018:00:34:49 +0000] http "GET /foo?query=t HTTP/1.0" 200 2133 "-" "KeepAliveClient" "-" 1.005 1.854
172.0.0.12 - - [19/June/2018:00:34:49 +0000] http "GET /foo?query=t HTTP/1.0" 200 2133 "-" "KeepAliveClient" "-" 1.005 1.854
172.0.0.12 - - [19/June/2018:00:34:50 +0000] http "GET /foo?query=t HTTP/1.0" 200 2133 "-" "KeepAliveClient" "-" 1.005 1.854
172.0.0.12 - - [19/June/2018:00:34:50 +0000] http "GET /foo?query=t HTTP/1.0" 200 2133 "-" "KeepAliveClient" "-" 1.005 1.854
172.0.0.12 - - [19/June/2018:00:34:50 +0000] http "GET /foo?query=t HTTP/1.0" 200 2133 "-" "KeepAliveClient" "-" 1.005 1.854
172.0.0.12 - - [19/June/2018:00:34:50 +0000] http "GET /foo?query=t HTTP/1.0" 200 2133 "-" "KeepAliveClient" "-" 1.005 1.854
172.0.0.12 - - [19/June/2018:00:34:50 +0000] http "GET /foo?query=t HTTP/1.0" 200 2133 "-" "KeepAliveClient" "-" 1.005 1.854
172.0.0.12 - - [19/June/2018:00:34:50 +0000] http "GET /foo?query=t HTTP/1.0" 200 2133 "-" "KeepAliveClient" "-" 1.005 1.854
172.0.0.12 - - [19/June/2018:00:34:50 +0000] http "GET /foo?query=t HTTP/1.0" 200 2133 "-" "KeepAliveClient" "-" 1.005 1.854
172.0.0.12 - - [19/June/2018:00:34:50 +0000] http "GET /foo?query=t HTTP/1.0" 200 2133 "-" "KeepAliveClient" "-" 1.005 1.854
172.0.0.12 - - [19/June/2018:00:34:50 +0000] http "GET /foo?query=t HTTP/1.0" 200 2133 "-" "KeepAliveClient" "-" 1.005 1.854
172.0.0.12 - - [19/June/2018:00:34:50 +0000] http "GET /foo?query=t HTTP/1.0" 200 2133 "-" "KeepAliveClient" "-" 1.005 1.854
172.0.0.12 - - [19/June/2018:00:34:50 +0000] http "GET /foo?query=t HTTP/1.0" 200 2133 "-" "KeepAliveClient" "-" 1.005 1.854
172.0.0.12 - - [19/June/2018:00:34:50 +0000] http "GET /foo?query=t HTTP/1.0" 200 2133 "-" "KeepAliveClient" "-" 1.005 1.854
172.0.0.12 - - [19/June/2018:00:34:51 +0000] http "GET /foo?query=t HTTP/1.0" 200 2133 "-" "KeepAliveClient" "-" 1.005 1.854
172.0.0.12 - - [19/June/2018:00:34:51 +0000] http "GET /foo?query=t HTTP/1.0" 200 2133 "-" "KeepAliveClient" "-" 1.005 1.854
172.0.0.12 - - [19/June/2018:00:34:51 +0000] http "GET /foo?query=t HTTP/1.0" 200 2133 "-" "KeepAliveClient" "-" 1.005 1.854
172.0.0.12 - - [19/June/2018:00:34:51 +0000] http "GET /foo?query=t HTTP/1.0" 200 2133 "-" "KeepAliveClient" "-" 1.005 1.854
172.0.0.12 - - [19/June/2018:00:34:51 +0000] http "GET /foo?query=t HTTP/1.0" 200 2133 "-" "KeepAliveClient" "-" 1.005 1.854
172.0.0.12 - - [19/June/2018:00:34:51 +0000] http "GET /foo?query=t HTTP/1.0" 200 2133 "-" "KeepAliveClient" "-" 1.005 1.854
172.0.0.12 - - [19/June/2018:00:34:51 +0000] http "GET /foo?query=t HTTP/1.0" 200 2133 "-" "KeepAliveClient" "-" 1.005 1.854
172.0.0.12 - - [19/June/2018:00:34:51 +0000] http "GET /foo?query=t HTTP/1.0" 200 2133 "-" "KeepAliveClient" "-" 1.005 1.854
172.0.0.12 - - [19/June/2018:00:34:52 +0000] http "GET /foo?query=t HTTP/1.0" 200 2133 "-" "KeepAliveClient" "-" 1.005 1.854
172.0.0.12 - - [19/June/2018:00:34:52 +0000] http "GET /foo?query=t HTTP/1.0" 200 2133 "-" "KeepAliveClient" "-" 1.005 1.854
172.0.0.12 - - [19/June/2018:00:34:52 +0000] http "GET /foo?query=t HTTP/1.0" 200 2133 "-" "KeepAliveClient" "-" 1.005 1.854
172.0.0.12 - - [19/June/2018:00:34:52 +0000] http "GET /foo?query=t HTTP/1.0" 200 2133 "-" "KeepAliveClient" "-" 1.005 1.854
172.0.0.12 - - [19/June/2018:00:34:52 +0000] http "GET /foo?query=t HTTP/1.0" 200 2133 "-" "KeepAliveClient" "-" 1.005 1.854
172.0.0.12 - - [19/June/2018:00:34:52 +0000] http "GET /foo?query=t HTTP/1.0" 200 2133 "-" "KeepAliveClient" "-" 1.005 1.854
172.0.0.12 - - [19/June/2018:00:34:52 +0000] http "GET /foo?query=t HTTP/1.0" 200 2133 "-" "KeepAliveClient" "-" 1.005 1.854
172.0.0.12 - - [19/June/2018:00:34:52 +0000] http "GET /foo?query=t HTTP/1.0" 200 2133 "-" "KeepAliveClient" "-" 1.005 1.854
172.0.0.12 - - [19/June/2018:00:34:52 +0000] http "GET /foo?query=t HTTP/1.0" 200 2133 "-" "KeepAliveClient" "-" 1.005 1.854
172.0.0.12 - - [19/June/2018:00:34:52 +0000] http "GET /foo?query=t HTTP/1.0" 200 2133 "-" "KeepAliveClient" "-" 1.005 1.854
172.0.0.12 - - [19/June/2018:00:34:53 +0000] http "GET /foo?query=t HTTP/1.0" 200 2133 "-" "KeepAliveClient" "-" 1.005 1.854
172.0.0.12 - - [19/June/2018:00:34:53 +0000] http "GET /foo?query=t HTTP/1.0" 200 2133 "-" "KeepAliveClient" "-" 1.005 1.854
172.0.0.12 - - [19/June/2018:00:34:53 +0000] http "GET /foo?query=t HTTP/1.0" 200 2133 "-" "KeepAliveClient" "-" 1.005 1.854
172.0.0.12 - - [19/June/2018:00:34:53 +0000] http "GET /foo?query=t HTTP/1.0" 200 2133 "-" "KeepAliveClient" "-" 1.005 1.854
172.0.0.12 - - [19/June/2018:00:34:53 +0000] http "GET /foo?query=t HTTP/1.0" 200 2133 "-" "KeepAliveClient" "-" 1.005 1.854
172.0.0.12 - - [19/June/2018:00:34:53 +0000] http "GET /foo?query=t HTTP/1.0" 200 2133 "-" "KeepAliveClient" "-" 1.005 1.854
172.0.0.12 - - [19/June/2018:00:34:53 +0000] http "GET /foo?query=t HTTP/1.0" 200 2133 "-" "KeepAliveClient" "-" 1.005 1.854
172.0.0.12 - - [19/June/2018:00:34:53 +0000] http "GET /foo?query=t HTTP/1.0" 200 2133 "-" "KeepAliveClient" "-" 1.005 1.854
172.0.0.12 - - [19/June/2018:00:34:53 +0000] http "GET /foo?query=t HTTP/1.0" 200 2133 "-" "KeepAliveClient" "-" 1.005 1.854
172.0.0.12 - - [19/June/2018:00:34:53 +0000] http "GET /foo?query=t HTTP/1.0" 200 2133 "-" "KeepAliveClient" "-" 1.005 1.854
172.0.0.12 - - [19/June/2018:00:34:54 +0000] http "GET /foo?query=t HTTP/1.0" 200 2133 "-" "KeepAliveClient" "-" 1.005 1.854
172.0.0.12 - - [19/June/2018:00:34:54 +0000] http "GET /foo?query=t HTTP/1.0" 200 2133 "-" "KeepAliveClient" "-" 1.005 1.854
172.0.0.12 - - [19/June/2018:00:34:54 +0000] http "GET /foo?query=t HTTP/1.0" 200 2133 "-" "KeepAliveClient" "-" 1.005 1.854
172.0.0.12 - - [19/June/2018:00:34:54 +0000] http "GET /foo?query=t HTTP/1.0" 200 2133 "-" "KeepAliveClient" "-" 1.005 1.854
172.0.0.12 - - [19/June/2018:00:34:54 +0000] http "GET /foo?query=t HTTP/1.0" 200 2133 "-" "KeepAliveClient" "-" 1.005 1.854
172.0.0.12 - - [19/June/2018:00:34:54 +0000] http "GET /foo?query=t HTTP/1.0" 200 2133 "-" "KeepAliveClient" "-" 1.005 1.854
172.0.0.12 - - [19/June/2018:00:34:54 +0000] http "GET /foo?query=t HTTP/1.0" 200 2133 "-" "KeepAliveClient" "-" 1.005 1.854
172.0.0.12 - - [19/June/2018:00:34:54 +0000] http "GET /foo?query=t HTTP/1.0" 200 2133 "-" "KeepAliveClient" "-" 1.005 1.854
172.0.0.12 - - [19/June/2018:00:34:54 +0000] http "GET /foo?query=t HTTP/1.0" 200 2133 "-" "KeepAliveClient" "-" 1.005 1.854
172.0.0.12 - - [19/June/2018:00:34:54 +0000] http "GET /foo?query=t HTTP/1.0" 200 2133 "-" "KeepAliveClient" "-" 1.005 1.854
172.0.0.12 - - [19/June/2018:00:34:54 +0000] http "GET /foo?query=t HTTP/1.0" 200 2133 "-" "KeepAliveClient" "-" 1.005 1.854
172.0.0.12 - - [19/June/2018:00:34:54 +0000] http "GET /foo?query=t HTTP/1.0" 200 2133 "-" "KeepAliveClient" "-" 1.005 1.854
172.0.0.12 - - [19/June/2018:00:34:55 +0000] http "GET /foo?query=t HTTP/1.0" 200 2133 "-" "KeepAliveClient" "-" 1.005 1.854
172.0.0.12 - - [19/June/2018:00:34:55 +0000] http "GET /foo?query=t HTTP/1.0" 200 2133 "-" "KeepAliveClient" "-" 1.005 1.854
172.0.0.12 - - [19/June/2018:00:34:55 +0000] http "GET /foo?query=t HTTP/1.0" 200 2133 "-" "KeepAliveClient" "-" 1.005 1.854
172.0.0.12 - - [19/June/2018:00:34:55 +0000] http "GET /foo?query=t HTTP/1.0" 200 2133 "-" "KeepAliveClient" "-" 1.005 1.854
172.0.0.12 - - [19/June/2018:00:34:55 +0000] http "GET /foo?query=t HTTP/1.0" 200 2133 "-" "KeepAliveClient" "-" 1.005 1.854
172.0.0.12 - - [19/June/2018:00:34:55 +0000] http "GET /foo?query=t HTTP/1.0" 200 2133 "-" "KeepAliveClient" "-" 1.005 1.854
172.0.0.12 - - [19/June/2018:00:34:55 +0000] http "GET /foo?query=t HTTP/1.0" 200 2133 "-" "KeepAliveClient" "-" 1.005 1.854
172.0.0.12 - - [19/June/2018:00:34:55 +0000] http "GET /foo?query=t HTTP/1.0" 200 2133 "-" "KeepAliveClient" "-" 1.005 1.854
172.0.0.12 - - [19/June/2018:00:34:55 +0000] http "GET /foo?query=t HTTP/1.0" 200 2133 "-" "KeepAliveClient" "-" 1.005 1.854
172.0.0.12 - - [19/June/2018:00:34:55 +0000] http "GET /foo?query=t HTTP/1.0" 200 2133 "-" "KeepAliveClient" "-" 1.005 1.854
172.0.0.12 - - [19/June/2018:00:34:55 +0000] http "GET /foo?query=t HTTP/1.0" 200 2133 "-" "KeepAliveClient" "-" 1.005 1.854
172.0.0.12 - - [19/June/2018:00:34:56 +0000] http "GET /foo?query=t HTTP/1.0" 200 2133 "-" "KeepAliveClient" "-" 1.005 1.854
172.0.0.12 - - [19/June/2018:00:34:56 +0000] http "GET /foo?query=t HTTP/1.0" 200 2133 "-" "KeepAliveClient" "-" 1.005 1.854
172.0.0.12 - - [19/June/2018:00:34:56 +0000] http "GET /foo?query=t HTTP/1.0" 200 2133 "-" "KeepAliveClient" "-" 1.005 1.854
172.0.0.12 - - [19/June/2018:00:34:56 +0000] http "GET /foo?query=t HTTP/1.0" 200 2133 "-" "KeepAliveClient" "-" 1.005 1.854
172.0.0.12 - - [19/June/2018:00:34:56 +0000] http "GET /foo?query=t HTTP/1.0" 200 2133 "-" "KeepAliveClient" "-" 1.005 1.854
172.0.0.12 - - [19/June/2018:00:34:56 +0000] http "GET /foo?query=t HTTP/1.0" 200 2133 "-" "KeepAliveClient" "-" 1.005 1.854
172.0.0.12 - - [19/June/2018:00:34:56 +0000] http "GET /foo?query=t HTTP/1.0" 200 2133 "-" "KeepAliveClient" "-" 1.005 1.854
172.0.0.12 - - [19/June/2018:00:34:56 +0000] http "GET /foo?query=t HTTP/1.0" 200 2133 "-" "KeepAliveClient" "-" 1.005 1.854
172.0.0.12 - - [19/June/2018:00:34:56 +0000] http "GET /foo?query=t HTTP/1.0" 200 2133 "-" "KeepAliveClient" "-" 1.005 1.854
172.0.0.12 - - [19/June/2018:00:34:56 +0000] http "GET /foo?query=t HTTP/1.0" 200 2133 "-" "KeepAliveClient" "-" 1.005 1.854
172.0.0.12 - - [19/June/2018:00:34:56 +0000] http "GET /foo?query=t HTTP/1.0" 200 2133 "-" "KeepAliveClient" "-" 1.005 1.854
172.0.0.12 - - [19/June/2018:00:34:56 +0000] http "GET /foo?query=t HTTP/1.0" 200 2133 "-" "KeepAliveClient" "-" 1.005 1.854
172.0.0.12 - - [19/June/2018:00:34:57 +0000] http "GET /foo?query=t HTTP/1.0" 200 2133 "-" "KeepAliveClient" "-" 1.005 1.854
172.0.0.12 - - [19/June/2018:00:34:57 +0000] http "GET /foo?query=t HTTP/1.0" 200 2133 "-" "KeepAliveClient" "-" 1.005 1.854
172.0.0.12 - - [19/June/2018:00:34:57 +0000] http "GET /foo?query=t HTTP/1.0" 200 2133 "-" "KeepAliveClient" "-" 1.005 1.854
172.0.0.12 - - [19/June/2018:00:34:57 +0000] http "GET /foo?query=t HTTP/1.0" 200 2133 "-" "KeepAliveClient" "-" 1.005 1.854
172.0.0.12 - - [19/June/2018:00:34:57 +0000] http "GET /foo?query=t HTTP/1.0" 200 2133 "-" "KeepAliveClient" "-" 1.005 1.854
172.0.0.12 - - [19/June/2018:00:34:57 +0000] http "GET /foo?query=t HTTP/1.0" 200 2133 "-" "KeepAliveClient" "-" 1.005 1.854
172.0.0.12 - - [19/June/2018:00:34:57 +0000] http "GET /foo?query=t HTTP/1.0" 200 2133 "-" "KeepAliveClient" "-" 1.005 1.854
172.0.0.12 - - [19/June/2018:00:34:57 +0000] http "GET /foo?query=t HTTP/1.0" 200 2133 "-" "KeepAliveClient" "-" 1.005 1.854
172.0.0.12 - - [19/June/2018:00:34:57 +0000] http "GET /foo?query=t HTTP/1.0" 200 2133 "-" "KeepAliveClient" "-" 1.005 1.854
172.0.0.12 - - [19/June/2018:00:34:57 +0000] http "GET /foo?query=t HTTP/1.0" 200 2133 "-" "KeepAliveClient" "-" 1.005 1.854
172.0.0.12 - - [19/June/2018:00:34:57 +0000] http "GET /foo?query=t HTTP/1.0" 200 2133 "-" "KeepAliveClient" "-" 1.005 1.854
172.0.0.12 - - [19/June/2018:00:34:58 +0000] http "GET /foo?query=t HTTP/1.0" 200 2133 "-" "KeepAliveClient" "-" 1.005 1.854
172.0.0.12 - - [19/June/2018:00:34:58 +0000] http "GET /foo?query=t HTTP/1.0" 200 2133 "-" "KeepAliveClient" "-" 1.005 1.854
172.0.0.12 - - [19/June/2018:00:34:58 +0000] http "GET /foo?query=t HTTP/1.0" 200 2133 "-" "KeepAliveClient" "-" 1.005 1.854
172.0.0.12 - - [19/June/2018:00:34:58 +0000] http "GET /foo?query=t HTTP/1.0" 200 2133 "-" "KeepAliveClient" "-" 1.005 1.854
172.0.0.12 - - [19/June/2018:00:34:58 +0000] http "GET /foo?query=t HTTP/1.0" 200 2133 "-" "KeepAliveClient" "-" 1.005 1.854
172.0.0.12 - - [19/June/2018:00:34:58 +0000] http "GET /foo?query=t HTTP/1.0" 200 2133 "-" "KeepAliveClient" "-" 1.005 1.854
172.0.0.12 - - [19/June/2018:00:34:58 +0000] http "GET /foo?query=t HTTP/1.0" 200 2133 "-" "KeepAliveClient" "-" 1.005 1.854
172.0.0.12 - - [19/June/2018:00:34:58 +0000] http "GET /foo?query=t HTTP/1.0" 200 2133 "-" "KeepAliveClient" "-" 1.005 1.854
172.0.0.12 - - [19/June/2018:00:34:58 +0000] http "GET /foo?query=t HTTP/1.0" 200 2133 "-" "KeepAliveClient" "-" 1.005 1.854
172.0.0.12 - - [19/June/2018:00:34:58 +0000] http "GET /foo?query=t HTTP/1.0" 200 2133 "-" "KeepAliveClient" "-" 1.005 1.854
172.0.0.12 - - [19/June/2018:00:34:59 +0000] http "GET /foo?query=t HTTP/1.0" 200 2133 "-" "KeepAliveClient" "-" 1.005 1.854
172.0.0.12 - - [19/June/2018:00:34:59 +0000] http "GET /foo?query=t HTTP/1.0" 200 2133 "-" "KeepAliveClient" "-" 1.005 1.854
172.0.0.12 - - [19/June/2018:00:34:59 +0000] http "GET /foo?query=t HTTP/1.0" 200 2133 "-" "KeepAliveClient" "-" 1.005 1.854
172.0.0.12 - - [19/June/2018:00:34:59 +0000] http "GET /foo?query=t HTTP/1.0" 200 2133 "-" "KeepAliveClient" "-" 1.005 1.854
172.0.0.12 - - [19/June/2018:00:34:59 +0000] http "GET /foo?query=t HTTP/1.0" 200 2133 "-" "KeepAliveClient" "-" 1.005 1.854
172.0.0.12 - - [19/June/2018:00:34:59 +0000] http "GET /foo?query=t HTTP/1.0" 200 2133 "-" "KeepAliveClient" "-" 1.005 1.854
172.0.0.12 - - [19/June/2018:00:34:59 +0000] http "GET /foo?query=t HTTP/1.0" 200 2133 "-" "KeepAliveClient" "-" 1.005 1.854
172.0.0.12 - - [19/June/2018:00:34:59 +0000] http "GET /foo?query=t HTTP/1.0" 200 2133 "-" "KeepAliveClient" "-" 1.005 1.854
172.0.0.12 - - [19/June/2018:00:34:59 +0000] http "GET /foo?query=t HTTP/1.0" 200 2133 "-" "KeepAliveClient" "-" 1.005 1.854
172.0.0.12 - - [19/June/2018:00:34:59 +0000] http "GET /foo?query=t HTTP/1.0" 200 2133 "-" "KeepAliveClient" "-" 1.005 1.854
172.0.0.12 - - [19/June/2018:00:35:00 +0000] http "GET /foo?query=t HTTP/1.0" 200 2133 "-" "KeepAliveClient" "-" 1.005 1.854
172.0.0.12 - - [19/June/2018:00:35:00 +0000] http "GET /foo?query=t HTTP/1.0" 200 2133 "-" "KeepAliveClient" "-" 1.005 1.854
172.0.0.12 - - [19/June/2018:00:35:00 +0000] http "GET /foo?query=t HTTP/1.0" 200 2133 "-" "KeepAliveClient" "-" 1.005 1.854
172.0.0.12 - - [19/June/2018:00:35:00 +0000] http "GET /foo?query=t HTTP/1.0" 200 2133 "-" "KeepAliveClient" "-" 1.005 1.854
172.0.0.12 - - [19/June/2018:00:35:00 +0000] http "GET /foo?query=t HTTP/1.0" 200 2133 "-" "KeepAliveClient" "-" 1.005 1.854
172.0.0.12 - - [19/June/2018:00:35:00 +0000] http "GET /foo?query=t HTTP/1.0" 200 2133 "-" "KeepAliveClient" "-" 1.005 1.854
172.0.0.12 - - [19/June/2018:00:35:00 +0000] http "GET /foo?query=t HTTP/1.0" 200 2133 "-" "KeepAliveClient" "-" 1.005 1.854
172.0.0.12 - - [19/June/2018:00:35:00 +0000] http "GET /foo?query=t HTTP/1.0" 200 2133 "-" "KeepAliveClient" "-" 1.005 1.854
172.0.0.12 - - [19/June/2018:00:35:00 +0000] http "GET /foo?query=t HTTP/1.0" 200 2133 "-" "KeepAliveClient" "-" 1.005 1.854
172.0.0.12 - - [19/June/2018:00:35:00 +0000] http "GET /foo?query=t HTTP/1.0" 200 2133 "-" "KeepAliveClient" "-" 1.005 1.854
172.0.0.12 - - [19/June/2018:00:35:01 +0000] http "GET /foo?query=t HTTP/1.0" 200 2133 "-" "KeepAliveClient" "-" 1.005 1.854
172.0.0.12 - - [19/June/2018:00:35:01 +0000] http "GET /foo?query=t HTTP/1.0" 200 2133 "-" "KeepAliveClient" "-" 1.005 1.854
172.0.0.12 - - [19/June/2018:00:35:01 +0000] http "GET /foo?query=t HTTP/1.0" 200 2133 "-" "KeepAliveClient" "-" 1.005 1.854
172.0.0.12 - - [19/June/2018:00:35:01 +0000] http "GET /foo?query=t HTTP/1.0" 200 2133 "-" "KeepAliveClient" "-" 1.005 1.854
172.0.0.12 - - [19/June/2018:00:35:01 +0000] http "GET /foo?query=t HTTP/1.0" 200 2133 "-" "KeepAliveClient" "-" 1.005 1.854
172.0.0.12 - - [19/June/2018:00:35:01 +0000] http "GET /foo?query=t HTTP/1.0" 200 2133 "-" "KeepAliveClient" "-" 1.005 1.854
172.0.0.12 - - [19/June/2018:00:35:01 +0000] http "GET /foo?query=t HTTP/1.0" 200 2133 "-" "KeepAliveClient" "-" 1.005 1.854
172.0.0.12 - - [19/June/2018:00:35:01 +0000] http "GET /foo?query=t HTTP/1.0" 200 2133 "-" "KeepAliveClient" "-" 1.005 1.854
172.0.0.12 - - [19/June/2018:00:35:02 +0000] http "GET /foo?query=t HTTP/1.0" 200 2133 "-" "KeepAliveClient" "-" 1.005 1.854
172.0.0.12 - - [19/June/2018:00:35:02 +0000] http "GET /foo?query=t HTTP/1.0" 200 2133 "-" "KeepAliveClient" "-" 1.005 1.854
172.0.0.12 - - [19/June/2018:00:35:02 +0000] http "GET /foo?query=t HTTP/1.0" 200 2133 "-" "KeepAliveClient" "-" 1.005 1.854
172.0.0.12 - - [19/June/2018:00:35:02 +0000] http "GET /foo?query=t HTTP/1.0" 200 2133 "-" "KeepAliveClient" "-" 1.005 1.854
172.0.0.12 - - [19/June/2018:00:35:02 +0000] http "GET /foo?query=t HTTP/1.0" 200 2133 "-" "KeepAliveClient" "-" 1.005 1.854
172.0.0.12 - - [19/June/2018:00:35:02 +0000] http "GET /foo?query=t HTTP/1.0" 200 2133 "-" "KeepAliveClient" "-" 1.005 1.854
172.0.0.12 - - [19/June/2018:00:35:02 +0000] http "GET /foo?query=t HTTP/1.0" 200 2133 "-" "KeepAliveClient" "-" 1.005 1.854
172.0.0.12 - - [19/June/2018:00:35:02 +0000] http "GET /foo?query=t HTTP/1.0" 200 2133 "-" "KeepAliveClient" "-" 1.005 1.854
172.0.0.12 - - [19/June/2018:00:35:02 +0000] http "GET /foo?query=t HTTP/1.0" 200 2133 "-" "KeepAliveClient" "-" 1.005 1.854
172.0.0.12 - - [19/June/2018:00:35:02 +0000] http "GET /foo?query=t HTTP/1.0" 200 2133 "-" "KeepAliveClient" "-" 1.005 1.854
172.0.0.12 - - [19/June/2018:00:35:02 +0000] http "GET /foo?query=t HTTP/1.0" 200 2133 "-" "KeepAliveClient" "-" 1.005 1.854
172.0.0.12 - - [19/June/2018:00:35:02 +0000] http "GET /foo?query=t HTTP/1.0" 200 2133 "-" "KeepAliveClient" "-" 1.005 1.854
172.0.0.12 - - [19/June/2018:00:35:03 +0000] http "GET /foo?query=t HTTP/1.0" 200 2133 "-" "KeepAliveClient" "-" 1.005 1.854
172.0.0.12 - - [19/June/2018:00:35:03 +0000] http "GET /foo?query=t HTTP/1.0" 200 2133 "-" "KeepAliveClient" "-" 1.005 1.854
172.0.0.12 - - [19/June/2018:00:35:03 +0000] http "GET /foo?query=t HTTP/1.0" 200 2133 "-" "KeepAliveClient" "-" 1.005 1.854
